{
  "overviewData": {
    "dailyCost": 0,
    "dailyDegradationCost": 0,
    "dailyProfit": 0,
    "profit": 0,
    "roi": "Infinity",
    "totalConstructionCost": 174616.2416,
  },
  "result": {
    "area": {
      "areaLeft": 975,
      "areaTotal": 1000,
      "areaUsed": 25,
      "permits": 3,
    },
    "cogc": "RESOURCE_EXTRACTION",
    "constructionMaterials": [
      {
        "amount": 1,
        "materials": [
          {
            "input": 12,
            "output": 0,
            "ticker": "PSL",
          },
          {
            "input": 4,
            "output": 0,
            "ticker": "LDE",
          },
          {
            "input": 8,
            "output": 0,
            "ticker": "TRU",
          },
          {
            "input": 4,
            "output": 0,
            "ticker": "LTA",
          },
          {
            "input": 4,
            "output": 0,
            "ticker": "LSE",
          },
          {
            "input": 100,
            "output": 0,
            "ticker": "MCG",
          },
        ],
        "ticker": "CM",
      },
    ],
    "corphq": false,
    "cost": 0,
    "done": true,
    "experts": {
      "Agriculture": {
        "amount": 3,
        "bonus": 0.1248,
        "name": "Agriculture",
      },
      "Chemistry": {
        "amount": 0,
        "bonus": 0,
        "name": "Chemistry",
      },
      "Construction": {
        "amount": 0,
        "bonus": 0,
        "name": "Construction",
      },
      "Electronics": {
        "amount": 0,
        "bonus": 0,
        "name": "Electronics",
      },
      "Food_Industries": {
        "amount": 2,
        "bonus": 0.0696,
        "name": "Food_Industries",
      },
      "Fuel_Refining": {
        "amount": 0,
        "bonus": 0,
        "name": "Fuel_Refining",
      },
      "Manufacturing": {
        "amount": 0,
        "bonus": 0,
        "name": "Manufacturing",
      },
      "Metallurgy": {
        "amount": 0,
        "bonus": 0,
        "name": "Metallurgy",
      },
      "Resource_Extraction": {
        "amount": 1,
        "bonus": 0.0306,
        "name": "Resource_Extraction",
      },
    },
    "infrastructure": {
      "HB1": 0,
      "HB2": 0,
      "HB3": 0,
      "HB4": 0,
      "HB5": 0,
      "HBB": 0,
      "HBC": 0,
      "HBL": 0,
      "HBM": 0,
      "STA": 0,
      "STE": 0,
      "STO": 0,
      "STV": 0,
      "STW": 0,
    },
    "infrastructureCosts": {
      "HB1": 21377.66409,
      "HB2": 19220.93313,
      "HB3": 158536.0945,
      "HB4": 496865.0725,
      "HB5": 880261.1048,
      "HBB": 55449.76941,
      "HBC": 177654.6256,
      "HBL": 1220806.04,
      "HBM": 784941.0274,
      "STA": 17688.41201,
      "STE": 5454872.383,
      "STO": 35236.25657,
      "STV": 171967.5716,
      "STW": 578210.9748,
    },
    "materialio": [],
    "production": {
      "buildings": [],
      "materialio": [],
    },
    "productionMaterialIO": [],
    "profit": 0,
    "revenue": 0,
    "storage": {
      "STA": 0,
      "STE": 0,
      "STO": 0,
      "STV": 0,
      "STW": 0,
    },
    "workforce": {
      "engineer": {
        "capacity": 0,
        "efficiency": 0,
        "left": 0,
        "lux1": false,
        "lux2": false,
        "name": "engineer",
        "required": 0,
      },
      "pioneer": {
        "capacity": 0,
        "efficiency": 0,
        "left": 0,
        "lux1": true,
        "lux2": true,
        "name": "pioneer",
        "required": 0,
      },
      "scientist": {
        "capacity": 0,
        "efficiency": 0,
        "left": 0,
        "lux1": false,
        "lux2": false,
        "name": "scientist",
        "required": 0,
      },
      "settler": {
        "capacity": 0,
        "efficiency": 0,
        "left": 0,
        "lux1": true,
        "lux2": true,
        "name": "settler",
        "required": 0,
      },
      "technician": {
        "capacity": 0,
        "efficiency": 0,
        "left": 0,
        "lux1": false,
        "lux2": false,
        "name": "technician",
        "required": 0,
      },
    },
    "workforceMaterialIO": [],
  },
  "visitationData": {
    "dailyVolume": 0,
    "dailyVolumeExport": 0,
    "dailyVolumeImport": 0,
    "dailyWeight": 0,
    "dailyWeightExport": 0,
    "dailyWeightImport": 0,
    "storageFilled": "Infinity",
  },
}