{
  "overviewData": {
    "dailyCost": 38841.77994,
    "dailyDegradationCost": 13405.09521,
    "dailyProfit": 204642.664,
    "profit": 152395.7889,
    "roi": 20.67472513,
    "totalConstructionCost": 3150741.046,
  },
  "result": {
    "area": {
      "areaLeft": 6,
      "areaTotal": 1000,
      "areaUsed": 994,
      "permits": 3,
    },
    "cogc": "RESOURCE_EXTRACTION",
    "constructionMaterials": [
      {
        "amount": 1,
        "materials": [
          {
            "input": 16,
            "output": 0,
            "ticker": "BSE",
          },
          {
            "input": 100,
            "output": 0,
            "ticker": "MCG",
          },
        ],
        "ticker": "EXT",
      },
      {
        "amount": 19,
        "materials": [
          {
            "input": 3,
            "output": 0,
            "ticker": "BBH",
          },
          {
            "input": 3,
            "output": 0,
            "ticker": "BDE",
          },
          {
            "input": 3,
            "output": 0,
            "ticker": "BSE",
          },
          {
            "input": 48,
            "output": 0,
            "ticker": "MCG",
          },
        ],
        "ticker": "FP",
      },
      {
        "amount": 11,
        "materials": [
          {
            "input": 4,
            "output": 0,
            "ticker": "TRU",
          },
          {
            "input": 2,
            "output": 0,
            "ticker": "BSE",
          },
          {
            "input": 16,
            "output": 0,
            "ticker": "MHL",
          },
          {
            "input": 4,
            "output": 0,
            "ticker": "LBH",
          },
          {
            "input": 60,
            "output": 0,
            "ticker": "MCG",
          },
        ],
        "ticker": "HYF",
      },
      {
        "amount": 7,
        "materials": [
          {
            "input": 2,
            "output": 0,
            "ticker": "BDE",
          },
          {
            "input": 4,
            "output": 0,
            "ticker": "BSE",
          },
          {
            "input": 3,
            "output": 0,
            "ticker": "BBH",
          },
          {
            "input": 1,
            "output": 0,
            "ticker": "BTA",
          },
          {
            "input": 40,
            "output": 0,
            "ticker": "MCG",
          },
        ],
        "ticker": "INC",
      },
      {
        "amount": 21,
        "materials": [
          {
            "input": 12,
            "output": 0,
            "ticker": "BSE",
          },
          {
            "input": 40,
            "output": 0,
            "ticker": "MCG",
          },
        ],
        "ticker": "RIG",
      },
      {
        "amount": 1,
        "materials": [
          {
            "input": 12,
            "output": 0,
            "ticker": "PSL",
          },
          {
            "input": 4,
            "output": 0,
            "ticker": "LDE",
          },
          {
            "input": 8,
            "output": 0,
            "ticker": "TRU",
          },
          {
            "input": 4,
            "output": 0,
            "ticker": "LTA",
          },
          {
            "input": 4,
            "output": 0,
            "ticker": "LSE",
          },
          {
            "input": 100,
            "output": 0,
            "ticker": "MCG",
          },
        ],
        "ticker": "CM",
      },
      {
        "amount": 22,
        "materials": [
          {
            "input": 1,
            "output": 0,
            "ticker": "BTA",
          },
          {
            "input": 2,
            "output": 0,
            "ticker": "BDE",
          },
          {
            "input": 2,
            "output": 0,
            "ticker": "BSE",
          },
          {
            "input": 4,
            "output": 0,
            "ticker": "BBH",
          },
          {
            "input": 40,
            "output": 0,
            "ticker": "MCG",
          },
        ],
        "ticker": "HB1",
      },
      {
        "amount": 3,
        "materials": [
          {
            "input": 2,
            "output": 0,
            "ticker": "BSE",
          },
          {
            "input": 2,
            "output": 0,
            "ticker": "BBH",
          },
          {
            "input": 2,
            "output": 0,
            "ticker": "BDE",
          },
          {
            "input": 2,
            "output": 0,
            "ticker": "BTA",
          },
          {
            "input": 2,
            "output": 0,
            "ticker": "TRU",
          },
          {
            "input": 48,
            "output": 0,
            "ticker": "MCG",
          },
        ],
        "ticker": "HB2",
      },
      {
        "amount": 1,
        "materials": [
          {
            "input": 2,
            "output": 0,
            "ticker": "BSE",
          },
          {
            "input": 6,
            "output": 0,
            "ticker": "BDE",
          },
          {
            "input": 6,
            "output": 0,
            "ticker": "BBH",
          },
          {
            "input": 60,
            "output": 0,
            "ticker": "MCG",
          },
        ],
        "ticker": "STO",
      },
    ],
    "corphq": true,
    "cost": 52246.87515,
    "done": true,
    "experts": {
      "Agriculture": {
        "amount": 3,
        "bonus": 0.1248,
        "name": "Agriculture",
      },
      "Chemistry": {
        "amount": 0,
        "bonus": 0,
        "name": "Chemistry",
      },
      "Construction": {
        "amount": 0,
        "bonus": 0,
        "name": "Construction",
      },
      "Electronics": {
        "amount": 0,
        "bonus": 0,
        "name": "Electronics",
      },
      "Food_Industries": {
        "amount": 2,
        "bonus": 0.0696,
        "name": "Food_Industries",
      },
      "Fuel_Refining": {
        "amount": 0,
        "bonus": 0,
        "name": "Fuel_Refining",
      },
      "Manufacturing": {
        "amount": 0,
        "bonus": 0,
        "name": "Manufacturing",
      },
      "Metallurgy": {
        "amount": 0,
        "bonus": 0,
        "name": "Metallurgy",
      },
      "Resource_Extraction": {
        "amount": 1,
        "bonus": 0.0306,
        "name": "Resource_Extraction",
      },
    },
    "infrastructure": {
      "HB1": 22,
      "HB2": 3,
      "HB3": 0,
      "HB4": 0,
      "HB5": 0,
      "HBB": 0,
      "HBC": 0,
      "HBL": 0,
      "HBM": 0,
      "STA": 0,
      "STE": 0,
      "STO": 1,
      "STV": 0,
      "STW": 0,
    },
    "infrastructureCosts": {
      "HB1": 21377.66409,
      "HB2": 19220.93313,
      "HB3": 158536.0945,
      "HB4": 496865.0725,
      "HB5": 880261.1048,
      "HBB": 55449.76941,
      "HBC": 177654.6256,
      "HBL": 1220806.04,
      "HBM": 784941.0274,
      "STA": 17688.41201,
      "STE": 5454872.383,
      "STO": 35236.25657,
      "STV": 171967.5716,
      "STW": 578210.9748,
    },
    "materialio": [
      {
        "delta": 60.11833333,
        "individualVolume": 1,
        "individualWeight": 2.25,
        "input": 0,
        "output": 60.11833333,
        "price": 58381.44796,
        "ticker": "C",
        "totalVolume": 60.11833333,
        "totalWeight": 135.26625,
      },
      {
        "delta": 1.601690256,
        "individualVolume": 1,
        "individualWeight": 0.8600000143,
        "input": 29.80618667,
        "output": 31.40787692,
        "price": 2827.040808,
        "ticker": "CAF",
        "totalVolume": 1.601690256,
        "totalWeight": 1.377453643,
      },
      {
        "delta": 78.56856,
        "individualVolume": 0.1000000015,
        "individualWeight": 0.1000000015,
        "input": 10.85,
        "output": 89.41856,
        "price": 76142.79133,
        "ticker": "COF",
        "totalVolume": 7.856856117,
        "totalWeight": 7.856856117,
      },
      {
        "delta": 230.0680533,
        "individualVolume": 0.1000000015,
        "individualWeight": 0.1000000015,
        "input": 187.21856,
        "output": 417.2866133,
        "price": 25936.59134,
        "ticker": "DW",
        "totalVolume": 23.00680568,
        "totalWeight": 23.00680568,
      },
      {
        "delta": -1.1,
        "individualVolume": 0.05000000075,
        "individualWeight": 0.1000000015,
        "input": 1.1,
        "output": 0,
        "price": -342.8792697,
        "ticker": "EXO",
        "totalVolume": -0.05500000082,
        "totalWeight": -0.1100000016,
      },
      {
        "delta": 9.874989409,
        "individualVolume": 0.200000003,
        "individualWeight": 0.200000003,
        "input": 1239.98521,
        "output": 1249.8602,
        "price": 465.3870205,
        "ticker": "H2O",
        "totalVolume": 1.974997911,
        "totalWeight": 1.974997911,
      },
      {
        "delta": 2.697420513,
        "individualVolume": 1,
        "individualWeight": 0.8000000119,
        "input": 60.11833333,
        "output": 62.81575385,
        "price": 1100.903329,
        "ticker": "HCP",
        "totalVolume": 2.697420513,
        "totalWeight": 2.157936442,
      },
      {
        "delta": -2.2,
        "individualVolume": 0.1000000015,
        "individualWeight": 0.1000000015,
        "input": 2.2,
        "output": 0,
        "price": -2295.578694,
        "ticker": "KOM",
        "totalVolume": -0.2200000033,
        "totalWeight": -0.2200000033,
      },
      {
        "delta": 2.950400513,
        "individualVolume": 1,
        "individualWeight": 1.299999952,
        "input": 59.86535333,
        "output": 62.81575385,
        "price": 1213.229974,
        "ticker": "MAI",
        "totalVolume": 2.950400513,
        "totalWeight": 3.835520526,
      },
      {
        "delta": 1.601690256,
        "individualVolume": 1,
        "individualWeight": 0.8000000119,
        "input": 29.80618667,
        "output": 31.40787692,
        "price": 470.3098863,
        "ticker": "MUS",
        "totalVolume": 1.601690256,
        "totalWeight": 1.281352224,
      },
      {
        "delta": -81.13701538,
        "individualVolume": 0.5,
        "individualWeight": 0.6000000238,
        "input": 81.13701538,
        "output": 0,
        "price": -32433.09318,
        "ticker": "NS",
        "totalVolume": -40.56850769,
        "totalWeight": -48.68221117,
      },
      {
        "delta": -10.85,
        "individualVolume": 0.02500000037,
        "individualWeight": 0.01999999955,
        "input": 10.85,
        "output": 0,
        "price": -1324.094014,
        "ticker": "OVE",
        "totalVolume": -0.271250004,
        "totalWeight": -0.2169999951,
      },
      {
        "delta": -1.1,
        "individualVolume": 0.200000003,
        "individualWeight": 0.25,
        "input": 1.1,
        "output": 0,
        "price": -609.2164368,
        "ticker": "PT",
        "totalVolume": -0.2200000033,
        "totalWeight": -0.275,
      },
      {
        "delta": -4.34,
        "individualVolume": 0.05000000075,
        "individualWeight": 0.05000000075,
        "input": 4.34,
        "output": 0,
        "price": -1514.637703,
        "ticker": "PWO",
        "totalVolume": -0.2170000032,
        "totalWeight": -0.2170000032,
      },
      {
        "delta": 198.0618667,
        "individualVolume": 0.1000000015,
        "individualWeight": 0.2099999934,
        "input": 100,
        "output": 298.0618667,
        "price": 32327.06008,
        "ticker": "RAT",
        "totalVolume": 19.80618696,
        "totalWeight": 41.5929907,
      },
      {
        "delta": -0.44,
        "individualVolume": 0.002000000095,
        "individualWeight": 0.006000000052,
        "input": 0.44,
        "output": 0,
        "price": -322.2806406,
        "ticker": "REP",
        "totalVolume": -0.0008800000418,
        "totalWeight": -0.002640000023,
      },
      {
        "delta": 29.75857618,
        "individualVolume": 1,
        "individualWeight": 1.789999962,
        "input": 0,
        "output": 29.75857618,
        "price": 5159.456786,
        "ticker": "SIO",
        "totalVolume": 29.75857618,
        "totalWeight": 53.26785023,
      },
      {
        "delta": 1.601690256,
        "individualVolume": 1,
        "individualWeight": 1.100000024,
        "input": 29.80618667,
        "output": 31.40787692,
        "price": 618.4455342,
        "ticker": "VEG",
        "totalVolume": 1.601690256,
        "totalWeight": 1.76185932,
      },
    ],
    "production": {
      "buildings": [
        {
          "activeRecipes": [
            {
              "amount": 1,
              "cogm": {
                "degradation": 180.8367962,
                "degradationShare": 66.8447558,
                "efficiency": 1.417075,
                "inputCost": [],
                "inputTotal": 0,
                "outputCOGM": [
                  {
                    "amount": 11,
                    "costSplit": 40.73945259,
                    "costTotal": 40.73945259,
                    "ticker": "SIO",
                  },
                ],
                "outputRevenue": 1907.148524,
                "runtime": 31937011.84,
                "runtimeShare": 0.3696413408,
                "totalCost": 448.1339784,
                "totalProfit": 1459.014546,
                "visible": false,
                "workforceCost": 381.2892226,
                "workforceCostTotal": 1031.511307,
              },
              "dailyShare": 1,
              "recipe": {
                "building_ticker": "EXT",
                "dailyRevenue": 0,
                "inputs": [],
                "outputs": [
                  {
                    "material_amount": 11,
                    "material_ticker": "SIO",
                  },
                ],
                "profitPerArea": 0,
                "recipe_id": "EXT#SIO",
                "recipe_name": "EXT",
                "roi": 0,
                "time_ms": 45257141.06,
              },
              "recipeId": "EXT#SIO",
              "time": 31937011.84,
            },
          ],
          "amount": 1,
          "areaUsed": 25,
          "constructionCost": -32550.62331,
          "constructionMaterials": [
            {
              "input": 16,
              "output": 0,
              "ticker": "BSE",
            },
            {
              "input": 100,
              "output": 0,
              "ticker": "MCG",
            },
          ],
          "dailyRevenue": 3947.108683,
          "efficiencyElements": [
            {
              "efficiencyType": "HQ",
              "value": 1.1,
            },
            {
              "efficiencyType": "COGC",
              "value": 1.25,
            },
            {
              "efficiencyType": "EXPERT",
              "value": 1.0306,
            },
            {
              "efficiencyType": "WORKFORCE",
              "value": 1,
            },
          ],
          "expertise": "RESOURCE_EXTRACTION",
          "name": "EXT",
          "recipeOptions": [
            {
              "building_ticker": "EXT",
              "dailyRevenue": 3947.108683,
              "inputs": [],
              "outputs": [
                {
                  "material_amount": 11,
                  "material_ticker": "SIO",
                },
              ],
              "profitPerArea": 114.1725652,
              "recipe_id": "EXT#SIO",
              "recipe_name": "EXT",
              "roi": 8.246700542,
              "time_ms": 31937011.84,
            },
          ],
          "totalBatchTime": 31937011.84,
          "totalEfficiency": 1.417075,
          "workforceDailyCost": -1031.511307,
          "workforceMaterials": [
            {
              "input": 2.4,
              "output": 0,
              "ticker": "DW",
            },
            {
              "input": 2.4,
              "output": 0,
              "ticker": "RAT",
            },
            {
              "input": 0.3,
              "output": 0,
              "ticker": "OVE",
            },
            {
              "input": 0.12,
              "output": 0,
              "ticker": "PWO",
            },
            {
              "input": 0.3,
              "output": 0,
              "ticker": "COF",
            },
          ],
        },
        {
          "activeRecipes": [
            {
              "amount": 2,
              "cogm": {
                "degradation": 121.5568691,
                "degradationShare": 10.33154868,
                "efficiency": 1.17656,
                "inputCost": [
                  {
                    "amount": 10,
                    "costTotal": 471.2785009,
                    "costUnit": 47.12785009,
                    "ticker": "H2O",
                  },
                ],
                "inputTotal": 471.2785009,
                "outputCOGM": [
                  {
                    "amount": 7,
                    "costSplit": 77.15113071,
                    "costTotal": 77.15113071,
                    "ticker": "DW",
                  },
                ],
                "outputRevenue": 789.1410247,
                "runtime": 7343441.898,
                "runtimeShare": 0.08499354049,
                "totalCost": 540.057915,
                "totalProfit": 249.0831097,
                "visible": false,
                "workforceCost": 58.44786537,
                "workforceCostTotal": 687.6742048,
              },
              "dailyShare": 0.2666666667,
              "recipe": {
                "building_ticker": "FP",
                "dailyRevenue": 0,
                "inputs": [
                  {
                    "material_amount": 10,
                    "material_ticker": "H2O",
                  },
                ],
                "outputs": [
                  {
                    "material_amount": 7,
                    "material_ticker": "DW",
                  },
                ],
                "profitPerArea": 0,
                "recipe_id": "FP#10xH2O=>7xDW",
                "recipe_name": "10xH2O=>7xDW",
                "roi": 0,
                "time_ms": 8640000,
              },
              "recipeId": "FP#10xH2O=>7xDW",
              "time": 14686883.8,
            },
            {
              "amount": 1,
              "cogm": {
                "degradation": 121.5568691,
                "degradationShare": 30.99464603,
                "efficiency": 1.17656,
                "inputCost": [
                  {
                    "amount": 1,
                    "costTotal": 1765.035903,
                    "costUnit": 1765.035903,
                    "ticker": "CAF",
                  },
                  {
                    "amount": 3,
                    "costTotal": 338.2032963,
                    "costUnit": 112.7344321,
                    "ticker": "DW",
                  },
                ],
                "inputTotal": 2103.239199,
                "outputCOGM": [
                  {
                    "amount": 3,
                    "costSplit": 769.8591472,
                    "costTotal": 769.8591472,
                    "ticker": "COF",
                  },
                ],
                "outputRevenue": 2907.37636,
                "runtime": 22030325.7,
                "runtimeShare": 0.2549806215,
                "totalCost": 2309.577442,
                "totalProfit": 597.7989186,
                "visible": false,
                "workforceCost": 175.3435961,
                "workforceCostTotal": 687.6742048,
              },
              "dailyShare": 0.4,
              "recipe": {
                "building_ticker": "FP",
                "dailyRevenue": 0,
                "inputs": [
                  {
                    "material_amount": 3,
                    "material_ticker": "DW",
                  },
                  {
                    "material_amount": 1,
                    "material_ticker": "CAF",
                  },
                ],
                "outputs": [
                  {
                    "material_amount": 3,
                    "material_ticker": "COF",
                  },
                ],
                "profitPerArea": 0,
                "recipe_id": "FP#1xCAF 3xDW=>3xCOF",
                "recipe_name": "1xCAF 3xDW=>3xCOF",
                "roi": 0,
                "time_ms": 25920000,
              },
              "recipeId": "FP#1xCAF 3xDW=>3xCOF",
              "time": 22030325.7,
            },
            {
              "amount": 1,
              "cogm": {
                "degradation": 121.5568691,
                "degradationShare": 25.82887169,
                "efficiency": 1.17656,
                "inputCost": [
                  {
                    "amount": 1,
                    "costTotal": 411.2085693,
                    "costUnit": 411.2085693,
                    "ticker": "MAI",
                  },
                  {
                    "amount": 1,
                    "costTotal": 293.6334815,
                    "costUnit": 293.6334815,
                    "ticker": "MUS",
                  },
                  {
                    "amount": 1,
                    "costTotal": 386.1205572,
                    "costUnit": 386.1205572,
                    "ticker": "VEG",
                  },
                ],
                "inputTotal": 1090.962608,
                "outputCOGM": [
                  {
                    "amount": 10,
                    "costSplit": 126.2911143,
                    "costTotal": 126.2911143,
                    "ticker": "RAT",
                  },
                ],
                "outputRevenue": 1632.169818,
                "runtime": 18358604.75,
                "runtimeShare": 0.2124838512,
                "totalCost": 1262.911143,
                "totalProfit": 369.2586746,
                "visible": false,
                "workforceCost": 146.1196634,
                "workforceCostTotal": 687.6742048,
              },
              "dailyShare": 0.3333333333,
              "recipe": {
                "building_ticker": "FP",
                "dailyRevenue": 0,
                "inputs": [
                  {
                    "material_amount": 1,
                    "material_ticker": "VEG",
                  },
                  {
                    "material_amount": 1,
                    "material_ticker": "MAI",
                  },
                  {
                    "material_amount": 1,
                    "material_ticker": "MUS",
                  },
                ],
                "outputs": [
                  {
                    "material_amount": 10,
                    "material_ticker": "RAT",
                  },
                ],
                "profitPerArea": 0,
                "recipe_id": "FP#1xMUS 1xVEG 1xMAI=>10xRAT",
                "recipe_name": "1xMUS 1xVEG 1xMAI=>10xRAT",
                "roi": 0,
                "time_ms": 21600000,
              },
              "recipeId": "FP#1xMUS 1xVEG 1xMAI=>10xRAT",
              "time": 18358604.75,
            },
          ],
          "amount": 19,
          "areaUsed": 228,
          "constructionCost": -21880.23644,
          "constructionMaterials": [
            {
              "input": 3,
              "output": 0,
              "ticker": "BBH",
            },
            {
              "input": 3,
              "output": 0,
              "ticker": "BDE",
            },
            {
              "input": 3,
              "output": 0,
              "ticker": "BSE",
            },
            {
              "input": 48,
              "output": 0,
              "ticker": "MCG",
            },
          ],
          "dailyRevenue": 43672.73447,
          "efficiencyElements": [
            {
              "efficiencyType": "HQ",
              "value": 1.1,
            },
            {
              "efficiencyType": "EXPERT",
              "value": 1.0696,
            },
            {
              "efficiencyType": "WORKFORCE",
              "value": 1,
            },
          ],
          "expertise": "FOOD_INDUSTRIES",
          "name": "FP",
          "recipeOptions": [
            {
              "building_ticker": "FP",
              "dailyRevenue": 2768.698804,
              "inputs": [
                {
                  "material_amount": 10,
                  "material_ticker": "H2O",
                },
                {
                  "material_amount": 1,
                  "material_ticker": "PG",
                },
              ],
              "outputs": [
                {
                  "material_amount": 10,
                  "material_ticker": "DW",
                },
              ],
              "profitPerArea": 156.2975131,
              "recipe_id": "FP#10xH2O 1xPG=>10xDW",
              "recipe_name": "10xH2O 1xPG=>10xDW",
              "roi": 7.902714593,
              "time_ms": 14686883.8,
            },
            {
              "building_ticker": "FP",
              "dailyRevenue": 2930.612236,
              "inputs": [
                {
                  "material_amount": 10,
                  "material_ticker": "H2O",
                },
              ],
              "outputs": [
                {
                  "material_amount": 7,
                  "material_ticker": "DW",
                },
              ],
              "profitPerArea": 165.4377875,
              "recipe_id": "FP#10xH2O=>7xDW",
              "recipe_name": "10xH2O=>7xDW",
              "roi": 7.466097415,
              "time_ms": 7343441.898,
            },
            {
              "building_ticker": "FP",
              "dailyRevenue": 1701.490636,
              "inputs": [
                {
                  "material_amount": 1,
                  "material_ticker": "BEA",
                },
                {
                  "material_amount": 1,
                  "material_ticker": "ALG",
                },
                {
                  "material_amount": 1,
                  "material_ticker": "H2O",
                },
              ],
              "outputs": [
                {
                  "material_amount": 6,
                  "material_ticker": "PPA",
                },
              ],
              "profitPerArea": 96.05189076,
              "recipe_id": "FP#1xALG 1xH2O 1xBEA=>6xPPA",
              "recipe_name": "1xALG 1xH2O 1xBEA=>6xPPA",
              "roi": 12.85945157,
              "time_ms": 36717209.49,
            },
            {
              "building_ticker": "FP",
              "dailyRevenue": 2344.487652,
              "inputs": [
                {
                  "material_amount": 3,
                  "material_ticker": "DW",
                },
                {
                  "material_amount": 1,
                  "material_ticker": "CAF",
                },
              ],
              "outputs": [
                {
                  "material_amount": 3,
                  "material_ticker": "COF",
                },
              ],
              "profitPerArea": 132.3501094,
              "recipe_id": "FP#1xCAF 3xDW=>3xCOF",
              "recipe_name": "1xCAF 3xDW=>3xCOF",
              "roi": 9.332630273,
              "time_ms": 22030325.7,
            },
            {
              "building_ticker": "FP",
              "dailyRevenue": 1641.256487,
              "inputs": [
                {
                  "material_amount": 1,
                  "material_ticker": "GRN",
                },
                {
                  "material_amount": 1,
                  "material_ticker": "NUT",
                },
                {
                  "material_amount": 1,
                  "material_ticker": "ALG",
                },
              ],
              "outputs": [
                {
                  "material_amount": 10,
                  "material_ticker": "RAT",
                },
              ],
              "profitPerArea": 92.65157589,
              "recipe_id": "FP#1xGRN 1xALG 1xNUT=>10xRAT",
              "recipe_name": "1xGRN 1xALG 1xNUT=>10xRAT",
              "roi": 13.33139373,
              "time_ms": 18358604.75,
            },
            {
              "building_ticker": "FP",
              "dailyRevenue": 1550.500208,
              "inputs": [
                {
                  "material_amount": 1,
                  "material_ticker": "ALG",
                },
                {
                  "material_amount": 1,
                  "material_ticker": "VEG",
                },
                {
                  "material_amount": 1,
                  "material_ticker": "GRN",
                },
              ],
              "outputs": [
                {
                  "material_amount": 10,
                  "material_ticker": "RAT",
                },
              ],
              "profitPerArea": 87.52823752,
              "recipe_id": "FP#1xGRN 1xALG 1xVEG=>10xRAT",
              "recipe_name": "1xGRN 1xALG 1xVEG=>10xRAT",
              "roi": 14.11172751,
              "time_ms": 18358604.75,
            },
            {
              "building_ticker": "FP",
              "dailyRevenue": 1660.601365,
              "inputs": [
                {
                  "material_amount": 1,
                  "material_ticker": "GRN",
                },
                {
                  "material_amount": 1,
                  "material_ticker": "NUT",
                },
                {
                  "material_amount": 1,
                  "material_ticker": "BEA",
                },
              ],
              "outputs": [
                {
                  "material_amount": 10,
                  "material_ticker": "RAT",
                },
              ],
              "profitPerArea": 93.74362543,
              "recipe_id": "FP#1xGRN 1xBEA 1xNUT=>10xRAT",
              "recipe_name": "1xGRN 1xBEA 1xNUT=>10xRAT",
              "roi": 13.17609205,
              "time_ms": 18358604.75,
            },
            {
              "building_ticker": "FP",
              "dailyRevenue": 1569.845085,
              "inputs": [
                {
                  "material_amount": 1,
                  "material_ticker": "BEA",
                },
                {
                  "material_amount": 1,
                  "material_ticker": "VEG",
                },
                {
                  "material_amount": 1,
                  "material_ticker": "GRN",
                },
              ],
              "outputs": [
                {
                  "material_amount": 10,
                  "material_ticker": "RAT",
                },
              ],
              "profitPerArea": 88.62028706,
              "recipe_id": "FP#1xGRN 1xBEA 1xVEG=>10xRAT",
              "recipe_name": "1xGRN 1xBEA 1xVEG=>10xRAT",
              "roi": 13.9378316,
              "time_ms": 18358604.75,
            },
            {
              "building_ticker": "FP",
              "dailyRevenue": 1627.257035,
              "inputs": [
                {
                  "material_amount": 1,
                  "material_ticker": "NUT",
                },
                {
                  "material_amount": 1,
                  "material_ticker": "ALG",
                },
                {
                  "material_amount": 1,
                  "material_ticker": "MAI",
                },
              ],
              "outputs": [
                {
                  "material_amount": 10,
                  "material_ticker": "RAT",
                },
              ],
              "profitPerArea": 91.86128424,
              "recipe_id": "FP#1xMAI 1xALG 1xNUT=>10xRAT",
              "recipe_name": "1xMAI 1xALG 1xNUT=>10xRAT",
              "roi": 13.44608502,
              "time_ms": 18358604.75,
            },
            {
              "building_ticker": "FP",
              "dailyRevenue": 1536.500755,
              "inputs": [
                {
                  "material_amount": 1,
                  "material_ticker": "MAI",
                },
                {
                  "material_amount": 1,
                  "material_ticker": "ALG",
                },
                {
                  "material_amount": 1,
                  "material_ticker": "VEG",
                },
              ],
              "outputs": [
                {
                  "material_amount": 10,
                  "material_ticker": "RAT",
                },
              ],
              "profitPerArea": 86.73794587,
              "recipe_id": "FP#1xMAI 1xALG 1xVEG=>10xRAT",
              "recipe_name": "1xMAI 1xALG 1xVEG=>10xRAT",
              "roi": 14.24030308,
              "time_ms": 18358604.75,
            },
            {
              "building_ticker": "FP",
              "dailyRevenue": 1646.601912,
              "inputs": [
                {
                  "material_amount": 1,
                  "material_ticker": "MAI",
                },
                {
                  "material_amount": 1,
                  "material_ticker": "BEA",
                },
                {
                  "material_amount": 1,
                  "material_ticker": "NUT",
                },
              ],
              "outputs": [
                {
                  "material_amount": 10,
                  "material_ticker": "RAT",
                },
              ],
              "profitPerArea": 92.95333377,
              "recipe_id": "FP#1xMAI 1xBEA 1xNUT=>10xRAT",
              "recipe_name": "1xMAI 1xBEA 1xNUT=>10xRAT",
              "roi": 13.28811553,
              "time_ms": 18358604.75,
            },
            {
              "building_ticker": "FP",
              "dailyRevenue": 1555.845633,
              "inputs": [
                {
                  "material_amount": 1,
                  "material_ticker": "MAI",
                },
                {
                  "material_amount": 1,
                  "material_ticker": "BEA",
                },
                {
                  "material_amount": 1,
                  "material_ticker": "VEG",
                },
              ],
              "outputs": [
                {
                  "material_amount": 10,
                  "material_ticker": "RAT",
                },
              ],
              "profitPerArea": 87.8299954,
              "recipe_id": "FP#1xMAI 1xBEA 1xVEG=>10xRAT",
              "recipe_name": "1xMAI 1xBEA 1xVEG=>10xRAT",
              "roi": 14.06324379,
              "time_ms": 18358604.75,
            },
            {
              "building_ticker": "FP",
              "dailyRevenue": 1842.575677,
              "inputs": [
                {
                  "material_amount": 1,
                  "material_ticker": "GRN",
                },
                {
                  "material_amount": 1,
                  "material_ticker": "NUT",
                },
                {
                  "material_amount": 1,
                  "material_ticker": "MUS",
                },
              ],
              "outputs": [
                {
                  "material_amount": 10,
                  "material_ticker": "RAT",
                },
              ],
              "profitPerArea": 104.0163688,
              "recipe_id": "FP#1xMUS 1xNUT 1xGRN=>10xRAT",
              "recipe_name": "1xMUS 1xNUT 1xGRN=>10xRAT",
              "roi": 11.8748102,
              "time_ms": 18358604.75,
            },
            {
              "building_ticker": "FP",
              "dailyRevenue": 1828.576224,
              "inputs": [
                {
                  "material_amount": 1,
                  "material_ticker": "NUT",
                },
                {
                  "material_amount": 1,
                  "material_ticker": "MUS",
                },
                {
                  "material_amount": 1,
                  "material_ticker": "MAI",
                },
              ],
              "outputs": [
                {
                  "material_amount": 10,
                  "material_ticker": "RAT",
                },
              ],
              "profitPerArea": 103.2260772,
              "recipe_id": "FP#1xMUS 1xNUT 1xMAI=>10xRAT",
              "recipe_name": "1xMUS 1xNUT 1xMAI=>10xRAT",
              "roi": 11.96572292,
              "time_ms": 18358604.75,
            },
            {
              "building_ticker": "FP",
              "dailyRevenue": 1751.819397,
              "inputs": [
                {
                  "material_amount": 1,
                  "material_ticker": "VEG",
                },
                {
                  "material_amount": 1,
                  "material_ticker": "MUS",
                },
                {
                  "material_amount": 1,
                  "material_ticker": "GRN",
                },
              ],
              "outputs": [
                {
                  "material_amount": 10,
                  "material_ticker": "RAT",
                },
              ],
              "profitPerArea": 98.89303047,
              "recipe_id": "FP#1xMUS 1xVEG 1xGRN=>10xRAT",
              "recipe_name": "1xMUS 1xVEG 1xGRN=>10xRAT",
              "roi": 12.49000695,
              "time_ms": 18358604.75,
            },
            {
              "building_ticker": "FP",
              "dailyRevenue": 1737.819945,
              "inputs": [
                {
                  "material_amount": 1,
                  "material_ticker": "VEG",
                },
                {
                  "material_amount": 1,
                  "material_ticker": "MAI",
                },
                {
                  "material_amount": 1,
                  "material_ticker": "MUS",
                },
              ],
              "outputs": [
                {
                  "material_amount": 10,
                  "material_ticker": "RAT",
                },
              ],
              "profitPerArea": 98.10273882,
              "recipe_id": "FP#1xMUS 1xVEG 1xMAI=>10xRAT",
              "recipe_name": "1xMUS 1xVEG 1xMAI=>10xRAT",
              "roi": 12.59062339,
              "time_ms": 18358604.75,
            },
            {
              "building_ticker": "FP",
              "dailyRevenue": 1028.531277,
              "inputs": [
                {
                  "material_amount": 2,
                  "material_ticker": "ALG",
                },
                {
                  "material_amount": 1,
                  "material_ticker": "H2O",
                },
              ],
              "outputs": [
                {
                  "material_amount": 4,
                  "material_ticker": "PPA",
                },
              ],
              "profitPerArea": 58.06224948,
              "recipe_id": "FP#2xALG 1xH2O=>4xPPA",
              "recipe_name": "2xALG 1xH2O=>4xPPA",
              "roi": 21.27328253,
              "time_ms": 22030325.7,
            },
            {
              "building_ticker": "FP",
              "dailyRevenue": 1060.772739,
              "inputs": [
                {
                  "material_amount": 1,
                  "material_ticker": "H2O",
                },
                {
                  "material_amount": 2,
                  "material_ticker": "BEA",
                },
              ],
              "outputs": [
                {
                  "material_amount": 4,
                  "material_ticker": "PPA",
                },
              ],
              "profitPerArea": 59.88233204,
              "recipe_id": "FP#2xBEA 1xH2O=>4xPPA",
              "recipe_name": "2xBEA 1xH2O=>4xPPA",
              "roi": 20.62669565,
              "time_ms": 22030325.7,
            },
            {
              "building_ticker": "FP",
              "dailyRevenue": 2844.223968,
              "inputs": [
                {
                  "material_amount": 2,
                  "material_ticker": "FIM",
                },
                {
                  "material_amount": 1,
                  "material_ticker": "MTP",
                },
              ],
              "outputs": [
                {
                  "material_amount": 2,
                  "material_ticker": "MEA",
                },
              ],
              "profitPerArea": 160.5610305,
              "recipe_id": "FP#2xFIM 1xMTP=>2xMEA",
              "recipe_name": "2xFIM 1xMTP=>2xMEA",
              "roi": 7.692866906,
              "time_ms": 47732372.34,
            },
            {
              "building_ticker": "FP",
              "dailyRevenue": 2243.796024,
              "inputs": [
                {
                  "material_amount": 2,
                  "material_ticker": "RAT",
                },
                {
                  "material_amount": 1,
                  "material_ticker": "HER",
                },
              ],
              "outputs": [
                {
                  "material_amount": 2,
                  "material_ticker": "FIM",
                },
              ],
              "profitPerArea": 126.6659046,
              "recipe_id": "FP#2xRAT 1xHER=>2xFIM",
              "recipe_name": "2xRAT 1xHER=>2xFIM",
              "roi": 9.751437386,
              "time_ms": 36717209.49,
            },
            {
              "building_ticker": "FP",
              "dailyRevenue": 1415.02152,
              "inputs": [
                {
                  "material_amount": 5,
                  "material_ticker": "MAI",
                },
                {
                  "material_amount": 5,
                  "material_ticker": "NUT",
                },
                {
                  "material_amount": 5,
                  "material_ticker": "VEG",
                },
              ],
              "outputs": [
                {
                  "material_amount": 16,
                  "material_ticker": "FOD",
                },
              ],
              "profitPerArea": 79.88024712,
              "recipe_id": "FP#5xNUT 5xMAI 5xVEG=>16xFOD",
              "recipe_name": "5xNUT 5xMAI 5xVEG=>16xFOD",
              "roi": 15.46282945,
              "time_ms": 36717209.49,
            },
          ],
          "totalBatchTime": 55075814.24,
          "totalEfficiency": 1.17656,
          "workforceDailyCost": -687.6742048,
          "workforceMaterials": [
            {
              "input": 1.6,
              "output": 0,
              "ticker": "DW",
            },
            {
              "input": 1.6,
              "output": 0,
              "ticker": "RAT",
            },
            {
              "input": 0.2,
              "output": 0,
              "ticker": "OVE",
            },
            {
              "input": 0.08,
              "output": 0,
              "ticker": "PWO",
            },
            {
              "input": 0.2,
              "output": 0,
              "ticker": "COF",
            },
          ],
        },
        {
          "activeRecipes": [
            {
              "amount": 6,
              "cogm": {
                "degradation": 666.7996251,
                "degradationShare": 134.7309471,
                "efficiency": 1.23728,
                "inputCost": [
                  {
                    "amount": 22,
                    "costTotal": 1036.812702,
                    "costUnit": 47.12785009,
                    "ticker": "H2O",
                  },
                  {
                    "amount": 3,
                    "costTotal": 1199.197174,
                    "costUnit": 399.7323913,
                    "ticker": "NS",
                  },
                ],
                "inputTotal": 2236.009876,
                "outputCOGM": [
                  {
                    "amount": 2,
                    "costSplit": 1318.809324,
                    "costTotal": 1318.809324,
                    "ticker": "CAF",
                  },
                ],
                "outputRevenue": 3530.071806,
                "runtime": 17457649.04,
                "runtimeShare": 0.2020561231,
                "totalCost": 2637.618648,
                "totalProfit": 892.453158,
                "visible": false,
                "workforceCost": 266.8778252,
                "workforceCostTotal": 1320.810382,
              },
              "dailyShare": 0.2884615385,
              "recipe": {
                "building_ticker": "HYF",
                "dailyRevenue": 0,
                "inputs": [
                  {
                    "material_amount": 22,
                    "material_ticker": "H2O",
                  },
                  {
                    "material_amount": 3,
                    "material_ticker": "NS",
                  },
                ],
                "outputs": [
                  {
                    "material_amount": 2,
                    "material_ticker": "CAF",
                  },
                ],
                "profitPerArea": 0,
                "recipe_id": "HYF#22xH2O 3xNS=>2xCAF",
                "recipe_name": "22xH2O 3xNS=>2xCAF",
                "roi": 0,
                "time_ms": 21600000,
              },
              "recipeId": "HYF#22xH2O 3xNS=>2xCAF",
              "time": 104745894.2,
            },
            {
              "amount": 3,
              "cogm": {
                "degradation": 666.7996251,
                "degradationShare": 215.5695154,
                "efficiency": 1.23728,
                "inputCost": [
                  {
                    "amount": 14,
                    "costTotal": 659.7899013,
                    "costUnit": 47.12785009,
                    "ticker": "H2O",
                  },
                  {
                    "amount": 1,
                    "costTotal": 399.7323913,
                    "costUnit": 399.7323913,
                    "ticker": "NS",
                  },
                ],
                "inputTotal": 1059.522293,
                "outputCOGM": [
                  {
                    "amount": 8,
                    "costSplit": 212.762041,
                    "costTotal": 212.762041,
                    "ticker": "HCP",
                  },
                ],
                "outputRevenue": 3265.055111,
                "runtime": 27932238.46,
                "runtimeShare": 0.323289797,
                "totalCost": 1702.096328,
                "totalProfit": 1562.958782,
                "visible": false,
                "workforceCost": 427.0045204,
                "workforceCostTotal": 1320.810382,
              },
              "dailyShare": 0.2307692308,
              "recipe": {
                "building_ticker": "HYF",
                "dailyRevenue": 0,
                "inputs": [
                  {
                    "material_amount": 14,
                    "material_ticker": "H2O",
                  },
                  {
                    "material_amount": 1,
                    "material_ticker": "NS",
                  },
                ],
                "outputs": [
                  {
                    "material_amount": 8,
                    "material_ticker": "HCP",
                  },
                ],
                "profitPerArea": 0,
                "recipe_id": "HYF#14xH2O 1xNS=>8xHCP",
                "recipe_name": "14xH2O 1xNS=>8xHCP",
                "roi": 0,
                "time_ms": 34560000,
              },
              "recipeId": "HYF#14xH2O 1xNS=>8xHCP",
              "time": 83796715.38,
            },
            {
              "amount": 1,
              "cogm": {
                "degradation": 666.7996251,
                "degradationShare": 269.4618943,
                "efficiency": 1.23728,
                "inputCost": [
                  {
                    "amount": 4,
                    "costTotal": 1598.929565,
                    "costUnit": 399.7323913,
                    "ticker": "NS",
                  },
                ],
                "inputTotal": 1598.929565,
                "outputCOGM": [
                  {
                    "amount": 12,
                    "costSplit": 200.1789258,
                    "costTotal": 200.1789258,
                    "ticker": "MUS",
                  },
                ],
                "outputRevenue": 3523.601778,
                "runtime": 34915298.07,
                "runtimeShare": 0.4041122462,
                "totalCost": 2402.14711,
                "totalProfit": 1121.454668,
                "visible": false,
                "workforceCost": 533.7556505,
                "workforceCostTotal": 1320.810382,
              },
              "dailyShare": 0.09615384615,
              "recipe": {
                "building_ticker": "HYF",
                "dailyRevenue": 0,
                "inputs": [
                  {
                    "material_amount": 4,
                    "material_ticker": "NS",
                  },
                ],
                "outputs": [
                  {
                    "material_amount": 12,
                    "material_ticker": "MUS",
                  },
                ],
                "profitPerArea": 0,
                "recipe_id": "HYF#4xNS=>12xMUS",
                "recipe_name": "4xNS=>12xMUS",
                "roi": 0,
                "time_ms": 43200000,
              },
              "recipeId": "HYF#4xNS=>12xMUS",
              "time": 34915298.07,
            },
            {
              "amount": 2,
              "cogm": {
                "degradation": 666.7996251,
                "degradationShare": 107.7847577,
                "efficiency": 1.23728,
                "inputCost": [
                  {
                    "amount": 16,
                    "costTotal": 754.0456015,
                    "costUnit": 47.12785009,
                    "ticker": "H2O",
                  },
                  {
                    "amount": 1,
                    "costTotal": 399.7323913,
                    "costUnit": 399.7323913,
                    "ticker": "NS",
                  },
                ],
                "inputTotal": 1153.777993,
                "outputCOGM": [
                  {
                    "amount": 6,
                    "costSplit": 245.8441684,
                    "costTotal": 245.8441684,
                    "ticker": "VEG",
                  },
                ],
                "outputRevenue": 2316.723343,
                "runtime": 13966119.23,
                "runtimeShare": 0.1616448985,
                "totalCost": 1475.065011,
                "totalProfit": 841.6583325,
                "visible": false,
                "workforceCost": 213.5022602,
                "workforceCostTotal": 1320.810382,
              },
              "dailyShare": 0.07692307692,
              "recipe": {
                "building_ticker": "HYF",
                "dailyRevenue": 0,
                "inputs": [
                  {
                    "material_amount": 16,
                    "material_ticker": "H2O",
                  },
                  {
                    "material_amount": 1,
                    "material_ticker": "NS",
                  },
                ],
                "outputs": [
                  {
                    "material_amount": 6,
                    "material_ticker": "VEG",
                  },
                ],
                "profitPerArea": 0,
                "recipe_id": "HYF#16xH2O 1xNS=>6xVEG",
                "recipe_name": "16xH2O 1xNS=>6xVEG",
                "roi": 0,
                "time_ms": 17280000,
              },
              "recipeId": "HYF#16xH2O 1xNS=>6xVEG",
              "time": 27932238.46,
            },
            {
              "amount": 2,
              "cogm": {
                "degradation": 666.7996251,
                "degradationShare": 431.1390309,
                "efficiency": 1.23728,
                "inputCost": [
                  {
                    "amount": 20,
                    "costTotal": 942.5570018,
                    "costUnit": 47.12785009,
                    "ticker": "H2O",
                  },
                  {
                    "amount": 2,
                    "costTotal": 799.4647825,
                    "costUnit": 399.7323913,
                    "ticker": "NS",
                  },
                ],
                "inputTotal": 1742.021784,
                "outputCOGM": [
                  {
                    "amount": 12,
                    "costSplit": 252.2641547,
                    "costTotal": 252.2641547,
                    "ticker": "MAI",
                  },
                ],
                "outputRevenue": 4934.502832,
                "runtime": 55864476.92,
                "runtimeShare": 0.6465795939,
                "totalCost": 3027.169856,
                "totalProfit": 1907.332976,
                "visible": false,
                "workforceCost": 854.0090408,
                "workforceCostTotal": 1320.810382,
              },
              "dailyShare": 0.3076923077,
              "recipe": {
                "building_ticker": "HYF",
                "dailyRevenue": 0,
                "inputs": [
                  {
                    "material_amount": 2,
                    "material_ticker": "NS",
                  },
                  {
                    "material_amount": 20,
                    "material_ticker": "H2O",
                  },
                ],
                "outputs": [
                  {
                    "material_amount": 12,
                    "material_ticker": "MAI",
                  },
                ],
                "profitPerArea": 0,
                "recipe_id": "HYF#20xH2O 2xNS=>12xMAI",
                "recipe_name": "20xH2O 2xNS=>12xMAI",
                "roi": 0,
                "time_ms": 69120000,
              },
              "recipeId": "HYF#20xH2O 2xNS=>12xMAI",
              "time": 111728953.8,
            },
          ],
          "amount": 11,
          "areaUsed": 165,
          "constructionCost": -120023.9325,
          "constructionMaterials": [
            {
              "input": 4,
              "output": 0,
              "ticker": "TRU",
            },
            {
              "input": 2,
              "output": 0,
              "ticker": "BSE",
            },
            {
              "input": 16,
              "output": 0,
              "ticker": "MHL",
            },
            {
              "input": 4,
              "output": 0,
              "ticker": "LBH",
            },
            {
              "input": 60,
              "output": 0,
              "ticker": "MCG",
            },
          ],
          "dailyRevenue": 43612.53971,
          "efficiencyElements": [
            {
              "efficiencyType": "HQ",
              "value": 1.1,
            },
            {
              "efficiencyType": "EXPERT",
              "value": 1.1248,
            },
            {
              "efficiencyType": "WORKFORCE",
              "value": 1,
            },
          ],
          "expertise": "AGRICULTURE",
          "name": "HYF",
          "recipeOptions": [
            {
              "building_ticker": "HYF",
              "dailyRevenue": 2214.427993,
              "inputs": [
                {
                  "material_amount": 4,
                  "material_ticker": "NS",
                },
                {
                  "material_amount": 10,
                  "material_ticker": "H2O",
                },
              ],
              "outputs": [
                {
                  "material_amount": 2,
                  "material_ticker": "RCO",
                },
              ],
              "profitPerArea": 93.56738,
              "recipe_id": "HYF#10xH2O 4xNS=>2xRCO",
              "recipe_name": "10xH2O 4xNS=>2xRCO",
              "roi": 54.20087395,
              "time_ms": 15362731.15,
            },
            {
              "building_ticker": "HYF",
              "dailyRevenue": 4834.544106,
              "inputs": [
                {
                  "material_amount": 14,
                  "material_ticker": "H2O",
                },
                {
                  "material_amount": 1,
                  "material_ticker": "NS",
                },
              ],
              "outputs": [
                {
                  "material_amount": 8,
                  "material_ticker": "HCP",
                },
              ],
              "profitPerArea": 204.2765115,
              "recipe_id": "HYF#14xH2O 1xNS=>8xHCP",
              "recipe_name": "14xH2O 1xNS=>8xHCP",
              "roi": 24.82631866,
              "time_ms": 27932238.46,
            },
            {
              "building_ticker": "HYF",
              "dailyRevenue": 5206.835108,
              "inputs": [
                {
                  "material_amount": 16,
                  "material_ticker": "H2O",
                },
                {
                  "material_amount": 1,
                  "material_ticker": "NS",
                },
              ],
              "outputs": [
                {
                  "material_amount": 6,
                  "material_ticker": "VEG",
                },
              ],
              "profitPerArea": 220.0071172,
              "recipe_id": "HYF#16xH2O 1xNS=>6xVEG",
              "recipe_name": "16xH2O 1xNS=>6xVEG",
              "roi": 23.05122594,
              "time_ms": 13966119.23,
            },
            {
              "building_ticker": "HYF",
              "dailyRevenue": 4840.570743,
              "inputs": [
                {
                  "material_amount": 16,
                  "material_ticker": "H2O",
                },
                {
                  "material_amount": 2,
                  "material_ticker": "NS",
                },
              ],
              "outputs": [
                {
                  "material_amount": 12,
                  "material_ticker": "ALG",
                },
              ],
              "profitPerArea": 204.5311581,
              "recipe_id": "HYF#16xH2O 2xNS=>12xALG",
              "recipe_name": "16xH2O 2xNS=>12xALG",
              "roi": 24.79540924,
              "time_ms": 31423768.27,
            },
            {
              "building_ticker": "HYF",
              "dailyRevenue": 1207.878136,
              "inputs": [
                {
                  "material_amount": 1,
                  "material_ticker": "NS",
                },
              ],
              "outputs": [
                {
                  "material_amount": 4,
                  "material_ticker": "MUS",
                },
              ],
              "profitPerArea": 51.03710432,
              "recipe_id": "HYF#1xNS=>4xMUS",
              "recipe_name": "1xNS=>4xMUS",
              "roi": 99.36758436,
              "time_ms": 20949178.84,
            },
            {
              "building_ticker": "HYF",
              "dailyRevenue": 2949.881181,
              "inputs": [
                {
                  "material_amount": 2,
                  "material_ticker": "NS",
                },
                {
                  "material_amount": 20,
                  "material_ticker": "H2O",
                },
              ],
              "outputs": [
                {
                  "material_amount": 12,
                  "material_ticker": "MAI",
                },
              ],
              "profitPerArea": 124.6428668,
              "recipe_id": "HYF#20xH2O 2xNS=>12xMAI",
              "recipe_name": "20xH2O 2xNS=>12xMAI",
              "roi": 40.68771763,
              "time_ms": 55864476.92,
            },
            {
              "building_ticker": "HYF",
              "dailyRevenue": 4416.857773,
              "inputs": [
                {
                  "material_amount": 22,
                  "material_ticker": "H2O",
                },
                {
                  "material_amount": 3,
                  "material_ticker": "NS",
                },
              ],
              "outputs": [
                {
                  "material_amount": 2,
                  "material_ticker": "CAF",
                },
              ],
              "profitPerArea": 186.6277932,
              "recipe_id": "HYF#22xH2O 3xNS=>2xCAF",
              "recipe_name": "22xH2O 3xNS=>2xCAF",
              "roi": 27.1740542,
              "time_ms": 17457649.04,
            },
            {
              "building_ticker": "HYF",
              "dailyRevenue": 2775.106864,
              "inputs": [
                {
                  "material_amount": 4,
                  "material_ticker": "NS",
                },
              ],
              "outputs": [
                {
                  "material_amount": 12,
                  "material_ticker": "MUS",
                },
              ],
              "profitPerArea": 117.2580365,
              "recipe_id": "HYF#4xNS=>12xMUS",
              "recipe_name": "4xNS=>12xMUS",
              "roi": 43.25020203,
              "time_ms": 34915298.07,
            },
          ],
          "totalBatchTime": 363119100,
          "totalEfficiency": 1.23728,
          "workforceDailyCost": -1320.810382,
          "workforceMaterials": [
            {
              "input": 2.6,
              "output": 0,
              "ticker": "DW",
            },
            {
              "input": 2.8,
              "output": 0,
              "ticker": "RAT",
            },
            {
              "input": 0.2,
              "output": 0,
              "ticker": "OVE",
            },
            {
              "input": 0.08,
              "output": 0,
              "ticker": "PWO",
            },
            {
              "input": 0.2,
              "output": 0,
              "ticker": "COF",
            },
            {
              "input": 0.1,
              "output": 0,
              "ticker": "EXO",
            },
            {
              "input": 0.1,
              "output": 0,
              "ticker": "PT",
            },
            {
              "input": 0.04,
              "output": 0,
              "ticker": "REP",
            },
            {
              "input": 0.2,
              "output": 0,
              "ticker": "KOM",
            },
          ],
        },
        {
          "activeRecipes": [
            {
              "amount": 1,
              "cogm": {
                "degradation": 125.0283462,
                "degradationShare": 58.23171569,
                "efficiency": 1.417075,
                "inputCost": [
                  {
                    "amount": 4,
                    "costTotal": 1632.527555,
                    "costUnit": 408.1318888,
                    "ticker": "HCP",
                  },
                  {
                    "amount": 2,
                    "costTotal": 822.4171387,
                    "costUnit": 411.2085693,
                    "ticker": "MAI",
                  },
                ],
                "inputTotal": 2454.944694,
                "outputCOGM": [
                  {
                    "amount": 4,
                    "costSplit": 708.3648424,
                    "costTotal": 708.3648424,
                    "ticker": "C",
                  },
                ],
                "outputRevenue": 3884.43556,
                "runtime": 40240636.52,
                "runtimeShare": 0.4657481079,
                "totalCost": 2833.45937,
                "totalProfit": 1050.976191,
                "visible": false,
                "workforceCost": 320.2829597,
                "workforceCostTotal": 687.6742048,
              },
              "dailyShare": 1,
              "recipe": {
                "building_ticker": "INC",
                "dailyRevenue": 0,
                "inputs": [
                  {
                    "material_amount": 4,
                    "material_ticker": "HCP",
                  },
                  {
                    "material_amount": 2,
                    "material_ticker": "MAI",
                  },
                ],
                "outputs": [
                  {
                    "material_amount": 4,
                    "material_ticker": "C",
                  },
                ],
                "profitPerArea": 0,
                "recipe_id": "INC#4xHCP 2xMAI=>4xC",
                "recipe_name": "4xHCP 2xMAI=>4xC",
                "roi": 0,
                "time_ms": 57024000,
              },
              "recipeId": "INC#4xHCP 2xMAI=>4xC",
              "time": 40240636.52,
            },
          ],
          "amount": 7,
          "areaUsed": 70,
          "constructionCost": -22505.10232,
          "constructionMaterials": [
            {
              "input": 2,
              "output": 0,
              "ticker": "BDE",
            },
            {
              "input": 4,
              "output": 0,
              "ticker": "BSE",
            },
            {
              "input": 3,
              "output": 0,
              "ticker": "BBH",
            },
            {
              "input": 1,
              "output": 0,
              "ticker": "BTA",
            },
            {
              "input": 40,
              "output": 0,
              "ticker": "MCG",
            },
          ],
          "dailyRevenue": 15795.73424,
          "efficiencyElements": [
            {
              "efficiencyType": "HQ",
              "value": 1.1,
            },
            {
              "efficiencyType": "COGC",
              "value": 1.25,
            },
            {
              "efficiencyType": "EXPERT",
              "value": 1.0306,
            },
            {
              "efficiencyType": "WORKFORCE",
              "value": 1,
            },
          ],
          "expertise": "RESOURCE_EXTRACTION",
          "name": "INC",
          "recipeOptions": [
            {
              "building_ticker": "INC",
              "dailyRevenue": 2377.841688,
              "inputs": [
                {
                  "material_amount": 4,
                  "material_ticker": "GRN",
                },
              ],
              "outputs": [
                {
                  "material_amount": 4,
                  "material_ticker": "C",
                },
              ],
              "profitPerArea": 155.2876205,
              "recipe_id": "INC#4xGRN=>4xC",
              "recipe_name": "4xGRN=>4xC",
              "roi": 9.464508268,
              "time_ms": 60970661.4,
            },
            {
              "building_ticker": "INC",
              "dailyRevenue": 1819.720565,
              "inputs": [
                {
                  "material_amount": 4,
                  "material_ticker": "HCP",
                },
                {
                  "material_amount": 2,
                  "material_ticker": "MAI",
                },
                {
                  "material_amount": 2,
                  "material_ticker": "GRN",
                },
              ],
              "outputs": [
                {
                  "material_amount": 4,
                  "material_ticker": "C",
                },
              ],
              "profitPerArea": 118.838894,
              "recipe_id": "INC#4xHCP 2xGRN 2xMAI=>4xC",
              "recipe_name": "4xHCP 2xGRN 2xMAI=>4xC",
              "roi": 12.36733966,
              "time_ms": 20120318.26,
            },
            {
              "building_ticker": "INC",
              "dailyRevenue": 2269.307139,
              "inputs": [
                {
                  "material_amount": 4,
                  "material_ticker": "HCP",
                },
                {
                  "material_amount": 2,
                  "material_ticker": "GRN",
                },
              ],
              "outputs": [
                {
                  "material_amount": 4,
                  "material_ticker": "C",
                },
              ],
              "profitPerArea": 148.1996499,
              "recipe_id": "INC#4xHCP 2xGRN=>4xC",
              "recipe_name": "4xHCP 2xGRN=>4xC",
              "roi": 9.917168962,
              "time_ms": 40240636.52,
            },
            {
              "building_ticker": "INC",
              "dailyRevenue": 2256.533463,
              "inputs": [
                {
                  "material_amount": 4,
                  "material_ticker": "HCP",
                },
                {
                  "material_amount": 2,
                  "material_ticker": "MAI",
                },
              ],
              "outputs": [
                {
                  "material_amount": 4,
                  "material_ticker": "C",
                },
              ],
              "profitPerArea": 147.3654507,
              "recipe_id": "INC#4xHCP 2xMAI=>4xC",
              "recipe_name": "4xHCP 2xMAI=>4xC",
              "roi": 9.973307591,
              "time_ms": 40240636.52,
            },
            {
              "building_ticker": "INC",
              "dailyRevenue": 2378.419985,
              "inputs": [
                {
                  "material_amount": 4,
                  "material_ticker": "HCP",
                },
              ],
              "outputs": [
                {
                  "material_amount": 4,
                  "material_ticker": "C",
                },
              ],
              "profitPerArea": 155.3253868,
              "recipe_id": "INC#4xHCP=>4xC",
              "recipe_name": "4xHCP=>4xC",
              "roi": 9.462207036,
              "time_ms": 60970661.4,
            },
            {
              "building_ticker": "INC",
              "dailyRevenue": 2360.980437,
              "inputs": [
                {
                  "material_amount": 4,
                  "material_ticker": "MAI",
                },
              ],
              "outputs": [
                {
                  "material_amount": 4,
                  "material_ticker": "C",
                },
              ],
              "profitPerArea": 154.1864775,
              "recipe_id": "INC#4xMAI=>4xC",
              "recipe_name": "4xMAI=>4xC",
              "roi": 9.532100294,
              "time_ms": 60970661.4,
            },
          ],
          "totalBatchTime": 40240636.52,
          "totalEfficiency": 1.417075,
          "workforceDailyCost": -687.6742048,
          "workforceMaterials": [
            {
              "input": 1.6,
              "output": 0,
              "ticker": "DW",
            },
            {
              "input": 1.6,
              "output": 0,
              "ticker": "RAT",
            },
            {
              "input": 0.2,
              "output": 0,
              "ticker": "OVE",
            },
            {
              "input": 0.08,
              "output": 0,
              "ticker": "PWO",
            },
            {
              "input": 0.2,
              "output": 0,
              "ticker": "COF",
            },
          ],
        },
        {
          "activeRecipes": [
            {
              "amount": 1,
              "cogm": {
                "degradation": 128.7944574,
                "degradationShare": 19.47590014,
                "efficiency": 1.417075,
                "inputCost": [],
                "inputTotal": 0,
                "outputCOGM": [
                  {
                    "amount": 9,
                    "costSplit": 10.82965306,
                    "costTotal": 10.82965306,
                    "ticker": "H2O",
                  },
                ],
                "outputRevenue": 424.1506508,
                "runtime": 13065141.21,
                "runtimeShare": 0.1512169121,
                "totalCost": 97.4668775,
                "totalProfit": 326.6837733,
                "visible": false,
                "workforceCost": 77.99097736,
                "workforceCostTotal": 515.7556536,
              },
              "dailyShare": 1,
              "recipe": {
                "building_ticker": "RIG",
                "dailyRevenue": 0,
                "inputs": [],
                "outputs": [
                  {
                    "material_amount": 9,
                    "material_ticker": "H2O",
                  },
                ],
                "profitPerArea": 0,
                "recipe_id": "RIG#H2O",
                "recipe_name": "RIG",
                "roi": 0,
                "time_ms": 18514284.98,
              },
              "recipeId": "RIG#H2O",
              "time": 13065141.21,
            },
          ],
          "amount": 21,
          "areaUsed": 210,
          "constructionCost": -23183.00233,
          "constructionMaterials": [
            {
              "input": 12,
              "output": 0,
              "ticker": "BSE",
            },
            {
              "input": 40,
              "output": 0,
              "ticker": "MCG",
            },
          ],
          "dailyRevenue": 45367.67179,
          "efficiencyElements": [
            {
              "efficiencyType": "HQ",
              "value": 1.1,
            },
            {
              "efficiencyType": "COGC",
              "value": 1.25,
            },
            {
              "efficiencyType": "EXPERT",
              "value": 1.0306,
            },
            {
              "efficiencyType": "WORKFORCE",
              "value": 1,
            },
          ],
          "expertise": "RESOURCE_EXTRACTION",
          "name": "RIG",
          "recipeOptions": [
            {
              "building_ticker": "RIG",
              "dailyRevenue": 2160.365324,
              "inputs": [],
              "outputs": [
                {
                  "material_amount": 9,
                  "material_ticker": "H2O",
                },
              ],
              "profitPerArea": 151.2255726,
              "recipe_id": "RIG#H2O",
              "recipe_name": "RIG",
              "roi": 10.73105649,
              "time_ms": 13065141.21,
            },
          ],
          "totalBatchTime": 13065141.21,
          "totalEfficiency": 1.417075,
          "workforceDailyCost": -515.7556536,
          "workforceMaterials": [
            {
              "input": 1.2,
              "output": 0,
              "ticker": "DW",
            },
            {
              "input": 1.2,
              "output": 0,
              "ticker": "RAT",
            },
            {
              "input": 0.15,
              "output": 0,
              "ticker": "OVE",
            },
            {
              "input": 0.06,
              "output": 0,
              "ticker": "PWO",
            },
            {
              "input": 0.15,
              "output": 0,
              "ticker": "COF",
            },
          ],
        },
      ],
      "materialio": [
        {
          "input": 0,
          "output": 29.75857618,
          "ticker": "SIO",
        },
        {
          "input": 1239.98521,
          "output": 1249.8602,
          "ticker": "H2O",
        },
        {
          "input": 89.41856,
          "output": 417.2866133,
          "ticker": "DW",
        },
        {
          "input": 29.80618667,
          "output": 31.40787692,
          "ticker": "CAF",
        },
        {
          "input": 29.80618667,
          "output": 31.40787692,
          "ticker": "VEG",
        },
        {
          "input": 59.86535333,
          "output": 62.81575385,
          "ticker": "MAI",
        },
        {
          "input": 29.80618667,
          "output": 31.40787692,
          "ticker": "MUS",
        },
        {
          "input": 0,
          "output": 89.41856,
          "ticker": "COF",
        },
        {
          "input": 0,
          "output": 298.0618667,
          "ticker": "RAT",
        },
        {
          "input": 81.13701538,
          "output": 0,
          "ticker": "NS",
        },
        {
          "input": 60.11833333,
          "output": 62.81575385,
          "ticker": "HCP",
        },
        {
          "input": 0,
          "output": 60.11833333,
          "ticker": "C",
        },
      ],
    },
    "productionMaterialIO": [
      {
        "delta": 60.11833333,
        "individualVolume": 1,
        "individualWeight": 2.25,
        "input": 0,
        "output": 60.11833333,
        "price": 58381.44796,
        "ticker": "C",
        "totalVolume": 60.11833333,
        "totalWeight": 135.26625,
      },
      {
        "delta": 1.601690256,
        "individualVolume": 1,
        "individualWeight": 0.8600000143,
        "input": 29.80618667,
        "output": 31.40787692,
        "price": 2827.040808,
        "ticker": "CAF",
        "totalVolume": 1.601690256,
        "totalWeight": 1.377453643,
      },
      {
        "delta": 89.41856,
        "individualVolume": 0.1000000015,
        "individualWeight": 0.1000000015,
        "input": 0,
        "output": 89.41856,
        "price": 86657.8025,
        "ticker": "COF",
        "totalVolume": 8.941856133,
        "totalWeight": 8.941856133,
      },
      {
        "delta": 327.8680533,
        "individualVolume": 0.1000000015,
        "individualWeight": 0.1000000015,
        "input": 89.41856,
        "output": 417.2866133,
        "price": 36962.0188,
        "ticker": "DW",
        "totalVolume": 32.78680582,
        "totalWeight": 32.78680582,
      },
      {
        "delta": 9.874989409,
        "individualVolume": 0.200000003,
        "individualWeight": 0.200000003,
        "input": 1239.98521,
        "output": 1249.8602,
        "price": 465.3870205,
        "ticker": "H2O",
        "totalVolume": 1.974997911,
        "totalWeight": 1.974997911,
      },
      {
        "delta": 2.697420513,
        "individualVolume": 1,
        "individualWeight": 0.8000000119,
        "input": 60.11833333,
        "output": 62.81575385,
        "price": 1100.903329,
        "ticker": "HCP",
        "totalVolume": 2.697420513,
        "totalWeight": 2.157936442,
      },
      {
        "delta": 2.950400513,
        "individualVolume": 1,
        "individualWeight": 1.299999952,
        "input": 59.86535333,
        "output": 62.81575385,
        "price": 1213.229974,
        "ticker": "MAI",
        "totalVolume": 2.950400513,
        "totalWeight": 3.835520526,
      },
      {
        "delta": 1.601690256,
        "individualVolume": 1,
        "individualWeight": 0.8000000119,
        "input": 29.80618667,
        "output": 31.40787692,
        "price": 470.3098863,
        "ticker": "MUS",
        "totalVolume": 1.601690256,
        "totalWeight": 1.281352224,
      },
      {
        "delta": -81.13701538,
        "individualVolume": 0.5,
        "individualWeight": 0.6000000238,
        "input": 81.13701538,
        "output": 0,
        "price": -32433.09318,
        "ticker": "NS",
        "totalVolume": -40.56850769,
        "totalWeight": -48.68221117,
      },
      {
        "delta": 298.0618667,
        "individualVolume": 0.1000000015,
        "individualWeight": 0.2099999934,
        "input": 0,
        "output": 298.0618667,
        "price": 48648.75826,
        "ticker": "RAT",
        "totalVolume": 29.80618711,
        "totalWeight": 62.59299005,
      },
      {
        "delta": 29.75857618,
        "individualVolume": 1,
        "individualWeight": 1.789999962,
        "input": 0,
        "output": 29.75857618,
        "price": 5159.456786,
        "ticker": "SIO",
        "totalVolume": 29.75857618,
        "totalWeight": 53.26785023,
      },
      {
        "delta": 1.601690256,
        "individualVolume": 1,
        "individualWeight": 1.100000024,
        "input": 29.80618667,
        "output": 31.40787692,
        "price": 618.4455342,
        "ticker": "VEG",
        "totalVolume": 1.601690256,
        "totalWeight": 1.76185932,
      },
    ],
    "profit": 152395.7889,
    "revenue": 204642.664,
    "storage": {
      "STA": 0,
      "STE": 0,
      "STO": 1,
      "STV": 0,
      "STW": 0,
    },
    "workforce": {
      "engineer": {
        "capacity": 0,
        "efficiency": 0,
        "left": 0,
        "lux1": false,
        "lux2": false,
        "name": "engineer",
        "required": 0,
      },
      "pioneer": {
        "capacity": 2200,
        "efficiency": 1,
        "left": 30,
        "lux1": true,
        "lux2": true,
        "name": "pioneer",
        "required": 2170,
      },
      "scientist": {
        "capacity": 0,
        "efficiency": 0,
        "left": 0,
        "lux1": false,
        "lux2": false,
        "name": "scientist",
        "required": 0,
      },
      "settler": {
        "capacity": 300,
        "efficiency": 1,
        "left": 80,
        "lux1": true,
        "lux2": true,
        "name": "settler",
        "required": 220,
      },
      "technician": {
        "capacity": 0,
        "efficiency": 0,
        "left": 0,
        "lux1": false,
        "lux2": false,
        "name": "technician",
        "required": 0,
      },
    },
    "workforceMaterialIO": [
      {
        "delta": -10.85,
        "individualVolume": 0.1000000015,
        "individualWeight": 0.1000000015,
        "input": 10.85,
        "output": 0,
        "price": -10515.01117,
        "ticker": "COF",
        "totalVolume": -1.085000016,
        "totalWeight": -1.085000016,
      },
      {
        "delta": -97.8,
        "individualVolume": 0.1000000015,
        "individualWeight": 0.1000000015,
        "input": 97.8,
        "output": 0,
        "price": -11025.42746,
        "ticker": "DW",
        "totalVolume": -9.780000146,
        "totalWeight": -9.780000146,
      },
      {
        "delta": -1.1,
        "individualVolume": 0.05000000075,
        "individualWeight": 0.1000000015,
        "input": 1.1,
        "output": 0,
        "price": -342.8792697,
        "ticker": "EXO",
        "totalVolume": -0.05500000082,
        "totalWeight": -0.1100000016,
      },
      {
        "delta": -2.2,
        "individualVolume": 0.1000000015,
        "individualWeight": 0.1000000015,
        "input": 2.2,
        "output": 0,
        "price": -2295.578694,
        "ticker": "KOM",
        "totalVolume": -0.2200000033,
        "totalWeight": -0.2200000033,
      },
      {
        "delta": -10.85,
        "individualVolume": 0.02500000037,
        "individualWeight": 0.01999999955,
        "input": 10.85,
        "output": 0,
        "price": -1324.094014,
        "ticker": "OVE",
        "totalVolume": -0.271250004,
        "totalWeight": -0.2169999951,
      },
      {
        "delta": -1.1,
        "individualVolume": 0.200000003,
        "individualWeight": 0.25,
        "input": 1.1,
        "output": 0,
        "price": -609.2164368,
        "ticker": "PT",
        "totalVolume": -0.2200000033,
        "totalWeight": -0.275,
      },
      {
        "delta": -4.34,
        "individualVolume": 0.05000000075,
        "individualWeight": 0.05000000075,
        "input": 4.34,
        "output": 0,
        "price": -1514.637703,
        "ticker": "PWO",
        "totalVolume": -0.2170000032,
        "totalWeight": -0.2170000032,
      },
      {
        "delta": -100,
        "individualVolume": 0.1000000015,
        "individualWeight": 0.2099999934,
        "input": 100,
        "output": 0,
        "price": -16321.69818,
        "ticker": "RAT",
        "totalVolume": -10.00000015,
        "totalWeight": -20.99999934,
      },
      {
        "delta": -0.44,
        "individualVolume": 0.002000000095,
        "individualWeight": 0.006000000052,
        "input": 0.44,
        "output": 0,
        "price": -322.2806406,
        "ticker": "REP",
        "totalVolume": -0.0008800000418,
        "totalWeight": -0.002640000023,
      },
    ],
  },
  "visitationData": {
    "dailyVolume": 152.974648,
    "dailyVolumeExport": 152.974648,
    "dailyVolumeImport": 41.55263771,
    "dailyWeight": 273.3798728,
    "dailyWeightExport": 273.3798728,
    "dailyWeightImport": 49.72385117,
    "storageFilled": 23.77643948,
  },
}