{
  "overviewData": {
    "dailyCost": 65566.44001,
    "dailyDegradationCost": 13405.09521,
    "dailyProfit": 210135.864,
    "profit": 131164.3288,
    "roi": 24.02132558,
    "totalConstructionCost": 3150741.046,
  },
  "result": {
    "area": {
      "areaLeft": 6,
      "areaTotal": 1000,
      "areaUsed": 994,
      "permits": 3,
    },
    "cogc": "FOOD_INDUSTRIES",
    "constructionMaterials": [
      {
        "amount": 1,
        "materials": [
          {
            "input": 16,
            "output": 0,
            "ticker": "BSE",
          },
          {
            "input": 100,
            "output": 0,
            "ticker": "MCG",
          },
        ],
        "ticker": "EXT",
      },
      {
        "amount": 19,
        "materials": [
          {
            "input": 3,
            "output": 0,
            "ticker": "BBH",
          },
          {
            "input": 3,
            "output": 0,
            "ticker": "BDE",
          },
          {
            "input": 3,
            "output": 0,
            "ticker": "BSE",
          },
          {
            "input": 48,
            "output": 0,
            "ticker": "MCG",
          },
        ],
        "ticker": "FP",
      },
      {
        "amount": 11,
        "materials": [
          {
            "input": 4,
            "output": 0,
            "ticker": "TRU",
          },
          {
            "input": 2,
            "output": 0,
            "ticker": "BSE",
          },
          {
            "input": 16,
            "output": 0,
            "ticker": "MHL",
          },
          {
            "input": 4,
            "output": 0,
            "ticker": "LBH",
          },
          {
            "input": 60,
            "output": 0,
            "ticker": "MCG",
          },
        ],
        "ticker": "HYF",
      },
      {
        "amount": 7,
        "materials": [
          {
            "input": 2,
            "output": 0,
            "ticker": "BDE",
          },
          {
            "input": 4,
            "output": 0,
            "ticker": "BSE",
          },
          {
            "input": 3,
            "output": 0,
            "ticker": "BBH",
          },
          {
            "input": 1,
            "output": 0,
            "ticker": "BTA",
          },
          {
            "input": 40,
            "output": 0,
            "ticker": "MCG",
          },
        ],
        "ticker": "INC",
      },
      {
        "amount": 21,
        "materials": [
          {
            "input": 12,
            "output": 0,
            "ticker": "BSE",
          },
          {
            "input": 40,
            "output": 0,
            "ticker": "MCG",
          },
        ],
        "ticker": "RIG",
      },
      {
        "amount": 1,
        "materials": [
          {
            "input": 12,
            "output": 0,
            "ticker": "PSL",
          },
          {
            "input": 4,
            "output": 0,
            "ticker": "LDE",
          },
          {
            "input": 8,
            "output": 0,
            "ticker": "TRU",
          },
          {
            "input": 4,
            "output": 0,
            "ticker": "LTA",
          },
          {
            "input": 4,
            "output": 0,
            "ticker": "LSE",
          },
          {
            "input": 100,
            "output": 0,
            "ticker": "MCG",
          },
        ],
        "ticker": "CM",
      },
      {
        "amount": 22,
        "materials": [
          {
            "input": 1,
            "output": 0,
            "ticker": "BTA",
          },
          {
            "input": 2,
            "output": 0,
            "ticker": "BDE",
          },
          {
            "input": 2,
            "output": 0,
            "ticker": "BSE",
          },
          {
            "input": 4,
            "output": 0,
            "ticker": "BBH",
          },
          {
            "input": 40,
            "output": 0,
            "ticker": "MCG",
          },
        ],
        "ticker": "HB1",
      },
      {
        "amount": 3,
        "materials": [
          {
            "input": 2,
            "output": 0,
            "ticker": "BSE",
          },
          {
            "input": 2,
            "output": 0,
            "ticker": "BBH",
          },
          {
            "input": 2,
            "output": 0,
            "ticker": "BDE",
          },
          {
            "input": 2,
            "output": 0,
            "ticker": "BTA",
          },
          {
            "input": 2,
            "output": 0,
            "ticker": "TRU",
          },
          {
            "input": 48,
            "output": 0,
            "ticker": "MCG",
          },
        ],
        "ticker": "HB2",
      },
      {
        "amount": 1,
        "materials": [
          {
            "input": 2,
            "output": 0,
            "ticker": "BSE",
          },
          {
            "input": 6,
            "output": 0,
            "ticker": "BDE",
          },
          {
            "input": 6,
            "output": 0,
            "ticker": "BBH",
          },
          {
            "input": 60,
            "output": 0,
            "ticker": "MCG",
          },
        ],
        "ticker": "STO",
      },
    ],
    "corphq": false,
    "cost": 78971.53523,
    "done": true,
    "experts": {
      "Agriculture": {
        "amount": 3,
        "bonus": 0.1248,
        "name": "Agriculture",
      },
      "Chemistry": {
        "amount": 0,
        "bonus": 0,
        "name": "Chemistry",
      },
      "Construction": {
        "amount": 0,
        "bonus": 0,
        "name": "Construction",
      },
      "Electronics": {
        "amount": 0,
        "bonus": 0,
        "name": "Electronics",
      },
      "Food_Industries": {
        "amount": 2,
        "bonus": 0.0696,
        "name": "Food_Industries",
      },
      "Fuel_Refining": {
        "amount": 0,
        "bonus": 0,
        "name": "Fuel_Refining",
      },
      "Manufacturing": {
        "amount": 0,
        "bonus": 0,
        "name": "Manufacturing",
      },
      "Metallurgy": {
        "amount": 0,
        "bonus": 0,
        "name": "Metallurgy",
      },
      "Resource_Extraction": {
        "amount": 1,
        "bonus": 0.0306,
        "name": "Resource_Extraction",
      },
    },
    "infrastructure": {
      "HB1": 22,
      "HB2": 3,
      "HB3": 0,
      "HB4": 0,
      "HB5": 0,
      "HBB": 0,
      "HBC": 0,
      "HBL": 0,
      "HBM": 0,
      "STA": 0,
      "STE": 0,
      "STO": 1,
      "STV": 0,
      "STW": 0,
    },
    "infrastructureCosts": {
      "HB1": 21377.66409,
      "HB2": 19220.93313,
      "HB3": 158536.0945,
      "HB4": 496865.0725,
      "HB5": 880261.1048,
      "HBB": 55449.76941,
      "HBC": 177654.6256,
      "HBL": 1220806.04,
      "HBM": 784941.0274,
      "STA": 17688.41201,
      "STE": 5454872.383,
      "STO": 35236.25657,
      "STV": 171967.5716,
      "STW": 578210.9748,
    },
    "materialio": [
      {
        "delta": 43.72242424,
        "individualVolume": 1,
        "individualWeight": 2.25,
        "input": 0,
        "output": 43.72242424,
        "price": 42459.23488,
        "ticker": "C",
        "totalVolume": 43.72242424,
        "totalWeight": 98.37545455,
      },
      {
        "delta": -5.318051282,
        "individualVolume": 1,
        "individualWeight": 0.8600000143,
        "input": 33.87066667,
        "output": 28.55261538,
        "price": -9386.551447,
        "ticker": "CAF",
        "totalVolume": -5.318051282,
        "totalWeight": -4.573524179,
      },
      {
        "delta": 90.762,
        "individualVolume": 0.1000000015,
        "individualWeight": 0.1000000015,
        "input": 10.85,
        "output": 101.612,
        "price": 87959.7644,
        "ticker": "COF",
        "totalVolume": 9.076200135,
        "totalWeight": 9.076200135,
      },
      {
        "delta": 274.7773333,
        "individualVolume": 0.1000000015,
        "individualWeight": 0.1000000015,
        "input": 199.412,
        "output": 474.1893333,
        "price": 30976.86663,
        "ticker": "DW",
        "totalVolume": 27.47773374,
        "totalWeight": 27.47773374,
      },
      {
        "delta": -1.1,
        "individualVolume": 0.05000000075,
        "individualWeight": 0.1000000015,
        "input": 1.1,
        "output": 0,
        "price": -342.8792697,
        "ticker": "EXO",
        "totalVolume": -0.05500000082,
        "totalWeight": -0.1100000016,
      },
      {
        "delta": -353.7527126,
        "individualVolume": 0.200000003,
        "individualWeight": 0.200000003,
        "input": 1262.741949,
        "output": 908.9892361,
        "price": -16671.60481,
        "ticker": "H2O",
        "totalVolume": -70.75054357,
        "totalWeight": -70.75054357,
      },
      {
        "delta": 13.38280653,
        "individualVolume": 1,
        "individualWeight": 0.8000000119,
        "input": 43.72242424,
        "output": 57.10523077,
        "price": 5461.950106,
        "ticker": "HCP",
        "totalVolume": 13.38280653,
        "totalWeight": 10.70624538,
      },
      {
        "delta": -2.2,
        "individualVolume": 0.1000000015,
        "individualWeight": 0.1000000015,
        "input": 2.2,
        "output": 0,
        "price": -2295.578694,
        "ticker": "KOM",
        "totalVolume": -0.2200000033,
        "totalWeight": -0.2200000033,
      },
      {
        "delta": 1.373351981,
        "individualVolume": 1,
        "individualWeight": 1.299999952,
        "input": 55.73187879,
        "output": 57.10523077,
        "price": 564.7341035,
        "ticker": "MAI",
        "totalVolume": 1.373351981,
        "totalWeight": 1.78535751,
      },
      {
        "delta": -5.318051282,
        "individualVolume": 1,
        "individualWeight": 0.8000000119,
        "input": 33.87066667,
        "output": 28.55261538,
        "price": -1561.557913,
        "ticker": "MUS",
        "totalVolume": -5.318051282,
        "totalWeight": -4.254441089,
      },
      {
        "delta": -73.76092308,
        "individualVolume": 0.5,
        "individualWeight": 0.6000000238,
        "input": 73.76092308,
        "output": 0,
        "price": -29484.63016,
        "ticker": "NS",
        "totalVolume": -36.88046154,
        "totalWeight": -44.2565556,
      },
      {
        "delta": -10.85,
        "individualVolume": 0.02500000037,
        "individualWeight": 0.01999999955,
        "input": 10.85,
        "output": 0,
        "price": -1324.094014,
        "ticker": "OVE",
        "totalVolume": -0.271250004,
        "totalWeight": -0.2169999951,
      },
      {
        "delta": -1.1,
        "individualVolume": 0.200000003,
        "individualWeight": 0.25,
        "input": 1.1,
        "output": 0,
        "price": -609.2164368,
        "ticker": "PT",
        "totalVolume": -0.2200000033,
        "totalWeight": -0.275,
      },
      {
        "delta": -4.34,
        "individualVolume": 0.05000000075,
        "individualWeight": 0.05000000075,
        "input": 4.34,
        "output": 0,
        "price": -1514.637703,
        "ticker": "PWO",
        "totalVolume": -0.2170000032,
        "totalWeight": -0.2170000032,
      },
      {
        "delta": 238.7066667,
        "individualVolume": 0.1000000015,
        "individualWeight": 0.2099999934,
        "input": 100,
        "output": 338.7066667,
        "price": 38960.98166,
        "ticker": "RAT",
        "totalVolume": 23.87066702,
        "totalWeight": 50.12839843,
      },
      {
        "delta": -0.44,
        "individualVolume": 0.002000000095,
        "individualWeight": 0.006000000052,
        "input": 0.44,
        "output": 0,
        "price": -322.2806406,
        "ticker": "REP",
        "totalVolume": -0.0008800000418,
        "totalWeight": -0.002640000023,
      },
      {
        "delta": 21.64260086,
        "individualVolume": 1,
        "individualWeight": 1.789999962,
        "input": 0,
        "output": 21.64260086,
        "price": 3752.332208,
        "ticker": "SIO",
        "totalVolume": 21.64260086,
        "totalWeight": 38.74025471,
      },
      {
        "delta": -5.318051282,
        "individualVolume": 1,
        "individualWeight": 1.100000024,
        "input": 33.87066667,
        "output": 28.55261538,
        "price": -2053.408924,
        "ticker": "VEG",
        "totalVolume": -5.318051282,
        "totalWeight": -5.849856537,
      },
    ],
    "production": {
      "buildings": [
        {
          "activeRecipes": [
            {
              "amount": 1,
              "cogm": {
                "degradation": 180.8367962,
                "degradationShare": 91.91153923,
                "efficiency": 1.0306,
                "inputCost": [],
                "inputTotal": 0,
                "outputCOGM": [
                  {
                    "amount": 11,
                    "costSplit": 56.0167473,
                    "costTotal": 56.0167473,
                    "ticker": "SIO",
                  },
                ],
                "outputRevenue": 1907.148524,
                "runtime": 43913391.29,
                "runtimeShare": 0.5082568436,
                "totalCost": 616.1842204,
                "totalProfit": 1290.964304,
                "visible": false,
                "workforceCost": 524.2726811,
                "workforceCostTotal": 1031.511307,
              },
              "dailyShare": 1,
              "recipe": {
                "building_ticker": "EXT",
                "dailyRevenue": 0,
                "inputs": [],
                "outputs": [
                  {
                    "material_amount": 11,
                    "material_ticker": "SIO",
                  },
                ],
                "profitPerArea": 0,
                "recipe_id": "EXT#SIO",
                "recipe_name": "EXT",
                "roi": 0,
                "time_ms": 45257141.06,
              },
              "recipeId": "EXT#SIO",
              "time": 43913391.29,
            },
          ],
          "amount": 1,
          "areaUsed": 25,
          "constructionCost": -32550.62331,
          "constructionMaterials": [
            {
              "input": 16,
              "output": 0,
              "ticker": "BSE",
            },
            {
              "input": 100,
              "output": 0,
              "ticker": "MCG",
            },
          ],
          "dailyRevenue": 2539.984105,
          "efficiencyElements": [
            {
              "efficiencyType": "EXPERT",
              "value": 1.0306,
            },
            {
              "efficiencyType": "WORKFORCE",
              "value": 1,
            },
          ],
          "expertise": "RESOURCE_EXTRACTION",
          "name": "EXT",
          "recipeOptions": [
            {
              "building_ticker": "EXT",
              "dailyRevenue": 2539.984105,
              "inputs": [],
              "outputs": [
                {
                  "material_amount": 11,
                  "material_ticker": "SIO",
                },
              ],
              "profitPerArea": 73.4706146,
              "recipe_id": "EXT#SIO",
              "recipe_name": "EXT",
              "roi": 12.81528623,
              "time_ms": 43913391.29,
            },
          ],
          "totalBatchTime": 43913391.29,
          "totalEfficiency": 1.0306,
          "workforceDailyCost": -1031.511307,
          "workforceMaterials": [
            {
              "input": 2.4,
              "output": 0,
              "ticker": "DW",
            },
            {
              "input": 2.4,
              "output": 0,
              "ticker": "RAT",
            },
            {
              "input": 0.3,
              "output": 0,
              "ticker": "OVE",
            },
            {
              "input": 0.12,
              "output": 0,
              "ticker": "PWO",
            },
            {
              "input": 0.3,
              "output": 0,
              "ticker": "COF",
            },
          ],
        },
        {
          "activeRecipes": [
            {
              "amount": 2,
              "cogm": {
                "degradation": 121.5568691,
                "degradationShare": 9.091762835,
                "efficiency": 1.337,
                "inputCost": [
                  {
                    "amount": 10,
                    "costTotal": 471.2785009,
                    "costUnit": 47.12785009,
                    "ticker": "H2O",
                  },
                ],
                "inputTotal": 471.2785009,
                "outputCOGM": [
                  {
                    "amount": 7,
                    "costSplit": 75.97205504,
                    "costTotal": 75.97205504,
                    "ticker": "DW",
                  },
                ],
                "outputRevenue": 789.1410247,
                "runtime": 6462228.871,
                "runtimeShare": 0.07479431563,
                "totalCost": 531.8043853,
                "totalProfit": 257.3366394,
                "visible": false,
                "workforceCost": 51.43412153,
                "workforceCostTotal": 687.6742048,
              },
              "dailyShare": 0.2666666667,
              "recipe": {
                "building_ticker": "FP",
                "dailyRevenue": 0,
                "inputs": [
                  {
                    "material_amount": 10,
                    "material_ticker": "H2O",
                  },
                ],
                "outputs": [
                  {
                    "material_amount": 7,
                    "material_ticker": "DW",
                  },
                ],
                "profitPerArea": 0,
                "recipe_id": "FP#10xH2O=>7xDW",
                "recipe_name": "10xH2O=>7xDW",
                "roi": 0,
                "time_ms": 8640000,
              },
              "recipeId": "FP#10xH2O=>7xDW",
              "time": 12924457.74,
            },
            {
              "amount": 1,
              "cogm": {
                "degradation": 121.5568691,
                "degradationShare": 27.27528851,
                "efficiency": 1.337,
                "inputCost": [
                  {
                    "amount": 1,
                    "costTotal": 1765.035903,
                    "costUnit": 1765.035903,
                    "ticker": "CAF",
                  },
                  {
                    "amount": 3,
                    "costTotal": 338.2032963,
                    "costUnit": 112.7344321,
                    "ticker": "DW",
                  },
                ],
                "inputTotal": 2103.239199,
                "outputCOGM": [
                  {
                    "amount": 3,
                    "costSplit": 761.6056175,
                    "costTotal": 761.6056175,
                    "ticker": "COF",
                  },
                ],
                "outputRevenue": 2907.37636,
                "runtime": 19386686.61,
                "runtimeShare": 0.2243829469,
                "totalCost": 2284.816852,
                "totalProfit": 622.5595077,
                "visible": false,
                "workforceCost": 154.3023646,
                "workforceCostTotal": 687.6742048,
              },
              "dailyShare": 0.4,
              "recipe": {
                "building_ticker": "FP",
                "dailyRevenue": 0,
                "inputs": [
                  {
                    "material_amount": 3,
                    "material_ticker": "DW",
                  },
                  {
                    "material_amount": 1,
                    "material_ticker": "CAF",
                  },
                ],
                "outputs": [
                  {
                    "material_amount": 3,
                    "material_ticker": "COF",
                  },
                ],
                "profitPerArea": 0,
                "recipe_id": "FP#1xCAF 3xDW=>3xCOF",
                "recipe_name": "1xCAF 3xDW=>3xCOF",
                "roi": 0,
                "time_ms": 25920000,
              },
              "recipeId": "FP#1xCAF 3xDW=>3xCOF",
              "time": 19386686.61,
            },
            {
              "amount": 1,
              "cogm": {
                "degradation": 121.5568691,
                "degradationShare": 22.72940709,
                "efficiency": 1.337,
                "inputCost": [
                  {
                    "amount": 1,
                    "costTotal": 411.2085693,
                    "costUnit": 411.2085693,
                    "ticker": "MAI",
                  },
                  {
                    "amount": 1,
                    "costTotal": 293.6334815,
                    "costUnit": 293.6334815,
                    "ticker": "MUS",
                  },
                  {
                    "amount": 1,
                    "costTotal": 386.1205572,
                    "costUnit": 386.1205572,
                    "ticker": "VEG",
                  },
                ],
                "inputTotal": 1090.962608,
                "outputCOGM": [
                  {
                    "amount": 10,
                    "costSplit": 124.2277319,
                    "costTotal": 124.2277319,
                    "ticker": "RAT",
                  },
                ],
                "outputRevenue": 1632.169818,
                "runtime": 16155572.18,
                "runtimeShare": 0.1869857891,
                "totalCost": 1242.277319,
                "totalProfit": 389.8924988,
                "visible": false,
                "workforceCost": 128.5853038,
                "workforceCostTotal": 687.6742048,
              },
              "dailyShare": 0.3333333333,
              "recipe": {
                "building_ticker": "FP",
                "dailyRevenue": 0,
                "inputs": [
                  {
                    "material_amount": 1,
                    "material_ticker": "VEG",
                  },
                  {
                    "material_amount": 1,
                    "material_ticker": "MAI",
                  },
                  {
                    "material_amount": 1,
                    "material_ticker": "MUS",
                  },
                ],
                "outputs": [
                  {
                    "material_amount": 10,
                    "material_ticker": "RAT",
                  },
                ],
                "profitPerArea": 0,
                "recipe_id": "FP#1xMUS 1xVEG 1xMAI=>10xRAT",
                "recipe_name": "1xMUS 1xVEG 1xMAI=>10xRAT",
                "roi": 0,
                "time_ms": 21600000,
              },
              "recipeId": "FP#1xMUS 1xVEG 1xMAI=>10xRAT",
              "time": 16155572.18,
            },
          ],
          "amount": 19,
          "areaUsed": 228,
          "constructionCost": -21880.23644,
          "constructionMaterials": [
            {
              "input": 3,
              "output": 0,
              "ticker": "BBH",
            },
            {
              "input": 3,
              "output": 0,
              "ticker": "BDE",
            },
            {
              "input": 3,
              "output": 0,
              "ticker": "BSE",
            },
            {
              "input": 48,
              "output": 0,
              "ticker": "MCG",
            },
          ],
          "dailyRevenue": 51724.7515,
          "efficiencyElements": [
            {
              "efficiencyType": "COGC",
              "value": 1.25,
            },
            {
              "efficiencyType": "EXPERT",
              "value": 1.0696,
            },
            {
              "efficiencyType": "WORKFORCE",
              "value": 1,
            },
          ],
          "expertise": "FOOD_INDUSTRIES",
          "name": "FP",
          "recipeOptions": [
            {
              "building_ticker": "FP",
              "dailyRevenue": 3256.598333,
              "inputs": [
                {
                  "material_amount": 10,
                  "material_ticker": "H2O",
                },
                {
                  "material_amount": 1,
                  "material_ticker": "PG",
                },
              ],
              "outputs": [
                {
                  "material_amount": 10,
                  "material_ticker": "DW",
                },
              ],
              "profitPerArea": 183.8402285,
              "recipe_id": "FP#10xH2O 1xPG=>10xDW",
              "recipe_name": "10xH2O 1xPG=>10xDW",
              "roi": 6.71873968,
              "time_ms": 12924457.74,
            },
            {
              "building_ticker": "FP",
              "dailyRevenue": 3440.590869,
              "inputs": [
                {
                  "material_amount": 10,
                  "material_ticker": "H2O",
                },
              ],
              "outputs": [
                {
                  "material_amount": 7,
                  "material_ticker": "DW",
                },
              ],
              "profitPerArea": 194.2269039,
              "recipe_id": "FP#10xH2O=>7xDW",
              "recipe_name": "10xH2O=>7xDW",
              "roi": 6.359441524,
              "time_ms": 6462228.871,
            },
            {
              "building_ticker": "FP",
              "dailyRevenue": 2043.861779,
              "inputs": [
                {
                  "material_amount": 1,
                  "material_ticker": "BEA",
                },
                {
                  "material_amount": 1,
                  "material_ticker": "ALG",
                },
                {
                  "material_amount": 1,
                  "material_ticker": "H2O",
                },
              ],
              "outputs": [
                {
                  "material_amount": 6,
                  "material_ticker": "PPA",
                },
              ],
              "profitPerArea": 115.379294,
              "recipe_id": "FP#1xALG 1xH2O 1xBEA=>6xPPA",
              "recipe_name": "1xALG 1xH2O 1xBEA=>6xPPA",
              "roi": 10.70534058,
              "time_ms": 32311144.35,
            },
            {
              "building_ticker": "FP",
              "dailyRevenue": 2774.540206,
              "inputs": [
                {
                  "material_amount": 3,
                  "material_ticker": "DW",
                },
                {
                  "material_amount": 1,
                  "material_ticker": "CAF",
                },
              ],
              "outputs": [
                {
                  "material_amount": 3,
                  "material_ticker": "COF",
                },
              ],
              "profitPerArea": 156.6272697,
              "recipe_id": "FP#1xCAF 3xDW=>3xCOF",
              "recipe_name": "1xCAF 3xDW=>3xCOF",
              "roi": 7.886076545,
              "time_ms": 19386686.61,
            },
            {
              "building_ticker": "FP",
              "dailyRevenue": 1975.413882,
              "inputs": [
                {
                  "material_amount": 1,
                  "material_ticker": "GRN",
                },
                {
                  "material_amount": 1,
                  "material_ticker": "NUT",
                },
                {
                  "material_amount": 1,
                  "material_ticker": "ALG",
                },
              ],
              "outputs": [
                {
                  "material_amount": 10,
                  "material_ticker": "RAT",
                },
              ],
              "profitPerArea": 111.5152998,
              "recipe_id": "FP#1xGRN 1xALG 1xNUT=>10xRAT",
              "recipe_name": "1xGRN 1xALG 1xNUT=>10xRAT",
              "roi": 11.07627958,
              "time_ms": 16155572.18,
            },
            {
              "building_ticker": "FP",
              "dailyRevenue": 1872.281746,
              "inputs": [
                {
                  "material_amount": 1,
                  "material_ticker": "ALG",
                },
                {
                  "material_amount": 1,
                  "material_ticker": "VEG",
                },
                {
                  "material_amount": 1,
                  "material_ticker": "GRN",
                },
              ],
              "outputs": [
                {
                  "material_amount": 10,
                  "material_ticker": "RAT",
                },
              ],
              "profitPerArea": 105.6933244,
              "recipe_id": "FP#1xGRN 1xALG 1xVEG=>10xRAT",
              "recipe_name": "1xGRN 1xALG 1xVEG=>10xRAT",
              "roi": 11.68640163,
              "time_ms": 16155572.18,
            },
            {
              "building_ticker": "FP",
              "dailyRevenue": 1997.396697,
              "inputs": [
                {
                  "material_amount": 1,
                  "material_ticker": "GRN",
                },
                {
                  "material_amount": 1,
                  "material_ticker": "NUT",
                },
                {
                  "material_amount": 1,
                  "material_ticker": "BEA",
                },
              ],
              "outputs": [
                {
                  "material_amount": 10,
                  "material_ticker": "RAT",
                },
              ],
              "profitPerArea": 112.7562652,
              "recipe_id": "FP#1xGRN 1xBEA 1xNUT=>10xRAT",
              "recipe_name": "1xGRN 1xBEA 1xNUT=>10xRAT",
              "roi": 10.954377,
              "time_ms": 16155572.18,
            },
            {
              "building_ticker": "FP",
              "dailyRevenue": 1894.264561,
              "inputs": [
                {
                  "material_amount": 1,
                  "material_ticker": "BEA",
                },
                {
                  "material_amount": 1,
                  "material_ticker": "VEG",
                },
                {
                  "material_amount": 1,
                  "material_ticker": "GRN",
                },
              ],
              "outputs": [
                {
                  "material_amount": 10,
                  "material_ticker": "RAT",
                },
              ],
              "profitPerArea": 106.9342897,
              "recipe_id": "FP#1xGRN 1xBEA 1xVEG=>10xRAT",
              "recipe_name": "1xGRN 1xBEA 1xVEG=>10xRAT",
              "roi": 11.55078171,
              "time_ms": 16155572.18,
            },
            {
              "building_ticker": "FP",
              "dailyRevenue": 1959.505414,
              "inputs": [
                {
                  "material_amount": 1,
                  "material_ticker": "NUT",
                },
                {
                  "material_amount": 1,
                  "material_ticker": "ALG",
                },
                {
                  "material_amount": 1,
                  "material_ticker": "MAI",
                },
              ],
              "outputs": [
                {
                  "material_amount": 10,
                  "material_ticker": "RAT",
                },
              ],
              "profitPerArea": 110.6172411,
              "recipe_id": "FP#1xMAI 1xALG 1xNUT=>10xRAT",
              "recipe_name": "1xMAI 1xALG 1xNUT=>10xRAT",
              "roi": 11.16620362,
              "time_ms": 16155572.18,
            },
            {
              "building_ticker": "FP",
              "dailyRevenue": 1856.373277,
              "inputs": [
                {
                  "material_amount": 1,
                  "material_ticker": "MAI",
                },
                {
                  "material_amount": 1,
                  "material_ticker": "ALG",
                },
                {
                  "material_amount": 1,
                  "material_ticker": "VEG",
                },
              ],
              "outputs": [
                {
                  "material_amount": 10,
                  "material_ticker": "RAT",
                },
              ],
              "profitPerArea": 104.7952657,
              "recipe_id": "FP#1xMAI 1xALG 1xVEG=>10xRAT",
              "recipe_name": "1xMAI 1xALG 1xVEG=>10xRAT",
              "roi": 11.78654999,
              "time_ms": 16155572.18,
            },
            {
              "building_ticker": "FP",
              "dailyRevenue": 1981.488229,
              "inputs": [
                {
                  "material_amount": 1,
                  "material_ticker": "MAI",
                },
                {
                  "material_amount": 1,
                  "material_ticker": "BEA",
                },
                {
                  "material_amount": 1,
                  "material_ticker": "NUT",
                },
              ],
              "outputs": [
                {
                  "material_amount": 10,
                  "material_ticker": "RAT",
                },
              ],
              "profitPerArea": 111.8582065,
              "recipe_id": "FP#1xMAI 1xBEA 1xNUT=>10xRAT",
              "recipe_name": "1xMAI 1xBEA 1xNUT=>10xRAT",
              "roi": 11.04232471,
              "time_ms": 16155572.18,
            },
            {
              "building_ticker": "FP",
              "dailyRevenue": 1878.356093,
              "inputs": [
                {
                  "material_amount": 1,
                  "material_ticker": "MAI",
                },
                {
                  "material_amount": 1,
                  "material_ticker": "BEA",
                },
                {
                  "material_amount": 1,
                  "material_ticker": "VEG",
                },
              ],
              "outputs": [
                {
                  "material_amount": 10,
                  "material_ticker": "RAT",
                },
              ],
              "profitPerArea": 106.036231,
              "recipe_id": "FP#1xMAI 1xBEA 1xVEG=>10xRAT",
              "recipe_name": "1xMAI 1xBEA 1xVEG=>10xRAT",
              "roi": 11.6486094,
              "time_ms": 16155572.18,
            },
            {
              "building_ticker": "FP",
              "dailyRevenue": 2204.185688,
              "inputs": [
                {
                  "material_amount": 1,
                  "material_ticker": "GRN",
                },
                {
                  "material_amount": 1,
                  "material_ticker": "NUT",
                },
                {
                  "material_amount": 1,
                  "material_ticker": "MUS",
                },
              ],
              "outputs": [
                {
                  "material_amount": 10,
                  "material_ticker": "RAT",
                },
              ],
              "profitPerArea": 124.4298372,
              "recipe_id": "FP#1xMUS 1xNUT 1xGRN=>10xRAT",
              "recipe_name": "1xMUS 1xNUT 1xGRN=>10xRAT",
              "roi": 9.926675669,
              "time_ms": 16155572.18,
            },
            {
              "building_ticker": "FP",
              "dailyRevenue": 2188.27722,
              "inputs": [
                {
                  "material_amount": 1,
                  "material_ticker": "NUT",
                },
                {
                  "material_amount": 1,
                  "material_ticker": "MUS",
                },
                {
                  "material_amount": 1,
                  "material_ticker": "MAI",
                },
              ],
              "outputs": [
                {
                  "material_amount": 10,
                  "material_ticker": "RAT",
                },
              ],
              "profitPerArea": 123.5317785,
              "recipe_id": "FP#1xMUS 1xNUT 1xMAI=>10xRAT",
              "recipe_name": "1xMUS 1xNUT 1xMAI=>10xRAT",
              "roi": 9.998841208,
              "time_ms": 16155572.18,
            },
            {
              "building_ticker": "FP",
              "dailyRevenue": 2101.053552,
              "inputs": [
                {
                  "material_amount": 1,
                  "material_ticker": "VEG",
                },
                {
                  "material_amount": 1,
                  "material_ticker": "MUS",
                },
                {
                  "material_amount": 1,
                  "material_ticker": "GRN",
                },
              ],
              "outputs": [
                {
                  "material_amount": 10,
                  "material_ticker": "RAT",
                },
              ],
              "profitPerArea": 118.6078618,
              "recipe_id": "FP#1xMUS 1xVEG 1xGRN=>10xRAT",
              "recipe_name": "1xMUS 1xVEG 1xGRN=>10xRAT",
              "roi": 10.41393563,
              "time_ms": 16155572.18,
            },
            {
              "building_ticker": "FP",
              "dailyRevenue": 2085.145084,
              "inputs": [
                {
                  "material_amount": 1,
                  "material_ticker": "VEG",
                },
                {
                  "material_amount": 1,
                  "material_ticker": "MAI",
                },
                {
                  "material_amount": 1,
                  "material_ticker": "MUS",
                },
              ],
              "outputs": [
                {
                  "material_amount": 10,
                  "material_ticker": "RAT",
                },
              ],
              "profitPerArea": 117.7098031,
              "recipe_id": "FP#1xMUS 1xVEG 1xMAI=>10xRAT",
              "recipe_name": "1xMUS 1xVEG 1xMAI=>10xRAT",
              "roi": 10.49338802,
              "time_ms": 16155572.18,
            },
            {
              "building_ticker": "FP",
              "dailyRevenue": 1279.135233,
              "inputs": [
                {
                  "material_amount": 2,
                  "material_ticker": "ALG",
                },
                {
                  "material_amount": 1,
                  "material_ticker": "H2O",
                },
              ],
              "outputs": [
                {
                  "material_amount": 4,
                  "material_ticker": "PPA",
                },
              ],
              "profitPerArea": 72.20924705,
              "recipe_id": "FP#2xALG 1xH2O=>4xPPA",
              "recipe_name": "2xALG 1xH2O=>4xPPA",
              "roi": 17.10549117,
              "time_ms": 19386686.61,
            },
            {
              "building_ticker": "FP",
              "dailyRevenue": 1315.773259,
              "inputs": [
                {
                  "material_amount": 1,
                  "material_ticker": "H2O",
                },
                {
                  "material_amount": 2,
                  "material_ticker": "BEA",
                },
              ],
              "outputs": [
                {
                  "material_amount": 4,
                  "material_ticker": "PPA",
                },
              ],
              "profitPerArea": 74.27752268,
              "recipe_id": "FP#2xBEA 1xH2O=>4xPPA",
              "recipe_name": "2xBEA 1xH2O=>4xPPA",
              "roi": 16.62918462,
              "time_ms": 19386686.61,
            },
            {
              "building_ticker": "FP",
              "dailyRevenue": 3342.422383,
              "inputs": [
                {
                  "material_amount": 2,
                  "material_ticker": "FIM",
                },
                {
                  "material_amount": 1,
                  "material_ticker": "MTP",
                },
              ],
              "outputs": [
                {
                  "material_amount": 2,
                  "material_ticker": "MEA",
                },
              ],
              "profitPerArea": 188.6851345,
              "recipe_id": "FP#2xFIM 1xMTP=>2xMEA",
              "recipe_name": "2xFIM 1xMTP=>2xMEA",
              "roi": 6.546221253,
              "time_ms": 42004487.66,
            },
            {
              "building_ticker": "FP",
              "dailyRevenue": 2660.117901,
              "inputs": [
                {
                  "material_amount": 2,
                  "material_ticker": "RAT",
                },
                {
                  "material_amount": 1,
                  "material_ticker": "HER",
                },
              ],
              "outputs": [
                {
                  "material_amount": 2,
                  "material_ticker": "FIM",
                },
              ],
              "profitPerArea": 150.167946,
              "recipe_id": "FP#2xRAT 1xHER=>2xFIM",
              "recipe_name": "2xRAT 1xHER=>2xFIM",
              "roi": 8.22528822,
              "time_ms": 32311144.35,
            },
            {
              "building_ticker": "FP",
              "dailyRevenue": 1718.328692,
              "inputs": [
                {
                  "material_amount": 5,
                  "material_ticker": "MAI",
                },
                {
                  "material_amount": 5,
                  "material_ticker": "NUT",
                },
                {
                  "material_amount": 5,
                  "material_ticker": "VEG",
                },
              ],
              "outputs": [
                {
                  "material_amount": 16,
                  "material_ticker": "FOD",
                },
              ],
              "profitPerArea": 97.00242618,
              "recipe_id": "FP#5xNUT 5xMAI 5xVEG=>16xFOD",
              "recipe_name": "5xNUT 5xMAI 5xVEG=>16xFOD",
              "roi": 12.73344066,
              "time_ms": 32311144.35,
            },
          ],
          "totalBatchTime": 48466716.53,
          "totalEfficiency": 1.337,
          "workforceDailyCost": -687.6742048,
          "workforceMaterials": [
            {
              "input": 1.6,
              "output": 0,
              "ticker": "DW",
            },
            {
              "input": 1.6,
              "output": 0,
              "ticker": "RAT",
            },
            {
              "input": 0.2,
              "output": 0,
              "ticker": "OVE",
            },
            {
              "input": 0.08,
              "output": 0,
              "ticker": "PWO",
            },
            {
              "input": 0.2,
              "output": 0,
              "ticker": "COF",
            },
          ],
        },
        {
          "activeRecipes": [
            {
              "amount": 6,
              "cogm": {
                "degradation": 666.7996251,
                "degradationShare": 148.2040419,
                "efficiency": 1.1248,
                "inputCost": [
                  {
                    "amount": 22,
                    "costTotal": 1036.812702,
                    "costUnit": 47.12785009,
                    "ticker": "H2O",
                  },
                  {
                    "amount": 3,
                    "costTotal": 1199.197174,
                    "costUnit": 399.7323913,
                    "ticker": "NS",
                  },
                ],
                "inputTotal": 2236.009876,
                "outputCOGM": [
                  {
                    "amount": 2,
                    "costSplit": 1338.889763,
                    "costTotal": 1338.889763,
                    "ticker": "CAF",
                  },
                ],
                "outputRevenue": 3530.071806,
                "runtime": 19203413.94,
                "runtimeShare": 0.2222617354,
                "totalCost": 2677.779525,
                "totalProfit": 852.2922807,
                "visible": false,
                "workforceCost": 293.5656078,
                "workforceCostTotal": 1320.810382,
              },
              "dailyShare": 0.2884615385,
              "recipe": {
                "building_ticker": "HYF",
                "dailyRevenue": 0,
                "inputs": [
                  {
                    "material_amount": 22,
                    "material_ticker": "H2O",
                  },
                  {
                    "material_amount": 3,
                    "material_ticker": "NS",
                  },
                ],
                "outputs": [
                  {
                    "material_amount": 2,
                    "material_ticker": "CAF",
                  },
                ],
                "profitPerArea": 0,
                "recipe_id": "HYF#22xH2O 3xNS=>2xCAF",
                "recipe_name": "22xH2O 3xNS=>2xCAF",
                "roi": 0,
                "time_ms": 21600000,
              },
              "recipeId": "HYF#22xH2O 3xNS=>2xCAF",
              "time": 115220483.6,
            },
            {
              "amount": 3,
              "cogm": {
                "degradation": 666.7996251,
                "degradationShare": 237.126467,
                "efficiency": 1.1248,
                "inputCost": [
                  {
                    "amount": 14,
                    "costTotal": 659.7899013,
                    "costUnit": 47.12785009,
                    "ticker": "H2O",
                  },
                  {
                    "amount": 1,
                    "costTotal": 399.7323913,
                    "costUnit": 399.7323913,
                    "ticker": "NS",
                  },
                ],
                "inputTotal": 1059.522293,
                "outputCOGM": [
                  {
                    "amount": 8,
                    "costSplit": 220.7942165,
                    "costTotal": 220.7942165,
                    "ticker": "HCP",
                  },
                ],
                "outputRevenue": 3265.055111,
                "runtime": 30725462.3,
                "runtimeShare": 0.3556187767,
                "totalCost": 1766.353732,
                "totalProfit": 1498.701379,
                "visible": false,
                "workforceCost": 469.7049724,
                "workforceCostTotal": 1320.810382,
              },
              "dailyShare": 0.2307692308,
              "recipe": {
                "building_ticker": "HYF",
                "dailyRevenue": 0,
                "inputs": [
                  {
                    "material_amount": 14,
                    "material_ticker": "H2O",
                  },
                  {
                    "material_amount": 1,
                    "material_ticker": "NS",
                  },
                ],
                "outputs": [
                  {
                    "material_amount": 8,
                    "material_ticker": "HCP",
                  },
                ],
                "profitPerArea": 0,
                "recipe_id": "HYF#14xH2O 1xNS=>8xHCP",
                "recipe_name": "14xH2O 1xNS=>8xHCP",
                "roi": 0,
                "time_ms": 34560000,
              },
              "recipeId": "HYF#14xH2O 1xNS=>8xHCP",
              "time": 92176386.91,
            },
            {
              "amount": 1,
              "cogm": {
                "degradation": 666.7996251,
                "degradationShare": 296.4080837,
                "efficiency": 1.1248,
                "inputCost": [
                  {
                    "amount": 4,
                    "costTotal": 1598.929565,
                    "costUnit": 399.7323913,
                    "ticker": "NS",
                  },
                ],
                "inputTotal": 1598.929565,
                "outputCOGM": [
                  {
                    "amount": 12,
                    "costSplit": 206.8724054,
                    "costTotal": 206.8724054,
                    "ticker": "MUS",
                  },
                ],
                "outputRevenue": 3523.601778,
                "runtime": 38406827.88,
                "runtimeShare": 0.4445234708,
                "totalCost": 2482.468864,
                "totalProfit": 1041.132914,
                "visible": false,
                "workforceCost": 587.1312155,
                "workforceCostTotal": 1320.810382,
              },
              "dailyShare": 0.09615384615,
              "recipe": {
                "building_ticker": "HYF",
                "dailyRevenue": 0,
                "inputs": [
                  {
                    "material_amount": 4,
                    "material_ticker": "NS",
                  },
                ],
                "outputs": [
                  {
                    "material_amount": 12,
                    "material_ticker": "MUS",
                  },
                ],
                "profitPerArea": 0,
                "recipe_id": "HYF#4xNS=>12xMUS",
                "recipe_name": "4xNS=>12xMUS",
                "roi": 0,
                "time_ms": 43200000,
              },
              "recipeId": "HYF#4xNS=>12xMUS",
              "time": 38406827.88,
            },
            {
              "amount": 2,
              "cogm": {
                "degradation": 666.7996251,
                "degradationShare": 118.5632335,
                "efficiency": 1.1248,
                "inputCost": [
                  {
                    "amount": 16,
                    "costTotal": 754.0456015,
                    "costUnit": 47.12785009,
                    "ticker": "H2O",
                  },
                  {
                    "amount": 1,
                    "costTotal": 399.7323913,
                    "costUnit": 399.7323913,
                    "ticker": "NS",
                  },
                ],
                "inputTotal": 1153.777993,
                "outputCOGM": [
                  {
                    "amount": 6,
                    "costSplit": 251.1989521,
                    "costTotal": 251.1989521,
                    "ticker": "VEG",
                  },
                ],
                "outputRevenue": 2316.723343,
                "runtime": 15362731.15,
                "runtimeShare": 0.1778093883,
                "totalCost": 1507.193712,
                "totalProfit": 809.5296307,
                "visible": false,
                "workforceCost": 234.8524862,
                "workforceCostTotal": 1320.810382,
              },
              "dailyShare": 0.07692307692,
              "recipe": {
                "building_ticker": "HYF",
                "dailyRevenue": 0,
                "inputs": [
                  {
                    "material_amount": 16,
                    "material_ticker": "H2O",
                  },
                  {
                    "material_amount": 1,
                    "material_ticker": "NS",
                  },
                ],
                "outputs": [
                  {
                    "material_amount": 6,
                    "material_ticker": "VEG",
                  },
                ],
                "profitPerArea": 0,
                "recipe_id": "HYF#16xH2O 1xNS=>6xVEG",
                "recipe_name": "16xH2O 1xNS=>6xVEG",
                "roi": 0,
                "time_ms": 17280000,
              },
              "recipeId": "HYF#16xH2O 1xNS=>6xVEG",
              "time": 30725462.3,
            },
            {
              "amount": 2,
              "cogm": {
                "degradation": 666.7996251,
                "degradationShare": 474.252934,
                "efficiency": 1.1248,
                "inputCost": [
                  {
                    "amount": 20,
                    "costTotal": 942.5570018,
                    "costUnit": 47.12785009,
                    "ticker": "H2O",
                  },
                  {
                    "amount": 2,
                    "costTotal": 799.4647825,
                    "costUnit": 399.7323913,
                    "ticker": "NS",
                  },
                ],
                "inputTotal": 1742.021784,
                "outputCOGM": [
                  {
                    "amount": 12,
                    "costSplit": 262.9737219,
                    "costTotal": 262.9737219,
                    "ticker": "MAI",
                  },
                ],
                "outputRevenue": 4934.502832,
                "runtime": 61450924.61,
                "runtimeShare": 0.7112375533,
                "totalCost": 3155.684663,
                "totalProfit": 1778.818169,
                "visible": false,
                "workforceCost": 939.4099448,
                "workforceCostTotal": 1320.810382,
              },
              "dailyShare": 0.3076923077,
              "recipe": {
                "building_ticker": "HYF",
                "dailyRevenue": 0,
                "inputs": [
                  {
                    "material_amount": 2,
                    "material_ticker": "NS",
                  },
                  {
                    "material_amount": 20,
                    "material_ticker": "H2O",
                  },
                ],
                "outputs": [
                  {
                    "material_amount": 12,
                    "material_ticker": "MAI",
                  },
                ],
                "profitPerArea": 0,
                "recipe_id": "HYF#20xH2O 2xNS=>12xMAI",
                "recipe_name": "20xH2O 2xNS=>12xMAI",
                "roi": 0,
                "time_ms": 69120000,
              },
              "recipeId": "HYF#20xH2O 2xNS=>12xMAI",
              "time": 122901849.2,
            },
          ],
          "amount": 11,
          "areaUsed": 165,
          "constructionCost": -120023.9325,
          "constructionMaterials": [
            {
              "input": 4,
              "output": 0,
              "ticker": "TRU",
            },
            {
              "input": 2,
              "output": 0,
              "ticker": "BSE",
            },
            {
              "input": 16,
              "output": 0,
              "ticker": "MHL",
            },
            {
              "input": 4,
              "output": 0,
              "ticker": "LBH",
            },
            {
              "input": 60,
              "output": 0,
              "ticker": "MCG",
            },
          ],
          "dailyRevenue": 37660.15336,
          "efficiencyElements": [
            {
              "efficiencyType": "EXPERT",
              "value": 1.1248,
            },
            {
              "efficiencyType": "WORKFORCE",
              "value": 1,
            },
          ],
          "expertise": "AGRICULTURE",
          "name": "HYF",
          "recipeOptions": [
            {
              "building_ticker": "HYF",
              "dailyRevenue": 1832.424539,
              "inputs": [
                {
                  "material_amount": 4,
                  "material_ticker": "NS",
                },
                {
                  "material_amount": 10,
                  "material_ticker": "H2O",
                },
              ],
              "outputs": [
                {
                  "material_amount": 2,
                  "material_ticker": "RCO",
                },
              ],
              "profitPerArea": 77.42638896,
              "recipe_id": "HYF#10xH2O 4xNS=>2xRCO",
              "recipe_name": "10xH2O 4xNS=>2xRCO",
              "roi": 65.50006835,
              "time_ms": 16899004.27,
            },
            {
              "building_ticker": "HYF",
              "dailyRevenue": 4214.348277,
              "inputs": [
                {
                  "material_amount": 14,
                  "material_ticker": "H2O",
                },
                {
                  "material_amount": 1,
                  "material_ticker": "NS",
                },
              ],
              "outputs": [
                {
                  "material_amount": 8,
                  "material_ticker": "HCP",
                },
              ],
              "profitPerArea": 178.071054,
              "recipe_id": "HYF#14xH2O 1xNS=>8xHCP",
              "recipe_name": "14xH2O 1xNS=>8xHCP",
              "roi": 28.47983238,
              "time_ms": 30725462.3,
            },
            {
              "building_ticker": "HYF",
              "dailyRevenue": 4552.794643,
              "inputs": [
                {
                  "material_amount": 16,
                  "material_ticker": "H2O",
                },
                {
                  "material_amount": 1,
                  "material_ticker": "NS",
                },
              ],
              "outputs": [
                {
                  "material_amount": 6,
                  "material_ticker": "VEG",
                },
              ],
              "profitPerArea": 192.3716046,
              "recipe_id": "HYF#16xH2O 1xNS=>6xVEG",
              "recipe_name": "16xH2O 1xNS=>6xVEG",
              "roi": 26.36269411,
              "time_ms": 15362731.15,
            },
            {
              "building_ticker": "HYF",
              "dailyRevenue": 4219.827038,
              "inputs": [
                {
                  "material_amount": 16,
                  "material_ticker": "H2O",
                },
                {
                  "material_amount": 2,
                  "material_ticker": "NS",
                },
              ],
              "outputs": [
                {
                  "material_amount": 12,
                  "material_ticker": "ALG",
                },
              ],
              "profitPerArea": 178.3025509,
              "recipe_id": "HYF#16xH2O 2xNS=>12xALG",
              "recipe_name": "16xH2O 2xNS=>12xALG",
              "roi": 28.44285594,
              "time_ms": 34566145.09,
            },
            {
              "building_ticker": "HYF",
              "dailyRevenue": 917.3792134,
              "inputs": [
                {
                  "material_amount": 1,
                  "material_ticker": "NS",
                },
              ],
              "outputs": [
                {
                  "material_amount": 4,
                  "material_ticker": "MUS",
                },
              ],
              "profitPerArea": 38.76250198,
              "recipe_id": "HYF#1xNS=>4xMUS",
              "recipe_name": "1xNS=>4xMUS",
              "roi": 130.8334991,
              "time_ms": 23044096.73,
            },
            {
              "building_ticker": "HYF",
              "dailyRevenue": 2501.018346,
              "inputs": [
                {
                  "material_amount": 2,
                  "material_ticker": "NS",
                },
                {
                  "material_amount": 20,
                  "material_ticker": "H2O",
                },
              ],
              "outputs": [
                {
                  "material_amount": 12,
                  "material_ticker": "MAI",
                },
              ],
              "profitPerArea": 105.6768315,
              "recipe_id": "HYF#20xH2O 2xNS=>12xMAI",
              "recipe_name": "20xH2O 2xNS=>12xMAI",
              "roi": 47.99002484,
              "time_ms": 61450924.61,
            },
            {
              "building_ticker": "HYF",
              "dailyRevenue": 3834.63343,
              "inputs": [
                {
                  "material_amount": 22,
                  "material_ticker": "H2O",
                },
                {
                  "material_amount": 3,
                  "material_ticker": "NS",
                },
              ],
              "outputs": [
                {
                  "material_amount": 2,
                  "material_ticker": "CAF",
                },
              ],
              "profitPerArea": 162.0267646,
              "recipe_id": "HYF#22xH2O 3xNS=>2xCAF",
              "recipe_name": "22xH2O 3xNS=>2xCAF",
              "roi": 31.29997553,
              "time_ms": 19203413.94,
            },
            {
              "building_ticker": "HYF",
              "dailyRevenue": 2342.132603,
              "inputs": [
                {
                  "material_amount": 4,
                  "material_ticker": "NS",
                },
              ],
              "outputs": [
                {
                  "material_amount": 12,
                  "material_ticker": "MUS",
                },
              ],
              "profitPerArea": 98.96334942,
              "recipe_id": "HYF#4xNS=>12xMUS",
              "recipe_name": "4xNS=>12xMUS",
              "roi": 51.24557524,
              "time_ms": 38406827.88,
            },
          ],
          "totalBatchTime": 399431010,
          "totalEfficiency": 1.1248,
          "workforceDailyCost": -1320.810382,
          "workforceMaterials": [
            {
              "input": 2.6,
              "output": 0,
              "ticker": "DW",
            },
            {
              "input": 2.8,
              "output": 0,
              "ticker": "RAT",
            },
            {
              "input": 0.2,
              "output": 0,
              "ticker": "OVE",
            },
            {
              "input": 0.08,
              "output": 0,
              "ticker": "PWO",
            },
            {
              "input": 0.2,
              "output": 0,
              "ticker": "COF",
            },
            {
              "input": 0.1,
              "output": 0,
              "ticker": "EXO",
            },
            {
              "input": 0.1,
              "output": 0,
              "ticker": "PT",
            },
            {
              "input": 0.04,
              "output": 0,
              "ticker": "REP",
            },
            {
              "input": 0.2,
              "output": 0,
              "ticker": "KOM",
            },
          ],
        },
        {
          "activeRecipes": [
            {
              "amount": 1,
              "cogm": {
                "degradation": 125.0283462,
                "degradationShare": 80.06860907,
                "efficiency": 1.0306,
                "inputCost": [
                  {
                    "amount": 4,
                    "costTotal": 1632.527555,
                    "costUnit": 408.1318888,
                    "ticker": "HCP",
                  },
                  {
                    "amount": 2,
                    "costTotal": 822.4171387,
                    "costUnit": 411.2085693,
                    "ticker": "MAI",
                  },
                ],
                "inputTotal": 2454.944694,
                "outputCOGM": [
                  {
                    "amount": 4,
                    "costSplit": 743.8505932,
                    "costTotal": 743.8505932,
                    "ticker": "C",
                  },
                ],
                "outputRevenue": 3884.43556,
                "runtime": 55330875.22,
                "runtimeShare": 0.6404036484,
                "totalCost": 2975.402373,
                "totalProfit": 909.0331877,
                "visible": false,
                "workforceCost": 440.3890696,
                "workforceCostTotal": 687.6742048,
              },
              "dailyShare": 1,
              "recipe": {
                "building_ticker": "INC",
                "dailyRevenue": 0,
                "inputs": [
                  {
                    "material_amount": 4,
                    "material_ticker": "HCP",
                  },
                  {
                    "material_amount": 2,
                    "material_ticker": "MAI",
                  },
                ],
                "outputs": [
                  {
                    "material_amount": 4,
                    "material_ticker": "C",
                  },
                ],
                "profitPerArea": 0,
                "recipe_id": "INC#4xHCP 2xMAI=>4xC",
                "recipe_name": "4xHCP 2xMAI=>4xC",
                "roi": 0,
                "time_ms": 57024000,
              },
              "recipeId": "INC#4xHCP 2xMAI=>4xC",
              "time": 55330875.22,
            },
          ],
          "amount": 7,
          "areaUsed": 70,
          "constructionCost": -22505.10232,
          "constructionMaterials": [
            {
              "input": 2,
              "output": 0,
              "ticker": "BDE",
            },
            {
              "input": 4,
              "output": 0,
              "ticker": "BSE",
            },
            {
              "input": 3,
              "output": 0,
              "ticker": "BBH",
            },
            {
              "input": 1,
              "output": 0,
              "ticker": "BTA",
            },
            {
              "input": 40,
              "output": 0,
              "ticker": "MCG",
            },
          ],
          "dailyRevenue": 9936.283671,
          "efficiencyElements": [
            {
              "efficiencyType": "EXPERT",
              "value": 1.0306,
            },
            {
              "efficiencyType": "WORKFORCE",
              "value": 1,
            },
          ],
          "expertise": "RESOURCE_EXTRACTION",
          "name": "INC",
          "recipeOptions": [
            {
              "building_ticker": "INC",
              "dailyRevenue": 1507.693259,
              "inputs": [
                {
                  "material_amount": 4,
                  "material_ticker": "GRN",
                },
              ],
              "outputs": [
                {
                  "material_amount": 4,
                  "material_ticker": "C",
                },
              ],
              "profitPerArea": 98.46160062,
              "recipe_id": "INC#4xGRN=>4xC",
              "recipe_name": "4xGRN=>4xC",
              "roi": 14.92684416,
              "time_ms": 83834659.42,
            },
            {
              "building_ticker": "INC",
              "dailyRevenue": 1101.786988,
              "inputs": [
                {
                  "material_amount": 4,
                  "material_ticker": "HCP",
                },
                {
                  "material_amount": 2,
                  "material_ticker": "MAI",
                },
                {
                  "material_amount": 2,
                  "material_ticker": "GRN",
                },
              ],
              "outputs": [
                {
                  "material_amount": 4,
                  "material_ticker": "C",
                },
              ],
              "profitPerArea": 71.95343595,
              "recipe_id": "INC#4xHCP 2xGRN 2xMAI=>4xC",
              "recipe_name": "4xHCP 2xGRN 2xMAI=>4xC",
              "roi": 20.42600118,
              "time_ms": 27665437.61,
            },
            {
              "building_ticker": "INC",
              "dailyRevenue": 1428.759041,
              "inputs": [
                {
                  "material_amount": 4,
                  "material_ticker": "HCP",
                },
                {
                  "material_amount": 2,
                  "material_ticker": "GRN",
                },
              ],
              "outputs": [
                {
                  "material_amount": 4,
                  "material_ticker": "C",
                },
              ],
              "profitPerArea": 93.30671291,
              "recipe_id": "INC#4xHCP 2xGRN=>4xC",
              "recipe_name": "4xHCP 2xGRN=>4xC",
              "roi": 15.751503,
              "time_ms": 55330875.22,
            },
            {
              "building_ticker": "INC",
              "dailyRevenue": 1419.469096,
              "inputs": [
                {
                  "material_amount": 4,
                  "material_ticker": "HCP",
                },
                {
                  "material_amount": 2,
                  "material_ticker": "MAI",
                },
              ],
              "outputs": [
                {
                  "material_amount": 4,
                  "material_ticker": "C",
                },
              ],
              "profitPerArea": 92.70002258,
              "recipe_id": "INC#4xHCP 2xMAI=>4xC",
              "recipe_name": "4xHCP 2xMAI=>4xC",
              "roi": 15.85459126,
              "time_ms": 55330875.22,
            },
            {
              "building_ticker": "INC",
              "dailyRevenue": 1508.113839,
              "inputs": [
                {
                  "material_amount": 4,
                  "material_ticker": "HCP",
                },
              ],
              "outputs": [
                {
                  "material_amount": 4,
                  "material_ticker": "C",
                },
              ],
              "profitPerArea": 98.48906704,
              "recipe_id": "INC#4xHCP=>4xC",
              "recipe_name": "4xHCP=>4xC",
              "roi": 14.92268139,
              "time_ms": 83834659.42,
            },
            {
              "building_ticker": "INC",
              "dailyRevenue": 1495.430531,
              "inputs": [
                {
                  "material_amount": 4,
                  "material_ticker": "MAI",
                },
              ],
              "outputs": [
                {
                  "material_amount": 4,
                  "material_ticker": "C",
                },
              ],
              "profitPerArea": 97.66076939,
              "recipe_id": "INC#4xMAI=>4xC",
              "recipe_name": "4xMAI=>4xC",
              "roi": 15.04924625,
              "time_ms": 83834659.42,
            },
          ],
          "totalBatchTime": 55330875.22,
          "totalEfficiency": 1.0306,
          "workforceDailyCost": -687.6742048,
          "workforceMaterials": [
            {
              "input": 1.6,
              "output": 0,
              "ticker": "DW",
            },
            {
              "input": 1.6,
              "output": 0,
              "ticker": "RAT",
            },
            {
              "input": 0.2,
              "output": 0,
              "ticker": "OVE",
            },
            {
              "input": 0.08,
              "output": 0,
              "ticker": "PWO",
            },
            {
              "input": 0.2,
              "output": 0,
              "ticker": "COF",
            },
          ],
        },
        {
          "activeRecipes": [
            {
              "amount": 1,
              "cogm": {
                "degradation": 128.7944574,
                "degradationShare": 26.7793627,
                "efficiency": 1.0306,
                "inputCost": [],
                "inputTotal": 0,
                "outputCOGM": [
                  {
                    "amount": 9,
                    "costSplit": 14.89077295,
                    "costTotal": 14.89077295,
                    "ticker": "H2O",
                  },
                ],
                "outputRevenue": 424.1506508,
                "runtime": 17964569.16,
                "runtimeShare": 0.2079232542,
                "totalCost": 134.0169566,
                "totalProfit": 290.1336943,
                "visible": false,
                "workforceCost": 107.2375939,
                "workforceCostTotal": 515.7556536,
              },
              "dailyShare": 1,
              "recipe": {
                "building_ticker": "RIG",
                "dailyRevenue": 0,
                "inputs": [],
                "outputs": [
                  {
                    "material_amount": 9,
                    "material_ticker": "H2O",
                  },
                ],
                "profitPerArea": 0,
                "recipe_id": "RIG#H2O",
                "recipe_name": "RIG",
                "roi": 0,
                "time_ms": 18514284.98,
              },
              "recipeId": "RIG#H2O",
              "time": 17964569.16,
            },
          ],
          "amount": 21,
          "areaUsed": 210,
          "constructionCost": -23183.00233,
          "constructionMaterials": [
            {
              "input": 12,
              "output": 0,
              "ticker": "BSE",
            },
            {
              "input": 40,
              "output": 0,
              "ticker": "MCG",
            },
          ],
          "dailyRevenue": 29303.15612,
          "efficiencyElements": [
            {
              "efficiencyType": "EXPERT",
              "value": 1.0306,
            },
            {
              "efficiencyType": "WORKFORCE",
              "value": 1,
            },
          ],
          "expertise": "RESOURCE_EXTRACTION",
          "name": "RIG",
          "recipeOptions": [
            {
              "building_ticker": "RIG",
              "dailyRevenue": 1395.388387,
              "inputs": [],
              "outputs": [
                {
                  "material_amount": 9,
                  "material_ticker": "H2O",
                },
              ],
              "profitPerArea": 97.67718708,
              "recipe_id": "RIG#H2O",
              "recipe_name": "RIG",
              "roi": 16.61401409,
              "time_ms": 17964569.16,
            },
          ],
          "totalBatchTime": 17964569.16,
          "totalEfficiency": 1.0306,
          "workforceDailyCost": -515.7556536,
          "workforceMaterials": [
            {
              "input": 1.2,
              "output": 0,
              "ticker": "DW",
            },
            {
              "input": 1.2,
              "output": 0,
              "ticker": "RAT",
            },
            {
              "input": 0.15,
              "output": 0,
              "ticker": "OVE",
            },
            {
              "input": 0.06,
              "output": 0,
              "ticker": "PWO",
            },
            {
              "input": 0.15,
              "output": 0,
              "ticker": "COF",
            },
          ],
        },
      ],
      "materialio": [
        {
          "input": 0,
          "output": 21.64260086,
          "ticker": "SIO",
        },
        {
          "input": 1262.741949,
          "output": 908.9892361,
          "ticker": "H2O",
        },
        {
          "input": 101.612,
          "output": 474.1893333,
          "ticker": "DW",
        },
        {
          "input": 33.87066667,
          "output": 28.55261538,
          "ticker": "CAF",
        },
        {
          "input": 33.87066667,
          "output": 28.55261538,
          "ticker": "VEG",
        },
        {
          "input": 55.73187879,
          "output": 57.10523077,
          "ticker": "MAI",
        },
        {
          "input": 33.87066667,
          "output": 28.55261538,
          "ticker": "MUS",
        },
        {
          "input": 0,
          "output": 101.612,
          "ticker": "COF",
        },
        {
          "input": 0,
          "output": 338.7066667,
          "ticker": "RAT",
        },
        {
          "input": 73.76092308,
          "output": 0,
          "ticker": "NS",
        },
        {
          "input": 43.72242424,
          "output": 57.10523077,
          "ticker": "HCP",
        },
        {
          "input": 0,
          "output": 43.72242424,
          "ticker": "C",
        },
      ],
    },
    "productionMaterialIO": [
      {
        "delta": 43.72242424,
        "individualVolume": 1,
        "individualWeight": 2.25,
        "input": 0,
        "output": 43.72242424,
        "price": 42459.23488,
        "ticker": "C",
        "totalVolume": 43.72242424,
        "totalWeight": 98.37545455,
      },
      {
        "delta": -5.318051282,
        "individualVolume": 1,
        "individualWeight": 0.8600000143,
        "input": 33.87066667,
        "output": 28.55261538,
        "price": -9386.551447,
        "ticker": "CAF",
        "totalVolume": -5.318051282,
        "totalWeight": -4.573524179,
      },
      {
        "delta": 101.612,
        "individualVolume": 0.1000000015,
        "individualWeight": 0.1000000015,
        "input": 0,
        "output": 101.612,
        "price": 98474.77557,
        "ticker": "COF",
        "totalVolume": 10.16120015,
        "totalWeight": 10.16120015,
      },
      {
        "delta": 372.5773333,
        "individualVolume": 0.1000000015,
        "individualWeight": 0.1000000015,
        "input": 101.612,
        "output": 474.1893333,
        "price": 42002.29409,
        "ticker": "DW",
        "totalVolume": 37.25773389,
        "totalWeight": 37.25773389,
      },
      {
        "delta": -353.7527126,
        "individualVolume": 0.200000003,
        "individualWeight": 0.200000003,
        "input": 1262.741949,
        "output": 908.9892361,
        "price": -16671.60481,
        "ticker": "H2O",
        "totalVolume": -70.75054357,
        "totalWeight": -70.75054357,
      },
      {
        "delta": 13.38280653,
        "individualVolume": 1,
        "individualWeight": 0.8000000119,
        "input": 43.72242424,
        "output": 57.10523077,
        "price": 5461.950106,
        "ticker": "HCP",
        "totalVolume": 13.38280653,
        "totalWeight": 10.70624538,
      },
      {
        "delta": 1.373351981,
        "individualVolume": 1,
        "individualWeight": 1.299999952,
        "input": 55.73187879,
        "output": 57.10523077,
        "price": 564.7341035,
        "ticker": "MAI",
        "totalVolume": 1.373351981,
        "totalWeight": 1.78535751,
      },
      {
        "delta": -5.318051282,
        "individualVolume": 1,
        "individualWeight": 0.8000000119,
        "input": 33.87066667,
        "output": 28.55261538,
        "price": -1561.557913,
        "ticker": "MUS",
        "totalVolume": -5.318051282,
        "totalWeight": -4.254441089,
      },
      {
        "delta": -73.76092308,
        "individualVolume": 0.5,
        "individualWeight": 0.6000000238,
        "input": 73.76092308,
        "output": 0,
        "price": -29484.63016,
        "ticker": "NS",
        "totalVolume": -36.88046154,
        "totalWeight": -44.2565556,
      },
      {
        "delta": 338.7066667,
        "individualVolume": 0.1000000015,
        "individualWeight": 0.2099999934,
        "input": 0,
        "output": 338.7066667,
        "price": 55282.67984,
        "ticker": "RAT",
        "totalVolume": 33.87066717,
        "totalWeight": 71.12839778,
      },
      {
        "delta": 21.64260086,
        "individualVolume": 1,
        "individualWeight": 1.789999962,
        "input": 0,
        "output": 21.64260086,
        "price": 3752.332208,
        "ticker": "SIO",
        "totalVolume": 21.64260086,
        "totalWeight": 38.74025471,
      },
      {
        "delta": -5.318051282,
        "individualVolume": 1,
        "individualWeight": 1.100000024,
        "input": 33.87066667,
        "output": 28.55261538,
        "price": -2053.408924,
        "ticker": "VEG",
        "totalVolume": -5.318051282,
        "totalWeight": -5.849856537,
      },
    ],
    "profit": 131164.3288,
    "revenue": 210135.864,
    "storage": {
      "STA": 0,
      "STE": 0,
      "STO": 1,
      "STV": 0,
      "STW": 0,
    },
    "workforce": {
      "engineer": {
        "capacity": 0,
        "efficiency": 0,
        "left": 0,
        "lux1": false,
        "lux2": false,
        "name": "engineer",
        "required": 0,
      },
      "pioneer": {
        "capacity": 2200,
        "efficiency": 1,
        "left": 30,
        "lux1": true,
        "lux2": true,
        "name": "pioneer",
        "required": 2170,
      },
      "scientist": {
        "capacity": 0,
        "efficiency": 0,
        "left": 0,
        "lux1": false,
        "lux2": false,
        "name": "scientist",
        "required": 0,
      },
      "settler": {
        "capacity": 300,
        "efficiency": 1,
        "left": 80,
        "lux1": true,
        "lux2": true,
        "name": "settler",
        "required": 220,
      },
      "technician": {
        "capacity": 0,
        "efficiency": 0,
        "left": 0,
        "lux1": false,
        "lux2": false,
        "name": "technician",
        "required": 0,
      },
    },
    "workforceMaterialIO": [
      {
        "delta": -10.85,
        "individualVolume": 0.1000000015,
        "individualWeight": 0.1000000015,
        "input": 10.85,
        "output": 0,
        "price": -10515.01117,
        "ticker": "COF",
        "totalVolume": -1.085000016,
        "totalWeight": -1.085000016,
      },
      {
        "delta": -97.8,
        "individualVolume": 0.1000000015,
        "individualWeight": 0.1000000015,
        "input": 97.8,
        "output": 0,
        "price": -11025.42746,
        "ticker": "DW",
        "totalVolume": -9.780000146,
        "totalWeight": -9.780000146,
      },
      {
        "delta": -1.1,
        "individualVolume": 0.05000000075,
        "individualWeight": 0.1000000015,
        "input": 1.1,
        "output": 0,
        "price": -342.8792697,
        "ticker": "EXO",
        "totalVolume": -0.05500000082,
        "totalWeight": -0.1100000016,
      },
      {
        "delta": -2.2,
        "individualVolume": 0.1000000015,
        "individualWeight": 0.1000000015,
        "input": 2.2,
        "output": 0,
        "price": -2295.578694,
        "ticker": "KOM",
        "totalVolume": -0.2200000033,
        "totalWeight": -0.2200000033,
      },
      {
        "delta": -10.85,
        "individualVolume": 0.02500000037,
        "individualWeight": 0.01999999955,
        "input": 10.85,
        "output": 0,
        "price": -1324.094014,
        "ticker": "OVE",
        "totalVolume": -0.271250004,
        "totalWeight": -0.2169999951,
      },
      {
        "delta": -1.1,
        "individualVolume": 0.200000003,
        "individualWeight": 0.25,
        "input": 1.1,
        "output": 0,
        "price": -609.2164368,
        "ticker": "PT",
        "totalVolume": -0.2200000033,
        "totalWeight": -0.275,
      },
      {
        "delta": -4.34,
        "individualVolume": 0.05000000075,
        "individualWeight": 0.05000000075,
        "input": 4.34,
        "output": 0,
        "price": -1514.637703,
        "ticker": "PWO",
        "totalVolume": -0.2170000032,
        "totalWeight": -0.2170000032,
      },
      {
        "delta": -100,
        "individualVolume": 0.1000000015,
        "individualWeight": 0.2099999934,
        "input": 100,
        "output": 0,
        "price": -16321.69818,
        "ticker": "RAT",
        "totalVolume": -10.00000015,
        "totalWeight": -20.99999934,
      },
      {
        "delta": -0.44,
        "individualVolume": 0.002000000095,
        "individualWeight": 0.006000000052,
        "input": 0.44,
        "output": 0,
        "price": -322.2806406,
        "ticker": "REP",
        "totalVolume": -0.0008800000418,
        "totalWeight": -0.002640000023,
      },
    ],
  },
  "visitationData": {
    "dailyVolume": 140.5457845,
    "dailyVolumeExport": 140.5457845,
    "dailyVolumeImport": 124.569289,
    "dailyWeight": 236.2896445,
    "dailyWeightExport": 236.2896445,
    "dailyWeightImport": 130.726561,
    "storageFilled": 27.50861137,
  },
}