{
  "overviewData": {
    "dailyCost": 87828.1875,
    "dailyDegradationCost": 9825.213186,
    "dailyProfit": 177096.3443,
    "profit": 79442.94364,
    "roi": 31.54921213,
    "totalConstructionCost": 2506362.281,
  },
  "result": {
    "area": {
      "areaLeft": 286,
      "areaTotal": 1000,
      "areaUsed": 714,
      "permits": 3,
    },
    "cogc": "RESOURCE_EXTRACTION",
    "constructionMaterials": [
      {
        "amount": 1,
        "materials": [
          {
            "input": 16,
            "output": 0,
            "ticker": "BSE",
          },
          {
            "input": 100,
            "output": 0,
            "ticker": "MCG",
          },
        ],
        "ticker": "EXT",
      },
      {
        "amount": 19,
        "materials": [
          {
            "input": 3,
            "output": 0,
            "ticker": "BBH",
          },
          {
            "input": 3,
            "output": 0,
            "ticker": "BDE",
          },
          {
            "input": 3,
            "output": 0,
            "ticker": "BSE",
          },
          {
            "input": 48,
            "output": 0,
            "ticker": "MCG",
          },
        ],
        "ticker": "FP",
      },
      {
        "amount": 11,
        "materials": [
          {
            "input": 4,
            "output": 0,
            "ticker": "TRU",
          },
          {
            "input": 2,
            "output": 0,
            "ticker": "BSE",
          },
          {
            "input": 16,
            "output": 0,
            "ticker": "MHL",
          },
          {
            "input": 4,
            "output": 0,
            "ticker": "LBH",
          },
          {
            "input": 60,
            "output": 0,
            "ticker": "MCG",
          },
        ],
        "ticker": "HYF",
      },
      {
        "amount": 1,
        "materials": [
          {
            "input": 12,
            "output": 0,
            "ticker": "PSL",
          },
          {
            "input": 4,
            "output": 0,
            "ticker": "LDE",
          },
          {
            "input": 8,
            "output": 0,
            "ticker": "TRU",
          },
          {
            "input": 4,
            "output": 0,
            "ticker": "LTA",
          },
          {
            "input": 4,
            "output": 0,
            "ticker": "LSE",
          },
          {
            "input": 100,
            "output": 0,
            "ticker": "MCG",
          },
        ],
        "ticker": "CM",
      },
      {
        "amount": 22,
        "materials": [
          {
            "input": 1,
            "output": 0,
            "ticker": "BTA",
          },
          {
            "input": 2,
            "output": 0,
            "ticker": "BDE",
          },
          {
            "input": 2,
            "output": 0,
            "ticker": "BSE",
          },
          {
            "input": 4,
            "output": 0,
            "ticker": "BBH",
          },
          {
            "input": 40,
            "output": 0,
            "ticker": "MCG",
          },
        ],
        "ticker": "HB1",
      },
      {
        "amount": 3,
        "materials": [
          {
            "input": 2,
            "output": 0,
            "ticker": "BSE",
          },
          {
            "input": 2,
            "output": 0,
            "ticker": "BBH",
          },
          {
            "input": 2,
            "output": 0,
            "ticker": "BDE",
          },
          {
            "input": 2,
            "output": 0,
            "ticker": "BTA",
          },
          {
            "input": 2,
            "output": 0,
            "ticker": "TRU",
          },
          {
            "input": 48,
            "output": 0,
            "ticker": "MCG",
          },
        ],
        "ticker": "HB2",
      },
      {
        "amount": 1,
        "materials": [
          {
            "input": 2,
            "output": 0,
            "ticker": "BSE",
          },
          {
            "input": 6,
            "output": 0,
            "ticker": "BDE",
          },
          {
            "input": 6,
            "output": 0,
            "ticker": "BBH",
          },
          {
            "input": 60,
            "output": 0,
            "ticker": "MCG",
          },
        ],
        "ticker": "STO",
      },
    ],
    "corphq": false,
    "cost": 97653.40068,
    "done": true,
    "experts": {
      "Agriculture": {
        "amount": 3,
        "bonus": 0.1248,
        "name": "Agriculture",
      },
      "Chemistry": {
        "amount": 0,
        "bonus": 0,
        "name": "Chemistry",
      },
      "Construction": {
        "amount": 0,
        "bonus": 0,
        "name": "Construction",
      },
      "Electronics": {
        "amount": 0,
        "bonus": 0,
        "name": "Electronics",
      },
      "Food_Industries": {
        "amount": 2,
        "bonus": 0.0696,
        "name": "Food_Industries",
      },
      "Fuel_Refining": {
        "amount": 0,
        "bonus": 0,
        "name": "Fuel_Refining",
      },
      "Manufacturing": {
        "amount": 0,
        "bonus": 0,
        "name": "Manufacturing",
      },
      "Metallurgy": {
        "amount": 0,
        "bonus": 0,
        "name": "Metallurgy",
      },
      "Resource_Extraction": {
        "amount": 1,
        "bonus": 0.0306,
        "name": "Resource_Extraction",
      },
    },
    "infrastructure": {
      "HB1": 22,
      "HB2": 3,
      "HB3": 0,
      "HB4": 0,
      "HB5": 0,
      "HBB": 0,
      "HBC": 0,
      "HBL": 0,
      "HBM": 0,
      "STA": 0,
      "STE": 0,
      "STO": 1,
      "STV": 0,
      "STW": 0,
    },
    "infrastructureCosts": {
      "HB1": 21377.66409,
      "HB2": 19220.93313,
      "HB3": 158536.0945,
      "HB4": 496865.0725,
      "HB5": 880261.1048,
      "HBB": 55449.76941,
      "HBC": 177654.6256,
      "HBL": 1220806.04,
      "HBM": 784941.0274,
      "STA": 17688.41201,
      "STE": 5454872.383,
      "STO": 35236.25657,
      "STV": 171967.5716,
      "STW": 578210.9748,
    },
    "materialio": [
      {
        "delta": 1.456082051,
        "individualVolume": 1,
        "individualWeight": 0.8600000143,
        "input": 27.09653333,
        "output": 28.55261538,
        "price": 2570.037098,
        "ticker": "CAF",
        "totalVolume": 1.456082051,
        "totalWeight": 1.252230585,
      },
      {
        "delta": 74.9896,
        "individualVolume": 0.1000000015,
        "individualWeight": 0.1000000015,
        "input": 6.3,
        "output": 81.2896,
        "price": 72674.3301,
        "ticker": "COF",
        "totalVolume": 7.498960112,
        "totalWeight": 7.498960112,
      },
      {
        "delta": 236.6618667,
        "individualVolume": 0.1000000015,
        "individualWeight": 0.1000000015,
        "input": 142.6896,
        "output": 379.3514667,
        "price": 26679.94114,
        "ticker": "DW",
        "totalVolume": 23.66618702,
        "totalWeight": 23.66618702,
      },
      {
        "delta": -1.1,
        "individualVolume": 0.05000000075,
        "individualWeight": 0.1000000015,
        "input": 1.1,
        "output": 0,
        "price": -342.8792697,
        "ticker": "EXO",
        "totalVolume": -0.05500000082,
        "totalWeight": -0.1100000016,
      },
      {
        "delta": -1127.259282,
        "individualVolume": 0.200000003,
        "individualWeight": 0.200000003,
        "input": 1127.259282,
        "output": 0,
        "price": -53125.30646,
        "ticker": "H2O",
        "totalVolume": -225.4518598,
        "totalWeight": -225.4518598,
      },
      {
        "delta": 57.10523077,
        "individualVolume": 1,
        "individualWeight": 0.8000000119,
        "input": 0,
        "output": 57.10523077,
        "price": 23306.4657,
        "ticker": "HCP",
        "totalVolume": 57.10523077,
        "totalWeight": 45.6841853,
      },
      {
        "delta": -2.2,
        "individualVolume": 0.1000000015,
        "individualWeight": 0.1000000015,
        "input": 2.2,
        "output": 0,
        "price": -2295.578694,
        "ticker": "KOM",
        "totalVolume": -0.2200000033,
        "totalWeight": -0.2200000033,
      },
      {
        "delta": 30.00869744,
        "individualVolume": 1,
        "individualWeight": 1.299999952,
        "input": 27.09653333,
        "output": 57.10523077,
        "price": 12339.83354,
        "ticker": "MAI",
        "totalVolume": 30.00869744,
        "totalWeight": 39.01130524,
      },
      {
        "delta": 1.456082051,
        "individualVolume": 1,
        "individualWeight": 0.8000000119,
        "input": 27.09653333,
        "output": 28.55261538,
        "price": 427.5544421,
        "ticker": "MUS",
        "totalVolume": 1.456082051,
        "totalWeight": 1.164865658,
      },
      {
        "delta": -73.76092308,
        "individualVolume": 0.5,
        "individualWeight": 0.6000000238,
        "input": 73.76092308,
        "output": 0,
        "price": -29484.63016,
        "ticker": "NS",
        "totalVolume": -36.88046154,
        "totalWeight": -44.2565556,
      },
      {
        "delta": -6.3,
        "individualVolume": 0.02500000037,
        "individualWeight": 0.01999999955,
        "input": 6.3,
        "output": 0,
        "price": -768.8287824,
        "ticker": "OVE",
        "totalVolume": -0.1575000023,
        "totalWeight": -0.1259999972,
      },
      {
        "delta": -1.1,
        "individualVolume": 0.200000003,
        "individualWeight": 0.25,
        "input": 1.1,
        "output": 0,
        "price": -609.2164368,
        "ticker": "PT",
        "totalVolume": -0.2200000033,
        "totalWeight": -0.275,
      },
      {
        "delta": -2.52,
        "individualVolume": 0.05000000075,
        "individualWeight": 0.05000000075,
        "input": 2.52,
        "output": 0,
        "price": -879.4670534,
        "ticker": "PWO",
        "totalVolume": -0.1260000019,
        "totalWeight": -0.1260000019,
      },
      {
        "delta": 207.3653333,
        "individualVolume": 0.1000000015,
        "individualWeight": 0.2099999934,
        "input": 63.6,
        "output": 270.9653333,
        "price": 33845.54383,
        "ticker": "RAT",
        "totalVolume": 20.73653364,
        "totalWeight": 43.54671864,
      },
      {
        "delta": -0.44,
        "individualVolume": 0.002000000095,
        "individualWeight": 0.006000000052,
        "input": 0.44,
        "output": 0,
        "price": -322.2806406,
        "ticker": "REP",
        "totalVolume": -0.0008800000418,
        "totalWeight": -0.002640000023,
      },
      {
        "delta": 27.05325107,
        "individualVolume": 1,
        "individualWeight": 1.789999962,
        "input": 0,
        "output": 27.05325107,
        "price": 4690.41526,
        "ticker": "SIO",
        "totalVolume": 27.05325107,
        "totalWeight": 48.42531839,
      },
      {
        "delta": 1.456082051,
        "individualVolume": 1,
        "individualWeight": 1.100000024,
        "input": 27.09653333,
        "output": 28.55261538,
        "price": 562.2232129,
        "ticker": "VEG",
        "totalVolume": 1.456082051,
        "totalWeight": 1.601690291,
      },
    ],
    "production": {
      "buildings": [
        {
          "activeRecipes": [
            {
              "amount": 1,
              "cogm": {
                "degradation": 180.8367962,
                "degradationShare": 73.52923138,
                "efficiency": 1.28825,
                "inputCost": [],
                "inputTotal": 0,
                "outputCOGM": [
                  {
                    "amount": 11,
                    "costSplit": 44.81339784,
                    "costTotal": 44.81339784,
                    "ticker": "SIO",
                  },
                ],
                "outputRevenue": 1907.148524,
                "runtime": 35130713.03,
                "runtimeShare": 0.4066054749,
                "totalCost": 492.9473763,
                "totalProfit": 1414.201148,
                "visible": false,
                "workforceCost": 419.4181449,
                "workforceCostTotal": 1031.511307,
              },
              "dailyShare": 1,
              "recipe": {
                "building_ticker": "EXT",
                "dailyRevenue": 0,
                "inputs": [],
                "outputs": [
                  {
                    "material_amount": 11,
                    "material_ticker": "SIO",
                  },
                ],
                "profitPerArea": 0,
                "recipe_id": "EXT#SIO",
                "recipe_name": "EXT",
                "roi": 0,
                "time_ms": 45257141.06,
              },
              "recipeId": "EXT#SIO",
              "time": 35130713.03,
            },
          ],
          "amount": 1,
          "areaUsed": 25,
          "constructionCost": -32550.62331,
          "constructionMaterials": [
            {
              "input": 16,
              "output": 0,
              "ticker": "BSE",
            },
            {
              "input": 100,
              "output": 0,
              "ticker": "MCG",
            },
          ],
          "dailyRevenue": 3478.067157,
          "efficiencyElements": [
            {
              "efficiencyType": "COGC",
              "value": 1.25,
            },
            {
              "efficiencyType": "EXPERT",
              "value": 1.0306,
            },
            {
              "efficiencyType": "WORKFORCE",
              "value": 1,
            },
          ],
          "expertise": "RESOURCE_EXTRACTION",
          "name": "EXT",
          "recipeOptions": [
            {
              "building_ticker": "EXT",
              "dailyRevenue": 3478.067157,
              "inputs": [],
              "outputs": [
                {
                  "material_amount": 11,
                  "material_ticker": "SIO",
                },
              ],
              "profitPerArea": 100.6052483,
              "recipe_id": "EXT#SIO",
              "recipe_name": "EXT",
              "roi": 9.358825418,
              "time_ms": 35130713.03,
            },
          ],
          "totalBatchTime": 35130713.03,
          "totalEfficiency": 1.28825,
          "workforceDailyCost": -1031.511307,
          "workforceMaterials": [
            {
              "input": 2.4,
              "output": 0,
              "ticker": "DW",
            },
            {
              "input": 2.4,
              "output": 0,
              "ticker": "RAT",
            },
            {
              "input": 0.3,
              "output": 0,
              "ticker": "OVE",
            },
            {
              "input": 0.12,
              "output": 0,
              "ticker": "PWO",
            },
            {
              "input": 0.3,
              "output": 0,
              "ticker": "COF",
            },
          ],
        },
        {
          "activeRecipes": [
            {
              "amount": 2,
              "cogm": {
                "degradation": 121.5568691,
                "degradationShare": 11.36470354,
                "efficiency": 1.0696,
                "inputCost": [
                  {
                    "amount": 10,
                    "costTotal": 471.2785009,
                    "costUnit": 47.12785009,
                    "ticker": "H2O",
                  },
                ],
                "inputTotal": 471.2785009,
                "outputCOGM": [
                  {
                    "amount": 7,
                    "costSplit": 78.13369377,
                    "costTotal": 78.13369377,
                    "ticker": "DW",
                  },
                ],
                "outputRevenue": 789.1410247,
                "runtime": 8077786.088,
                "runtimeShare": 0.09349289454,
                "totalCost": 546.9358564,
                "totalProfit": 242.2051683,
                "visible": false,
                "workforceCost": 64.29265191,
                "workforceCostTotal": 687.6742048,
              },
              "dailyShare": 0.2666666667,
              "recipe": {
                "building_ticker": "FP",
                "dailyRevenue": 0,
                "inputs": [
                  {
                    "material_amount": 10,
                    "material_ticker": "H2O",
                  },
                ],
                "outputs": [
                  {
                    "material_amount": 7,
                    "material_ticker": "DW",
                  },
                ],
                "profitPerArea": 0,
                "recipe_id": "FP#10xH2O=>7xDW",
                "recipe_name": "10xH2O=>7xDW",
                "roi": 0,
                "time_ms": 8640000,
              },
              "recipeId": "FP#10xH2O=>7xDW",
              "time": 16155572.18,
            },
            {
              "amount": 1,
              "cogm": {
                "degradation": 121.5568691,
                "degradationShare": 34.09411063,
                "efficiency": 1.0696,
                "inputCost": [
                  {
                    "amount": 1,
                    "costTotal": 1765.035903,
                    "costUnit": 1765.035903,
                    "ticker": "CAF",
                  },
                  {
                    "amount": 3,
                    "costTotal": 338.2032963,
                    "costUnit": 112.7344321,
                    "ticker": "DW",
                  },
                ],
                "inputTotal": 2103.239199,
                "outputCOGM": [
                  {
                    "amount": 3,
                    "costSplit": 776.7370886,
                    "costTotal": 776.7370886,
                    "ticker": "COF",
                  },
                ],
                "outputRevenue": 2907.37636,
                "runtime": 24233358.26,
                "runtimeShare": 0.2804786836,
                "totalCost": 2330.211266,
                "totalProfit": 577.1650944,
                "visible": false,
                "workforceCost": 192.8779557,
                "workforceCostTotal": 687.6742048,
              },
              "dailyShare": 0.4,
              "recipe": {
                "building_ticker": "FP",
                "dailyRevenue": 0,
                "inputs": [
                  {
                    "material_amount": 3,
                    "material_ticker": "DW",
                  },
                  {
                    "material_amount": 1,
                    "material_ticker": "CAF",
                  },
                ],
                "outputs": [
                  {
                    "material_amount": 3,
                    "material_ticker": "COF",
                  },
                ],
                "profitPerArea": 0,
                "recipe_id": "FP#1xCAF 3xDW=>3xCOF",
                "recipe_name": "1xCAF 3xDW=>3xCOF",
                "roi": 0,
                "time_ms": 25920000,
              },
              "recipeId": "FP#1xCAF 3xDW=>3xCOF",
              "time": 24233358.26,
            },
            {
              "amount": 1,
              "cogm": {
                "degradation": 121.5568691,
                "degradationShare": 28.41175886,
                "efficiency": 1.0696,
                "inputCost": [
                  {
                    "amount": 1,
                    "costTotal": 411.2085693,
                    "costUnit": 411.2085693,
                    "ticker": "MAI",
                  },
                  {
                    "amount": 1,
                    "costTotal": 293.6334815,
                    "costUnit": 293.6334815,
                    "ticker": "MUS",
                  },
                  {
                    "amount": 1,
                    "costTotal": 386.1205572,
                    "costUnit": 386.1205572,
                    "ticker": "VEG",
                  },
                ],
                "inputTotal": 1090.962608,
                "outputCOGM": [
                  {
                    "amount": 10,
                    "costSplit": 128.0105997,
                    "costTotal": 128.0105997,
                    "ticker": "RAT",
                  },
                ],
                "outputRevenue": 1632.169818,
                "runtime": 20194465.22,
                "runtimeShare": 0.2337322364,
                "totalCost": 1280.105997,
                "totalProfit": 352.0638211,
                "visible": false,
                "workforceCost": 160.7316298,
                "workforceCostTotal": 687.6742048,
              },
              "dailyShare": 0.3333333333,
              "recipe": {
                "building_ticker": "FP",
                "dailyRevenue": 0,
                "inputs": [
                  {
                    "material_amount": 1,
                    "material_ticker": "VEG",
                  },
                  {
                    "material_amount": 1,
                    "material_ticker": "MAI",
                  },
                  {
                    "material_amount": 1,
                    "material_ticker": "MUS",
                  },
                ],
                "outputs": [
                  {
                    "material_amount": 10,
                    "material_ticker": "RAT",
                  },
                ],
                "profitPerArea": 0,
                "recipe_id": "FP#1xMUS 1xVEG 1xMAI=>10xRAT",
                "recipe_name": "1xMUS 1xVEG 1xMAI=>10xRAT",
                "roi": 0,
                "time_ms": 21600000,
              },
              "recipeId": "FP#1xMUS 1xVEG 1xMAI=>10xRAT",
              "time": 20194465.22,
            },
          ],
          "amount": 19,
          "areaUsed": 228,
          "constructionCost": -21880.23644,
          "constructionMaterials": [
            {
              "input": 3,
              "output": 0,
              "ticker": "BBH",
            },
            {
              "input": 3,
              "output": 0,
              "ticker": "BDE",
            },
            {
              "input": 3,
              "output": 0,
              "ticker": "BSE",
            },
            {
              "input": 48,
              "output": 0,
              "ticker": "MCG",
            },
          ],
          "dailyRevenue": 40492.74676,
          "efficiencyElements": [
            {
              "efficiencyType": "EXPERT",
              "value": 1.0696,
            },
            {
              "efficiencyType": "WORKFORCE",
              "value": 1,
            },
          ],
          "expertise": "FOOD_INDUSTRIES",
          "name": "FP",
          "recipeOptions": [
            {
              "building_ticker": "FP",
              "dailyRevenue": 2443.432451,
              "inputs": [
                {
                  "material_amount": 10,
                  "material_ticker": "H2O",
                },
                {
                  "material_amount": 1,
                  "material_ticker": "PG",
                },
              ],
              "outputs": [
                {
                  "material_amount": 10,
                  "material_ticker": "DW",
                },
              ],
              "profitPerArea": 137.9357029,
              "recipe_id": "FP#10xH2O 1xPG=>10xDW",
              "recipe_name": "10xH2O 1xPG=>10xDW",
              "roi": 8.954713042,
              "time_ms": 16155572.18,
            },
            {
              "building_ticker": "FP",
              "dailyRevenue": 2590.626481,
              "inputs": [
                {
                  "material_amount": 10,
                  "material_ticker": "H2O",
                },
              ],
              "outputs": [
                {
                  "material_amount": 7,
                  "material_ticker": "DW",
                },
              ],
              "profitPerArea": 146.2450433,
              "recipe_id": "FP#10xH2O=>7xDW",
              "recipe_name": "10xH2O=>7xDW",
              "roi": 8.4459248,
              "time_ms": 8077786.088,
            },
            {
              "building_ticker": "FP",
              "dailyRevenue": 1473.243208,
              "inputs": [
                {
                  "material_amount": 1,
                  "material_ticker": "BEA",
                },
                {
                  "material_amount": 1,
                  "material_ticker": "ALG",
                },
                {
                  "material_amount": 1,
                  "material_ticker": "H2O",
                },
              ],
              "outputs": [
                {
                  "material_amount": 6,
                  "material_ticker": "PPA",
                },
              ],
              "profitPerArea": 83.16695529,
              "recipe_id": "FP#1xALG 1xH2O 1xBEA=>6xPPA",
              "recipe_name": "1xALG 1xH2O 1xBEA=>6xPPA",
              "roi": 14.85174771,
              "time_ms": 40388930.44,
            },
            {
              "building_ticker": "FP",
              "dailyRevenue": 2057.78595,
              "inputs": [
                {
                  "material_amount": 3,
                  "material_ticker": "DW",
                },
                {
                  "material_amount": 1,
                  "material_ticker": "CAF",
                },
              ],
              "outputs": [
                {
                  "material_amount": 3,
                  "material_ticker": "COF",
                },
              ],
              "profitPerArea": 116.1653359,
              "recipe_id": "FP#1xCAF 3xDW=>3xCOF",
              "recipe_name": "1xCAF 3xDW=>3xCOF",
              "roi": 10.63290205,
              "time_ms": 24233358.26,
            },
            {
              "building_ticker": "FP",
              "dailyRevenue": 1418.484891,
              "inputs": [
                {
                  "material_amount": 1,
                  "material_ticker": "GRN",
                },
                {
                  "material_amount": 1,
                  "material_ticker": "NUT",
                },
                {
                  "material_amount": 1,
                  "material_ticker": "ALG",
                },
              ],
              "outputs": [
                {
                  "material_amount": 10,
                  "material_ticker": "RAT",
                },
              ],
              "profitPerArea": 80.07575996,
              "recipe_id": "FP#1xGRN 1xALG 1xNUT=>10xRAT",
              "recipe_name": "1xGRN 1xALG 1xNUT=>10xRAT",
              "roi": 15.42507543,
              "time_ms": 20194465.22,
            },
            {
              "building_ticker": "FP",
              "dailyRevenue": 1335.979182,
              "inputs": [
                {
                  "material_amount": 1,
                  "material_ticker": "ALG",
                },
                {
                  "material_amount": 1,
                  "material_ticker": "VEG",
                },
                {
                  "material_amount": 1,
                  "material_ticker": "GRN",
                },
              ],
              "outputs": [
                {
                  "material_amount": 10,
                  "material_ticker": "RAT",
                },
              ],
              "profitPerArea": 75.41817963,
              "recipe_id": "FP#1xGRN 1xALG 1xVEG=>10xRAT",
              "recipe_name": "1xGRN 1xALG 1xVEG=>10xRAT",
              "roi": 16.37767769,
              "time_ms": 20194465.22,
            },
            {
              "building_ticker": "FP",
              "dailyRevenue": 1436.071143,
              "inputs": [
                {
                  "material_amount": 1,
                  "material_ticker": "GRN",
                },
                {
                  "material_amount": 1,
                  "material_ticker": "NUT",
                },
                {
                  "material_amount": 1,
                  "material_ticker": "BEA",
                },
              ],
              "outputs": [
                {
                  "material_amount": 10,
                  "material_ticker": "RAT",
                },
              ],
              "profitPerArea": 81.06853227,
              "recipe_id": "FP#1xGRN 1xBEA 1xNUT=>10xRAT",
              "recipe_name": "1xGRN 1xBEA 1xNUT=>10xRAT",
              "roi": 15.23617862,
              "time_ms": 20194465.22,
            },
            {
              "building_ticker": "FP",
              "dailyRevenue": 1353.565434,
              "inputs": [
                {
                  "material_amount": 1,
                  "material_ticker": "BEA",
                },
                {
                  "material_amount": 1,
                  "material_ticker": "VEG",
                },
                {
                  "material_amount": 1,
                  "material_ticker": "GRN",
                },
              ],
              "outputs": [
                {
                  "material_amount": 10,
                  "material_ticker": "RAT",
                },
              ],
              "profitPerArea": 76.41095193,
              "recipe_id": "FP#1xGRN 1xBEA 1xVEG=>10xRAT",
              "recipe_name": "1xGRN 1xBEA 1xVEG=>10xRAT",
              "roi": 16.16489007,
              "time_ms": 20194465.22,
            },
            {
              "building_ticker": "FP",
              "dailyRevenue": 1405.758116,
              "inputs": [
                {
                  "material_amount": 1,
                  "material_ticker": "NUT",
                },
                {
                  "material_amount": 1,
                  "material_ticker": "ALG",
                },
                {
                  "material_amount": 1,
                  "material_ticker": "MAI",
                },
              ],
              "outputs": [
                {
                  "material_amount": 10,
                  "material_ticker": "RAT",
                },
              ],
              "profitPerArea": 79.357313,
              "recipe_id": "FP#1xMAI 1xALG 1xNUT=>10xRAT",
              "recipe_name": "1xMAI 1xALG 1xNUT=>10xRAT",
              "roi": 15.56472354,
              "time_ms": 20194465.22,
            },
            {
              "building_ticker": "FP",
              "dailyRevenue": 1323.252407,
              "inputs": [
                {
                  "material_amount": 1,
                  "material_ticker": "MAI",
                },
                {
                  "material_amount": 1,
                  "material_ticker": "ALG",
                },
                {
                  "material_amount": 1,
                  "material_ticker": "VEG",
                },
              ],
              "outputs": [
                {
                  "material_amount": 10,
                  "material_ticker": "RAT",
                },
              ],
              "profitPerArea": 74.69973267,
              "recipe_id": "FP#1xMAI 1xALG 1xVEG=>10xRAT",
              "recipe_name": "1xMAI 1xALG 1xVEG=>10xRAT",
              "roi": 16.53519489,
              "time_ms": 20194465.22,
            },
            {
              "building_ticker": "FP",
              "dailyRevenue": 1423.344368,
              "inputs": [
                {
                  "material_amount": 1,
                  "material_ticker": "MAI",
                },
                {
                  "material_amount": 1,
                  "material_ticker": "BEA",
                },
                {
                  "material_amount": 1,
                  "material_ticker": "NUT",
                },
              ],
              "outputs": [
                {
                  "material_amount": 10,
                  "material_ticker": "RAT",
                },
              ],
              "profitPerArea": 80.3500853,
              "recipe_id": "FP#1xMAI 1xBEA 1xNUT=>10xRAT",
              "recipe_name": "1xMAI 1xBEA 1xNUT=>10xRAT",
              "roi": 15.37241228,
              "time_ms": 20194465.22,
            },
            {
              "building_ticker": "FP",
              "dailyRevenue": 1340.838659,
              "inputs": [
                {
                  "material_amount": 1,
                  "material_ticker": "MAI",
                },
                {
                  "material_amount": 1,
                  "material_ticker": "BEA",
                },
                {
                  "material_amount": 1,
                  "material_ticker": "VEG",
                },
              ],
              "outputs": [
                {
                  "material_amount": 10,
                  "material_ticker": "RAT",
                },
              ],
              "profitPerArea": 75.69250497,
              "recipe_id": "FP#1xMAI 1xBEA 1xVEG=>10xRAT",
              "recipe_name": "1xMAI 1xBEA 1xVEG=>10xRAT",
              "roi": 16.31832159,
              "time_ms": 20194465.22,
            },
            {
              "building_ticker": "FP",
              "dailyRevenue": 1601.502336,
              "inputs": [
                {
                  "material_amount": 1,
                  "material_ticker": "GRN",
                },
                {
                  "material_amount": 1,
                  "material_ticker": "NUT",
                },
                {
                  "material_amount": 1,
                  "material_ticker": "MUS",
                },
              ],
              "outputs": [
                {
                  "material_amount": 10,
                  "material_ticker": "RAT",
                },
              ],
              "profitPerArea": 90.40738992,
              "recipe_id": "FP#1xMUS 1xNUT 1xGRN=>10xRAT",
              "recipe_name": "1xMUS 1xNUT 1xGRN=>10xRAT",
              "roi": 13.66231941,
              "time_ms": 20194465.22,
            },
            {
              "building_ticker": "FP",
              "dailyRevenue": 1588.775561,
              "inputs": [
                {
                  "material_amount": 1,
                  "material_ticker": "NUT",
                },
                {
                  "material_amount": 1,
                  "material_ticker": "MUS",
                },
                {
                  "material_amount": 1,
                  "material_ticker": "MAI",
                },
              ],
              "outputs": [
                {
                  "material_amount": 10,
                  "material_ticker": "RAT",
                },
              ],
              "profitPerArea": 89.68894296,
              "recipe_id": "FP#1xMUS 1xNUT 1xMAI=>10xRAT",
              "recipe_name": "1xMUS 1xNUT 1xMAI=>10xRAT",
              "roi": 13.77176045,
              "time_ms": 20194465.22,
            },
            {
              "building_ticker": "FP",
              "dailyRevenue": 1518.996627,
              "inputs": [
                {
                  "material_amount": 1,
                  "material_ticker": "VEG",
                },
                {
                  "material_amount": 1,
                  "material_ticker": "MUS",
                },
                {
                  "material_amount": 1,
                  "material_ticker": "GRN",
                },
              ],
              "outputs": [
                {
                  "material_amount": 10,
                  "material_ticker": "RAT",
                },
              ],
              "profitPerArea": 85.74980958,
              "recipe_id": "FP#1xMUS 1xVEG 1xGRN=>10xRAT",
              "recipe_name": "1xMUS 1xVEG 1xGRN=>10xRAT",
              "roi": 14.40440094,
              "time_ms": 20194465.22,
            },
            {
              "building_ticker": "FP",
              "dailyRevenue": 1506.269852,
              "inputs": [
                {
                  "material_amount": 1,
                  "material_ticker": "VEG",
                },
                {
                  "material_amount": 1,
                  "material_ticker": "MAI",
                },
                {
                  "material_amount": 1,
                  "material_ticker": "MUS",
                },
              ],
              "outputs": [
                {
                  "material_amount": 10,
                  "material_ticker": "RAT",
                },
              ],
              "profitPerArea": 85.03136262,
              "recipe_id": "FP#1xMUS 1xVEG 1xMAI=>10xRAT",
              "recipe_name": "1xMUS 1xVEG 1xMAI=>10xRAT",
              "roi": 14.5261066,
              "time_ms": 20194465.22,
            },
            {
              "building_ticker": "FP",
              "dailyRevenue": 861.461972,
              "inputs": [
                {
                  "material_amount": 2,
                  "material_ticker": "ALG",
                },
                {
                  "material_amount": 1,
                  "material_ticker": "H2O",
                },
              ],
              "outputs": [
                {
                  "material_amount": 4,
                  "material_ticker": "PPA",
                },
              ],
              "profitPerArea": 48.63091777,
              "recipe_id": "FP#2xALG 1xH2O=>4xPPA",
              "recipe_name": "2xALG 1xH2O=>4xPPA",
              "roi": 25.39895799,
              "time_ms": 24233358.26,
            },
            {
              "building_ticker": "FP",
              "dailyRevenue": 890.7723923,
              "inputs": [
                {
                  "material_amount": 1,
                  "material_ticker": "H2O",
                },
                {
                  "material_amount": 2,
                  "material_ticker": "BEA",
                },
              ],
              "outputs": [
                {
                  "material_amount": 4,
                  "material_ticker": "PPA",
                },
              ],
              "profitPerArea": 50.28553828,
              "recipe_id": "FP#2xBEA 1xH2O=>4xPPA",
              "recipe_name": "2xBEA 1xH2O=>4xPPA",
              "roi": 24.56321798,
              "time_ms": 24233358.26,
            },
            {
              "building_ticker": "FP",
              "dailyRevenue": 2512.091692,
              "inputs": [
                {
                  "material_amount": 2,
                  "material_ticker": "FIM",
                },
                {
                  "material_amount": 1,
                  "material_ticker": "MTP",
                },
              ],
              "outputs": [
                {
                  "material_amount": 2,
                  "material_ticker": "MEA",
                },
              ],
              "profitPerArea": 141.8116278,
              "recipe_id": "FP#2xFIM 1xMTP=>2xMEA",
              "recipe_name": "2xFIM 1xMTP=>2xMEA",
              "roi": 8.70996728,
              "time_ms": 52505609.57,
            },
            {
              "building_ticker": "FP",
              "dailyRevenue": 1966.248106,
              "inputs": [
                {
                  "material_amount": 2,
                  "material_ticker": "RAT",
                },
                {
                  "material_amount": 1,
                  "material_ticker": "HER",
                },
              ],
              "outputs": [
                {
                  "material_amount": 2,
                  "material_ticker": "FIM",
                },
              ],
              "profitPerArea": 110.997877,
              "recipe_id": "FP#2xRAT 1xHER=>2xFIM",
              "recipe_name": "2xRAT 1xHER=>2xFIM",
              "roi": 11.12791228,
              "time_ms": 40388930.44,
            },
            {
              "building_ticker": "FP",
              "dailyRevenue": 1212.816739,
              "inputs": [
                {
                  "material_amount": 5,
                  "material_ticker": "MAI",
                },
                {
                  "material_amount": 5,
                  "material_ticker": "NUT",
                },
                {
                  "material_amount": 5,
                  "material_ticker": "VEG",
                },
              ],
              "outputs": [
                {
                  "material_amount": 16,
                  "material_ticker": "FOD",
                },
              ],
              "profitPerArea": 68.46546108,
              "recipe_id": "FP#5xNUT 5xMAI 5xVEG=>16xFOD",
              "recipe_name": "5xNUT 5xMAI 5xVEG=>16xFOD",
              "roi": 18.04084305,
              "time_ms": 40388930.44,
            },
          ],
          "totalBatchTime": 60583395.66,
          "totalEfficiency": 1.0696,
          "workforceDailyCost": -687.6742048,
          "workforceMaterials": [
            {
              "input": 1.6,
              "output": 0,
              "ticker": "DW",
            },
            {
              "input": 1.6,
              "output": 0,
              "ticker": "RAT",
            },
            {
              "input": 0.2,
              "output": 0,
              "ticker": "OVE",
            },
            {
              "input": 0.08,
              "output": 0,
              "ticker": "PWO",
            },
            {
              "input": 0.2,
              "output": 0,
              "ticker": "COF",
            },
          ],
        },
        {
          "activeRecipes": [
            {
              "amount": 6,
              "cogm": {
                "degradation": 666.7996251,
                "degradationShare": 148.2040419,
                "efficiency": 1.1248,
                "inputCost": [
                  {
                    "amount": 22,
                    "costTotal": 1036.812702,
                    "costUnit": 47.12785009,
                    "ticker": "H2O",
                  },
                  {
                    "amount": 3,
                    "costTotal": 1199.197174,
                    "costUnit": 399.7323913,
                    "ticker": "NS",
                  },
                ],
                "inputTotal": 2236.009876,
                "outputCOGM": [
                  {
                    "amount": 2,
                    "costSplit": 1338.889763,
                    "costTotal": 1338.889763,
                    "ticker": "CAF",
                  },
                ],
                "outputRevenue": 3530.071806,
                "runtime": 19203413.94,
                "runtimeShare": 0.2222617354,
                "totalCost": 2677.779525,
                "totalProfit": 852.2922807,
                "visible": false,
                "workforceCost": 293.5656078,
                "workforceCostTotal": 1320.810382,
              },
              "dailyShare": 0.2884615385,
              "recipe": {
                "building_ticker": "HYF",
                "dailyRevenue": 0,
                "inputs": [
                  {
                    "material_amount": 22,
                    "material_ticker": "H2O",
                  },
                  {
                    "material_amount": 3,
                    "material_ticker": "NS",
                  },
                ],
                "outputs": [
                  {
                    "material_amount": 2,
                    "material_ticker": "CAF",
                  },
                ],
                "profitPerArea": 0,
                "recipe_id": "HYF#22xH2O 3xNS=>2xCAF",
                "recipe_name": "22xH2O 3xNS=>2xCAF",
                "roi": 0,
                "time_ms": 21600000,
              },
              "recipeId": "HYF#22xH2O 3xNS=>2xCAF",
              "time": 115220483.6,
            },
            {
              "amount": 3,
              "cogm": {
                "degradation": 666.7996251,
                "degradationShare": 237.126467,
                "efficiency": 1.1248,
                "inputCost": [
                  {
                    "amount": 14,
                    "costTotal": 659.7899013,
                    "costUnit": 47.12785009,
                    "ticker": "H2O",
                  },
                  {
                    "amount": 1,
                    "costTotal": 399.7323913,
                    "costUnit": 399.7323913,
                    "ticker": "NS",
                  },
                ],
                "inputTotal": 1059.522293,
                "outputCOGM": [
                  {
                    "amount": 8,
                    "costSplit": 220.7942165,
                    "costTotal": 220.7942165,
                    "ticker": "HCP",
                  },
                ],
                "outputRevenue": 3265.055111,
                "runtime": 30725462.3,
                "runtimeShare": 0.3556187767,
                "totalCost": 1766.353732,
                "totalProfit": 1498.701379,
                "visible": false,
                "workforceCost": 469.7049724,
                "workforceCostTotal": 1320.810382,
              },
              "dailyShare": 0.2307692308,
              "recipe": {
                "building_ticker": "HYF",
                "dailyRevenue": 0,
                "inputs": [
                  {
                    "material_amount": 14,
                    "material_ticker": "H2O",
                  },
                  {
                    "material_amount": 1,
                    "material_ticker": "NS",
                  },
                ],
                "outputs": [
                  {
                    "material_amount": 8,
                    "material_ticker": "HCP",
                  },
                ],
                "profitPerArea": 0,
                "recipe_id": "HYF#14xH2O 1xNS=>8xHCP",
                "recipe_name": "14xH2O 1xNS=>8xHCP",
                "roi": 0,
                "time_ms": 34560000,
              },
              "recipeId": "HYF#14xH2O 1xNS=>8xHCP",
              "time": 92176386.91,
            },
            {
              "amount": 1,
              "cogm": {
                "degradation": 666.7996251,
                "degradationShare": 296.4080837,
                "efficiency": 1.1248,
                "inputCost": [
                  {
                    "amount": 4,
                    "costTotal": 1598.929565,
                    "costUnit": 399.7323913,
                    "ticker": "NS",
                  },
                ],
                "inputTotal": 1598.929565,
                "outputCOGM": [
                  {
                    "amount": 12,
                    "costSplit": 206.8724054,
                    "costTotal": 206.8724054,
                    "ticker": "MUS",
                  },
                ],
                "outputRevenue": 3523.601778,
                "runtime": 38406827.88,
                "runtimeShare": 0.4445234708,
                "totalCost": 2482.468864,
                "totalProfit": 1041.132914,
                "visible": false,
                "workforceCost": 587.1312155,
                "workforceCostTotal": 1320.810382,
              },
              "dailyShare": 0.09615384615,
              "recipe": {
                "building_ticker": "HYF",
                "dailyRevenue": 0,
                "inputs": [
                  {
                    "material_amount": 4,
                    "material_ticker": "NS",
                  },
                ],
                "outputs": [
                  {
                    "material_amount": 12,
                    "material_ticker": "MUS",
                  },
                ],
                "profitPerArea": 0,
                "recipe_id": "HYF#4xNS=>12xMUS",
                "recipe_name": "4xNS=>12xMUS",
                "roi": 0,
                "time_ms": 43200000,
              },
              "recipeId": "HYF#4xNS=>12xMUS",
              "time": 38406827.88,
            },
            {
              "amount": 2,
              "cogm": {
                "degradation": 666.7996251,
                "degradationShare": 118.5632335,
                "efficiency": 1.1248,
                "inputCost": [
                  {
                    "amount": 16,
                    "costTotal": 754.0456015,
                    "costUnit": 47.12785009,
                    "ticker": "H2O",
                  },
                  {
                    "amount": 1,
                    "costTotal": 399.7323913,
                    "costUnit": 399.7323913,
                    "ticker": "NS",
                  },
                ],
                "inputTotal": 1153.777993,
                "outputCOGM": [
                  {
                    "amount": 6,
                    "costSplit": 251.1989521,
                    "costTotal": 251.1989521,
                    "ticker": "VEG",
                  },
                ],
                "outputRevenue": 2316.723343,
                "runtime": 15362731.15,
                "runtimeShare": 0.1778093883,
                "totalCost": 1507.193712,
                "totalProfit": 809.5296307,
                "visible": false,
                "workforceCost": 234.8524862,
                "workforceCostTotal": 1320.810382,
              },
              "dailyShare": 0.07692307692,
              "recipe": {
                "building_ticker": "HYF",
                "dailyRevenue": 0,
                "inputs": [
                  {
                    "material_amount": 16,
                    "material_ticker": "H2O",
                  },
                  {
                    "material_amount": 1,
                    "material_ticker": "NS",
                  },
                ],
                "outputs": [
                  {
                    "material_amount": 6,
                    "material_ticker": "VEG",
                  },
                ],
                "profitPerArea": 0,
                "recipe_id": "HYF#16xH2O 1xNS=>6xVEG",
                "recipe_name": "16xH2O 1xNS=>6xVEG",
                "roi": 0,
                "time_ms": 17280000,
              },
              "recipeId": "HYF#16xH2O 1xNS=>6xVEG",
              "time": 30725462.3,
            },
            {
              "amount": 2,
              "cogm": {
                "degradation": 666.7996251,
                "degradationShare": 474.252934,
                "efficiency": 1.1248,
                "inputCost": [
                  {
                    "amount": 20,
                    "costTotal": 942.5570018,
                    "costUnit": 47.12785009,
                    "ticker": "H2O",
                  },
                  {
                    "amount": 2,
                    "costTotal": 799.4647825,
                    "costUnit": 399.7323913,
                    "ticker": "NS",
                  },
                ],
                "inputTotal": 1742.021784,
                "outputCOGM": [
                  {
                    "amount": 12,
                    "costSplit": 262.9737219,
                    "costTotal": 262.9737219,
                    "ticker": "MAI",
                  },
                ],
                "outputRevenue": 4934.502832,
                "runtime": 61450924.61,
                "runtimeShare": 0.7112375533,
                "totalCost": 3155.684663,
                "totalProfit": 1778.818169,
                "visible": false,
                "workforceCost": 939.4099448,
                "workforceCostTotal": 1320.810382,
              },
              "dailyShare": 0.3076923077,
              "recipe": {
                "building_ticker": "HYF",
                "dailyRevenue": 0,
                "inputs": [
                  {
                    "material_amount": 2,
                    "material_ticker": "NS",
                  },
                  {
                    "material_amount": 20,
                    "material_ticker": "H2O",
                  },
                ],
                "outputs": [
                  {
                    "material_amount": 12,
                    "material_ticker": "MAI",
                  },
                ],
                "profitPerArea": 0,
                "recipe_id": "HYF#20xH2O 2xNS=>12xMAI",
                "recipe_name": "20xH2O 2xNS=>12xMAI",
                "roi": 0,
                "time_ms": 69120000,
              },
              "recipeId": "HYF#20xH2O 2xNS=>12xMAI",
              "time": 122901849.2,
            },
          ],
          "amount": 11,
          "areaUsed": 165,
          "constructionCost": -120023.9325,
          "constructionMaterials": [
            {
              "input": 4,
              "output": 0,
              "ticker": "TRU",
            },
            {
              "input": 2,
              "output": 0,
              "ticker": "BSE",
            },
            {
              "input": 16,
              "output": 0,
              "ticker": "MHL",
            },
            {
              "input": 4,
              "output": 0,
              "ticker": "LBH",
            },
            {
              "input": 60,
              "output": 0,
              "ticker": "MCG",
            },
          ],
          "dailyRevenue": 44328.14961,
          "efficiencyElements": [
            {
              "efficiencyType": "EXPERT",
              "value": 1.1248,
            },
            {
              "efficiencyType": "WORKFORCE",
              "value": 1,
            },
          ],
          "expertise": "AGRICULTURE",
          "name": "HYF",
          "recipeOptions": [
            {
              "building_ticker": "HYF",
              "dailyRevenue": 1832.424539,
              "inputs": [
                {
                  "material_amount": 4,
                  "material_ticker": "NS",
                },
                {
                  "material_amount": 10,
                  "material_ticker": "H2O",
                },
              ],
              "outputs": [
                {
                  "material_amount": 2,
                  "material_ticker": "RCO",
                },
              ],
              "profitPerArea": 77.42638896,
              "recipe_id": "HYF#10xH2O 4xNS=>2xRCO",
              "recipe_name": "10xH2O 4xNS=>2xRCO",
              "roi": 65.50006835,
              "time_ms": 16899004.27,
            },
            {
              "building_ticker": "HYF",
              "dailyRevenue": 4214.348277,
              "inputs": [
                {
                  "material_amount": 14,
                  "material_ticker": "H2O",
                },
                {
                  "material_amount": 1,
                  "material_ticker": "NS",
                },
              ],
              "outputs": [
                {
                  "material_amount": 8,
                  "material_ticker": "HCP",
                },
              ],
              "profitPerArea": 178.071054,
              "recipe_id": "HYF#14xH2O 1xNS=>8xHCP",
              "recipe_name": "14xH2O 1xNS=>8xHCP",
              "roi": 28.47983238,
              "time_ms": 30725462.3,
            },
            {
              "building_ticker": "HYF",
              "dailyRevenue": 4552.794643,
              "inputs": [
                {
                  "material_amount": 16,
                  "material_ticker": "H2O",
                },
                {
                  "material_amount": 1,
                  "material_ticker": "NS",
                },
              ],
              "outputs": [
                {
                  "material_amount": 6,
                  "material_ticker": "VEG",
                },
              ],
              "profitPerArea": 192.3716046,
              "recipe_id": "HYF#16xH2O 1xNS=>6xVEG",
              "recipe_name": "16xH2O 1xNS=>6xVEG",
              "roi": 26.36269411,
              "time_ms": 15362731.15,
            },
            {
              "building_ticker": "HYF",
              "dailyRevenue": 4219.827038,
              "inputs": [
                {
                  "material_amount": 16,
                  "material_ticker": "H2O",
                },
                {
                  "material_amount": 2,
                  "material_ticker": "NS",
                },
              ],
              "outputs": [
                {
                  "material_amount": 12,
                  "material_ticker": "ALG",
                },
              ],
              "profitPerArea": 178.3025509,
              "recipe_id": "HYF#16xH2O 2xNS=>12xALG",
              "recipe_name": "16xH2O 2xNS=>12xALG",
              "roi": 28.44285594,
              "time_ms": 34566145.09,
            },
            {
              "building_ticker": "HYF",
              "dailyRevenue": 917.3792134,
              "inputs": [
                {
                  "material_amount": 1,
                  "material_ticker": "NS",
                },
              ],
              "outputs": [
                {
                  "material_amount": 4,
                  "material_ticker": "MUS",
                },
              ],
              "profitPerArea": 38.76250198,
              "recipe_id": "HYF#1xNS=>4xMUS",
              "recipe_name": "1xNS=>4xMUS",
              "roi": 130.8334991,
              "time_ms": 23044096.73,
            },
            {
              "building_ticker": "HYF",
              "dailyRevenue": 2501.018346,
              "inputs": [
                {
                  "material_amount": 2,
                  "material_ticker": "NS",
                },
                {
                  "material_amount": 20,
                  "material_ticker": "H2O",
                },
              ],
              "outputs": [
                {
                  "material_amount": 12,
                  "material_ticker": "MAI",
                },
              ],
              "profitPerArea": 105.6768315,
              "recipe_id": "HYF#20xH2O 2xNS=>12xMAI",
              "recipe_name": "20xH2O 2xNS=>12xMAI",
              "roi": 47.99002484,
              "time_ms": 61450924.61,
            },
            {
              "building_ticker": "HYF",
              "dailyRevenue": 3834.63343,
              "inputs": [
                {
                  "material_amount": 22,
                  "material_ticker": "H2O",
                },
                {
                  "material_amount": 3,
                  "material_ticker": "NS",
                },
              ],
              "outputs": [
                {
                  "material_amount": 2,
                  "material_ticker": "CAF",
                },
              ],
              "profitPerArea": 162.0267646,
              "recipe_id": "HYF#22xH2O 3xNS=>2xCAF",
              "recipe_name": "22xH2O 3xNS=>2xCAF",
              "roi": 31.29997553,
              "time_ms": 19203413.94,
            },
            {
              "building_ticker": "HYF",
              "dailyRevenue": 2342.132603,
              "inputs": [
                {
                  "material_amount": 4,
                  "material_ticker": "NS",
                },
              ],
              "outputs": [
                {
                  "material_amount": 12,
                  "material_ticker": "MUS",
                },
              ],
              "profitPerArea": 98.96334942,
              "recipe_id": "HYF#4xNS=>12xMUS",
              "recipe_name": "4xNS=>12xMUS",
              "roi": 51.24557524,
              "time_ms": 38406827.88,
            },
          ],
          "totalBatchTime": 399431010,
          "totalEfficiency": 1.1248,
          "workforceDailyCost": -1320.810382,
          "workforceMaterials": [
            {
              "input": 2.6,
              "output": 0,
              "ticker": "DW",
            },
            {
              "input": 2.8,
              "output": 0,
              "ticker": "RAT",
            },
            {
              "input": 0.2,
              "output": 0,
              "ticker": "OVE",
            },
            {
              "input": 0.08,
              "output": 0,
              "ticker": "PWO",
            },
            {
              "input": 0.2,
              "output": 0,
              "ticker": "COF",
            },
            {
              "input": 0.1,
              "output": 0,
              "ticker": "EXO",
            },
            {
              "input": 0.1,
              "output": 0,
              "ticker": "PT",
            },
            {
              "input": 0.04,
              "output": 0,
              "ticker": "REP",
            },
            {
              "input": 0.2,
              "output": 0,
              "ticker": "KOM",
            },
          ],
        },
      ],
      "materialio": [
        {
          "input": 0,
          "output": 27.05325107,
          "ticker": "SIO",
        },
        {
          "input": 1127.259282,
          "output": 0,
          "ticker": "H2O",
        },
        {
          "input": 81.2896,
          "output": 379.3514667,
          "ticker": "DW",
        },
        {
          "input": 27.09653333,
          "output": 28.55261538,
          "ticker": "CAF",
        },
        {
          "input": 27.09653333,
          "output": 28.55261538,
          "ticker": "VEG",
        },
        {
          "input": 27.09653333,
          "output": 57.10523077,
          "ticker": "MAI",
        },
        {
          "input": 27.09653333,
          "output": 28.55261538,
          "ticker": "MUS",
        },
        {
          "input": 0,
          "output": 81.2896,
          "ticker": "COF",
        },
        {
          "input": 0,
          "output": 270.9653333,
          "ticker": "RAT",
        },
        {
          "input": 73.76092308,
          "output": 0,
          "ticker": "NS",
        },
        {
          "input": 0,
          "output": 57.10523077,
          "ticker": "HCP",
        },
      ],
    },
    "productionMaterialIO": [
      {
        "delta": 1.456082051,
        "individualVolume": 1,
        "individualWeight": 0.8600000143,
        "input": 27.09653333,
        "output": 28.55261538,
        "price": 2570.037098,
        "ticker": "CAF",
        "totalVolume": 1.456082051,
        "totalWeight": 1.252230585,
      },
      {
        "delta": 81.2896,
        "individualVolume": 0.1000000015,
        "individualWeight": 0.1000000015,
        "input": 0,
        "output": 81.2896,
        "price": 78779.82046,
        "ticker": "COF",
        "totalVolume": 8.128960121,
        "totalWeight": 8.128960121,
      },
      {
        "delta": 298.0618667,
        "individualVolume": 0.1000000015,
        "individualWeight": 0.1000000015,
        "input": 81.2896,
        "output": 379.3514667,
        "price": 33601.83527,
        "ticker": "DW",
        "totalVolume": 29.80618711,
        "totalWeight": 29.80618711,
      },
      {
        "delta": -1127.259282,
        "individualVolume": 0.200000003,
        "individualWeight": 0.200000003,
        "input": 1127.259282,
        "output": 0,
        "price": -53125.30646,
        "ticker": "H2O",
        "totalVolume": -225.4518598,
        "totalWeight": -225.4518598,
      },
      {
        "delta": 57.10523077,
        "individualVolume": 1,
        "individualWeight": 0.8000000119,
        "input": 0,
        "output": 57.10523077,
        "price": 23306.4657,
        "ticker": "HCP",
        "totalVolume": 57.10523077,
        "totalWeight": 45.6841853,
      },
      {
        "delta": 30.00869744,
        "individualVolume": 1,
        "individualWeight": 1.299999952,
        "input": 27.09653333,
        "output": 57.10523077,
        "price": 12339.83354,
        "ticker": "MAI",
        "totalVolume": 30.00869744,
        "totalWeight": 39.01130524,
      },
      {
        "delta": 1.456082051,
        "individualVolume": 1,
        "individualWeight": 0.8000000119,
        "input": 27.09653333,
        "output": 28.55261538,
        "price": 427.5544421,
        "ticker": "MUS",
        "totalVolume": 1.456082051,
        "totalWeight": 1.164865658,
      },
      {
        "delta": -73.76092308,
        "individualVolume": 0.5,
        "individualWeight": 0.6000000238,
        "input": 73.76092308,
        "output": 0,
        "price": -29484.63016,
        "ticker": "NS",
        "totalVolume": -36.88046154,
        "totalWeight": -44.2565556,
      },
      {
        "delta": 270.9653333,
        "individualVolume": 0.1000000015,
        "individualWeight": 0.2099999934,
        "input": 0,
        "output": 270.9653333,
        "price": 44226.14387,
        "ticker": "RAT",
        "totalVolume": 27.09653374,
        "totalWeight": 56.90271822,
      },
      {
        "delta": 27.05325107,
        "individualVolume": 1,
        "individualWeight": 1.789999962,
        "input": 0,
        "output": 27.05325107,
        "price": 4690.41526,
        "ticker": "SIO",
        "totalVolume": 27.05325107,
        "totalWeight": 48.42531839,
      },
      {
        "delta": 1.456082051,
        "individualVolume": 1,
        "individualWeight": 1.100000024,
        "input": 27.09653333,
        "output": 28.55261538,
        "price": 562.2232129,
        "ticker": "VEG",
        "totalVolume": 1.456082051,
        "totalWeight": 1.601690291,
      },
    ],
    "profit": 79442.94364,
    "revenue": 177096.3443,
    "storage": {
      "STA": 0,
      "STE": 0,
      "STO": 1,
      "STV": 0,
      "STW": 0,
    },
    "workforce": {
      "engineer": {
        "capacity": 0,
        "efficiency": 0,
        "left": 0,
        "lux1": false,
        "lux2": false,
        "name": "engineer",
        "required": 0,
      },
      "pioneer": {
        "capacity": 2200,
        "efficiency": 1,
        "left": 940,
        "lux1": true,
        "lux2": true,
        "name": "pioneer",
        "required": 1260,
      },
      "scientist": {
        "capacity": 0,
        "efficiency": 0,
        "left": 0,
        "lux1": false,
        "lux2": false,
        "name": "scientist",
        "required": 0,
      },
      "settler": {
        "capacity": 300,
        "efficiency": 1,
        "left": 80,
        "lux1": true,
        "lux2": true,
        "name": "settler",
        "required": 220,
      },
      "technician": {
        "capacity": 0,
        "efficiency": 0,
        "left": 0,
        "lux1": false,
        "lux2": false,
        "name": "technician",
        "required": 0,
      },
    },
    "workforceMaterialIO": [
      {
        "delta": -6.3,
        "individualVolume": 0.1000000015,
        "individualWeight": 0.1000000015,
        "input": 6.3,
        "output": 0,
        "price": -6105.490356,
        "ticker": "COF",
        "totalVolume": -0.6300000094,
        "totalWeight": -0.6300000094,
      },
      {
        "delta": -61.4,
        "individualVolume": 0.1000000015,
        "individualWeight": 0.1000000015,
        "input": 61.4,
        "output": 0,
        "price": -6921.894131,
        "ticker": "DW",
        "totalVolume": -6.140000091,
        "totalWeight": -6.140000091,
      },
      {
        "delta": -1.1,
        "individualVolume": 0.05000000075,
        "individualWeight": 0.1000000015,
        "input": 1.1,
        "output": 0,
        "price": -342.8792697,
        "ticker": "EXO",
        "totalVolume": -0.05500000082,
        "totalWeight": -0.1100000016,
      },
      {
        "delta": -2.2,
        "individualVolume": 0.1000000015,
        "individualWeight": 0.1000000015,
        "input": 2.2,
        "output": 0,
        "price": -2295.578694,
        "ticker": "KOM",
        "totalVolume": -0.2200000033,
        "totalWeight": -0.2200000033,
      },
      {
        "delta": -6.3,
        "individualVolume": 0.02500000037,
        "individualWeight": 0.01999999955,
        "input": 6.3,
        "output": 0,
        "price": -768.8287824,
        "ticker": "OVE",
        "totalVolume": -0.1575000023,
        "totalWeight": -0.1259999972,
      },
      {
        "delta": -1.1,
        "individualVolume": 0.200000003,
        "individualWeight": 0.25,
        "input": 1.1,
        "output": 0,
        "price": -609.2164368,
        "ticker": "PT",
        "totalVolume": -0.2200000033,
        "totalWeight": -0.275,
      },
      {
        "delta": -2.52,
        "individualVolume": 0.05000000075,
        "individualWeight": 0.05000000075,
        "input": 2.52,
        "output": 0,
        "price": -879.4670534,
        "ticker": "PWO",
        "totalVolume": -0.1260000019,
        "totalWeight": -0.1260000019,
      },
      {
        "delta": -63.6,
        "individualVolume": 0.1000000015,
        "individualWeight": 0.2099999934,
        "input": 63.6,
        "output": 0,
        "price": -10380.60004,
        "ticker": "RAT",
        "totalVolume": -6.360000095,
        "totalWeight": -13.35599958,
      },
      {
        "delta": -0.44,
        "individualVolume": 0.002000000095,
        "individualWeight": 0.006000000052,
        "input": 0.44,
        "output": 0,
        "price": -322.2806406,
        "ticker": "REP",
        "totalVolume": -0.0008800000418,
        "totalWeight": -0.002640000023,
      },
    ],
  },
  "visitationData": {
    "dailyVolume": 263.1117013,
    "dailyVolumeExport": 170.4371062,
    "dailyVolumeImport": 263.1117013,
    "dailyWeight": 270.5680554,
    "dailyWeightExport": 211.8514612,
    "dailyWeightImport": 270.5680554,
    "storageFilled": 24.02353076,
  },
}