{
  "overviewData": {
    "dailyCost": 0,
    "dailyDegradationCost": 3690.021937,
    "dailyProfit": 0,
    "profit": -3690.021937,
    "roi": -227.3211934,
    "totalConstructionCost": 838820.1903,
  },
  "result": {
    "area": {
      "areaLeft": 835,
      "areaTotal": 1000,
      "areaUsed": 165,
      "permits": 3,
    },
    "cogc": "RESOURCE_EXTRACTION",
    "constructionMaterials": [
      {
        "amount": 4,
        "materials": [
          {
            "input": 4,
            "output": 0,
            "ticker": "TRU",
          },
          {
            "input": 2,
            "output": 0,
            "ticker": "BSE",
          },
          {
            "input": 16,
            "output": 0,
            "ticker": "MHL",
          },
          {
            "input": 4,
            "output": 0,
            "ticker": "LBH",
          },
          {
            "input": 60,
            "output": 0,
            "ticker": "MCG",
          },
        ],
        "ticker": "HYF",
      },
      {
        "amount": 6,
        "materials": [
          {
            "input": 12,
            "output": 0,
            "ticker": "BSE",
          },
          {
            "input": 40,
            "output": 0,
            "ticker": "MCG",
          },
        ],
        "ticker": "RIG",
      },
      {
        "amount": 2,
        "materials": [
          {
            "input": 2,
            "output": 0,
            "ticker": "BDE",
          },
          {
            "input": 4,
            "output": 0,
            "ticker": "BSE",
          },
          {
            "input": 3,
            "output": 0,
            "ticker": "BBH",
          },
          {
            "input": 1,
            "output": 0,
            "ticker": "BTA",
          },
          {
            "input": 40,
            "output": 0,
            "ticker": "MCG",
          },
        ],
        "ticker": "INC",
      },
      {
        "amount": 1,
        "materials": [
          {
            "input": 12,
            "output": 0,
            "ticker": "PSL",
          },
          {
            "input": 4,
            "output": 0,
            "ticker": "LDE",
          },
          {
            "input": 8,
            "output": 0,
            "ticker": "TRU",
          },
          {
            "input": 4,
            "output": 0,
            "ticker": "LTA",
          },
          {
            "input": 4,
            "output": 0,
            "ticker": "LSE",
          },
          {
            "input": 100,
            "output": 0,
            "ticker": "MCG",
          },
        ],
        "ticker": "CM",
      },
    ],
    "corphq": false,
    "cost": 3690.021937,
    "done": true,
    "experts": {
      "Agriculture": {
        "amount": 2,
        "bonus": 0.0696,
        "name": "Agriculture",
      },
      "Chemistry": {
        "amount": 0,
        "bonus": 0,
        "name": "Chemistry",
      },
      "Construction": {
        "amount": 0,
        "bonus": 0,
        "name": "Construction",
      },
      "Electronics": {
        "amount": 0,
        "bonus": 0,
        "name": "Electronics",
      },
      "Food_Industries": {
        "amount": 2,
        "bonus": 0.0696,
        "name": "Food_Industries",
      },
      "Fuel_Refining": {
        "amount": 0,
        "bonus": 0,
        "name": "Fuel_Refining",
      },
      "Manufacturing": {
        "amount": 0,
        "bonus": 0,
        "name": "Manufacturing",
      },
      "Metallurgy": {
        "amount": 0,
        "bonus": 0,
        "name": "Metallurgy",
      },
      "Resource_Extraction": {
        "amount": 1,
        "bonus": 0.0306,
        "name": "Resource_Extraction",
      },
    },
    "infrastructure": {
      "HB1": 0,
      "HB2": 0,
      "HB3": 0,
      "HB4": 0,
      "HB5": 0,
      "HBB": 0,
      "HBC": 0,
      "HBL": 0,
      "HBM": 0,
      "STA": 0,
      "STE": 0,
      "STO": 0,
      "STV": 0,
      "STW": 0,
    },
    "infrastructureCosts": {
      "HB1": 21377.66409,
      "HB2": 19220.93313,
      "HB3": 158536.0945,
      "HB4": 496865.0725,
      "HB5": 880261.1048,
      "HBB": 55449.76941,
      "HBC": 177654.6256,
      "HBL": 1220806.04,
      "HBM": 784941.0274,
      "STA": 17688.41201,
      "STE": 5454872.383,
      "STO": 35236.25657,
      "STV": 171967.5716,
      "STW": 578210.9748,
    },
    "materialio": [
      {
        "delta": 0,
        "individualVolume": 1,
        "individualWeight": 0.8600000143,
        "input": 0,
        "output": 0,
        "price": 0,
        "ticker": "CAF",
        "totalVolume": 0,
        "totalWeight": 0,
      },
      {
        "delta": 0,
        "individualVolume": 0.200000003,
        "individualWeight": 0.200000003,
        "input": 0,
        "output": 0,
        "price": 0,
        "ticker": "H2O",
        "totalVolume": 0,
        "totalWeight": 0,
      },
      {
        "delta": 0,
        "individualVolume": 1,
        "individualWeight": 0.8000000119,
        "input": 0,
        "output": 0,
        "price": 0,
        "ticker": "MUS",
        "totalVolume": 0,
        "totalWeight": 0,
      },
      {
        "delta": 0,
        "individualVolume": 0.5,
        "individualWeight": 0.6000000238,
        "input": 0,
        "output": 0,
        "price": 0,
        "ticker": "NS",
        "totalVolume": 0,
        "totalWeight": 0,
      },
    ],
    "production": {
      "buildings": [
        {
          "activeRecipes": [
            {
              "amount": 3,
              "cogm": {
                "degradation": 666.7996251,
                "degradationShare": "Infinity",
                "efficiency": 0,
                "inputCost": [
                  {
                    "amount": 22,
                    "costTotal": 1036.812702,
                    "costUnit": 47.12785009,
                    "ticker": "H2O",
                  },
                  {
                    "amount": 3,
                    "costTotal": 1199.197174,
                    "costUnit": 399.7323913,
                    "ticker": "NS",
                  },
                ],
                "inputTotal": 2236.009876,
                "outputCOGM": [
                  {
                    "amount": 2,
                    "costSplit": "Infinity",
                    "costTotal": "Infinity",
                    "ticker": "CAF",
                  },
                ],
                "outputRevenue": 3530.071806,
                "runtime": "Infinity",
                "runtimeShare": "Infinity",
                "totalCost": "Infinity",
                "totalProfit": "-Infinity",
                "visible": false,
                "workforceCost": "Infinity",
                "workforceCostTotal": 1320.810382,
              },
              "dailyShare": "NaN",
              "recipe": {
                "building_ticker": "HYF",
                "dailyRevenue": 0,
                "inputs": [
                  {
                    "material_amount": 22,
                    "material_ticker": "H2O",
                  },
                  {
                    "material_amount": 3,
                    "material_ticker": "NS",
                  },
                ],
                "outputs": [
                  {
                    "material_amount": 2,
                    "material_ticker": "CAF",
                  },
                ],
                "profitPerArea": 0,
                "recipe_id": "HYF#22xH2O 3xNS=>2xCAF",
                "recipe_name": "22xH2O 3xNS=>2xCAF",
                "roi": 0,
                "time_ms": 21600000,
              },
              "recipeId": "HYF#22xH2O 3xNS=>2xCAF",
              "time": "Infinity",
            },
            {
              "amount": 1,
              "cogm": {
                "degradation": 666.7996251,
                "degradationShare": "Infinity",
                "efficiency": 0,
                "inputCost": [
                  {
                    "amount": 4,
                    "costTotal": 1598.929565,
                    "costUnit": 399.7323913,
                    "ticker": "NS",
                  },
                ],
                "inputTotal": 1598.929565,
                "outputCOGM": [
                  {
                    "amount": 12,
                    "costSplit": "Infinity",
                    "costTotal": "Infinity",
                    "ticker": "MUS",
                  },
                ],
                "outputRevenue": 3523.601778,
                "runtime": "Infinity",
                "runtimeShare": "Infinity",
                "totalCost": "Infinity",
                "totalProfit": "-Infinity",
                "visible": false,
                "workforceCost": "Infinity",
                "workforceCostTotal": 1320.810382,
              },
              "dailyShare": "NaN",
              "recipe": {
                "building_ticker": "HYF",
                "dailyRevenue": 0,
                "inputs": [
                  {
                    "material_amount": 4,
                    "material_ticker": "NS",
                  },
                ],
                "outputs": [
                  {
                    "material_amount": 12,
                    "material_ticker": "MUS",
                  },
                ],
                "profitPerArea": 0,
                "recipe_id": "HYF#4xNS=>12xMUS",
                "recipe_name": "4xNS=>12xMUS",
                "roi": 0,
                "time_ms": 43200000,
              },
              "recipeId": "HYF#4xNS=>12xMUS",
              "time": "Infinity",
            },
          ],
          "amount": 4,
          "areaUsed": 60,
          "constructionCost": -120023.9325,
          "constructionMaterials": [
            {
              "input": 4,
              "output": 0,
              "ticker": "TRU",
            },
            {
              "input": 2,
              "output": 0,
              "ticker": "BSE",
            },
            {
              "input": 16,
              "output": 0,
              "ticker": "MHL",
            },
            {
              "input": 4,
              "output": 0,
              "ticker": "LBH",
            },
            {
              "input": 60,
              "output": 0,
              "ticker": "MCG",
            },
          ],
          "dailyRevenue": -7950.44003,
          "efficiencyElements": [
            {
              "efficiencyType": "EXPERT",
              "value": 1.0696,
            },
            {
              "efficiencyType": "WORKFORCE",
              "value": 0,
            },
          ],
          "expertise": "AGRICULTURE",
          "name": "HYF",
          "totalBatchTime": "Infinity",
          "totalEfficiency": 0,
          "workforceDailyCost": -1320.810382,
          "workforceMaterials": [
            {
              "input": 2.6,
              "output": 0,
              "ticker": "DW",
            },
            {
              "input": 2.8,
              "output": 0,
              "ticker": "RAT",
            },
            {
              "input": 0.2,
              "output": 0,
              "ticker": "OVE",
            },
            {
              "input": 0.08,
              "output": 0,
              "ticker": "PWO",
            },
            {
              "input": 0.2,
              "output": 0,
              "ticker": "COF",
            },
            {
              "input": 0.1,
              "output": 0,
              "ticker": "EXO",
            },
            {
              "input": 0.1,
              "output": 0,
              "ticker": "PT",
            },
            {
              "input": 0.04,
              "output": 0,
              "ticker": "REP",
            },
            {
              "input": 0.2,
              "output": 0,
              "ticker": "KOM",
            },
          ],
        },
        {
          "activeRecipes": [
            {
              "amount": 1,
              "cogm": {
                "degradation": 128.7944574,
                "degradationShare": "Infinity",
                "efficiency": 0,
                "inputCost": [],
                "inputTotal": 0,
                "outputCOGM": [
                  {
                    "amount": 9,
                    "costSplit": "Infinity",
                    "costTotal": "Infinity",
                    "ticker": "H2O",
                  },
                ],
                "outputRevenue": 424.1506508,
                "runtime": "Infinity",
                "runtimeShare": "Infinity",
                "totalCost": "Infinity",
                "totalProfit": "-Infinity",
                "visible": false,
                "workforceCost": "Infinity",
                "workforceCostTotal": 515.7556536,
              },
              "dailyShare": "NaN",
              "recipe": {
                "building_ticker": "RIG",
                "dailyRevenue": 0,
                "inputs": [],
                "outputs": [
                  {
                    "material_amount": 9,
                    "material_ticker": "H2O",
                  },
                ],
                "profitPerArea": 0,
                "recipe_id": "RIG#H2O",
                "recipe_name": "RIG",
                "roi": 0,
                "time_ms": 18514284.98,
              },
              "recipeId": "RIG#H2O",
              "time": "Infinity",
            },
          ],
          "amount": 6,
          "areaUsed": 60,
          "constructionCost": -23183.00233,
          "constructionMaterials": [
            {
              "input": 12,
              "output": 0,
              "ticker": "BSE",
            },
            {
              "input": 40,
              "output": 0,
              "ticker": "MCG",
            },
          ],
          "dailyRevenue": -3867.300666,
          "efficiencyElements": [
            {
              "efficiencyType": "COGC",
              "value": 1.25,
            },
            {
              "efficiencyType": "EXPERT",
              "value": 1.0306,
            },
            {
              "efficiencyType": "WORKFORCE",
              "value": 0,
            },
          ],
          "expertise": "RESOURCE_EXTRACTION",
          "name": "RIG",
          "totalBatchTime": "Infinity",
          "totalEfficiency": 0,
          "workforceDailyCost": -515.7556536,
          "workforceMaterials": [
            {
              "input": 1.2,
              "output": 0,
              "ticker": "DW",
            },
            {
              "input": 1.2,
              "output": 0,
              "ticker": "RAT",
            },
            {
              "input": 0.15,
              "output": 0,
              "ticker": "OVE",
            },
            {
              "input": 0.06,
              "output": 0,
              "ticker": "PWO",
            },
            {
              "input": 0.15,
              "output": 0,
              "ticker": "COF",
            },
          ],
        },
        {
          "activeRecipes": [],
          "amount": 2,
          "areaUsed": 20,
          "constructionCost": -22505.10232,
          "constructionMaterials": [
            {
              "input": 2,
              "output": 0,
              "ticker": "BDE",
            },
            {
              "input": 4,
              "output": 0,
              "ticker": "BSE",
            },
            {
              "input": 3,
              "output": 0,
              "ticker": "BBH",
            },
            {
              "input": 1,
              "output": 0,
              "ticker": "BTA",
            },
            {
              "input": 40,
              "output": 0,
              "ticker": "MCG",
            },
          ],
          "dailyRevenue": -1625.405102,
          "efficiencyElements": [
            {
              "efficiencyType": "COGC",
              "value": 1.25,
            },
            {
              "efficiencyType": "EXPERT",
              "value": 1.0306,
            },
            {
              "efficiencyType": "WORKFORCE",
              "value": 0,
            },
          ],
          "expertise": "RESOURCE_EXTRACTION",
          "name": "INC",
          "totalBatchTime": 0,
          "totalEfficiency": 0,
          "workforceDailyCost": -687.6742048,
          "workforceMaterials": [
            {
              "input": 1.6,
              "output": 0,
              "ticker": "DW",
            },
            {
              "input": 1.6,
              "output": 0,
              "ticker": "RAT",
            },
            {
              "input": 0.2,
              "output": 0,
              "ticker": "OVE",
            },
            {
              "input": 0.08,
              "output": 0,
              "ticker": "PWO",
            },
            {
              "input": 0.2,
              "output": 0,
              "ticker": "COF",
            },
          ],
        },
      ],
      "materialio": [
        {
          "input": 0,
          "output": 0,
          "ticker": "H2O",
        },
        {
          "input": 0,
          "output": 0,
          "ticker": "NS",
        },
        {
          "input": 0,
          "output": 0,
          "ticker": "CAF",
        },
        {
          "input": 0,
          "output": 0,
          "ticker": "MUS",
        },
      ],
    },
    "productionMaterialIO": [
      {
        "delta": 0,
        "individualVolume": 1,
        "individualWeight": 0.8600000143,
        "input": 0,
        "output": 0,
        "price": 0,
        "ticker": "CAF",
        "totalVolume": 0,
        "totalWeight": 0,
      },
      {
        "delta": 0,
        "individualVolume": 0.200000003,
        "individualWeight": 0.200000003,
        "input": 0,
        "output": 0,
        "price": 0,
        "ticker": "H2O",
        "totalVolume": 0,
        "totalWeight": 0,
      },
      {
        "delta": 0,
        "individualVolume": 1,
        "individualWeight": 0.8000000119,
        "input": 0,
        "output": 0,
        "price": 0,
        "ticker": "MUS",
        "totalVolume": 0,
        "totalWeight": 0,
      },
      {
        "delta": 0,
        "individualVolume": 0.5,
        "individualWeight": 0.6000000238,
        "input": 0,
        "output": 0,
        "price": 0,
        "ticker": "NS",
        "totalVolume": 0,
        "totalWeight": 0,
      },
    ],
    "profit": -3690.021937,
    "revenue": 0,
    "storage": {
      "STA": 0,
      "STE": 0,
      "STO": 0,
      "STV": 0,
      "STW": 0,
    },
    "workforce": {
      "engineer": {
        "capacity": 0,
        "efficiency": 0,
        "left": 0,
        "lux1": false,
        "lux2": false,
        "name": "engineer",
        "required": 0,
      },
      "pioneer": {
        "capacity": 0,
        "efficiency": 0,
        "left": -420,
        "lux1": true,
        "lux2": true,
        "name": "pioneer",
        "required": 420,
      },
      "scientist": {
        "capacity": 0,
        "efficiency": 0,
        "left": 0,
        "lux1": false,
        "lux2": false,
        "name": "scientist",
        "required": 0,
      },
      "settler": {
        "capacity": 0,
        "efficiency": 0,
        "left": -80,
        "lux1": true,
        "lux2": true,
        "name": "settler",
        "required": 80,
      },
      "technician": {
        "capacity": 0,
        "efficiency": 0,
        "left": 0,
        "lux1": false,
        "lux2": false,
        "name": "technician",
        "required": 0,
      },
    },
    "workforceMaterialIO": [],
  },
  "visitationData": {
    "dailyVolume": 0,
    "dailyVolumeExport": 0,
    "dailyVolumeImport": 0,
    "dailyWeight": 0,
    "dailyWeightExport": 0,
    "dailyWeightImport": 0,
    "storageFilled": "Infinity",
  },
}